../Core/Src/ds3231.c:21:6:DS3231_Init	16	static
../Core/Src/ds3231.c:35:6:DS3231_SetRegByte	32	static
../Core/Src/ds3231.c:45:9:DS3231_GetRegByte	32	static
../Core/Src/ds3231.c:56:6:DS3231_EnableBatterySquareWave	24	static
../Core/Src/ds3231.c:65:6:DS3231_SetInterruptMode	24	static
../Core/Src/ds3231.c:74:6:DS3231_SetRateSelect	24	static
../Core/Src/ds3231.c:83:6:DS3231_EnableOscillator	24	static
../Core/Src/ds3231.c:92:6:DS3231_EnableAlarm2	24	static
../Core/Src/ds3231.c:101:6:DS3231_ClearAlarm2Flag	16	static
../Core/Src/ds3231.c:110:6:DS3231_SetAlarm2Minute	24	static
../Core/Src/ds3231.c:120:6:DS3231_SetAlarm2Hour	24	static
../Core/Src/ds3231.c:130:6:DS3231_SetAlarm2Date	24	static
../Core/Src/ds3231.c:140:6:DS3231_SetAlarm2Day	24	static
../Core/Src/ds3231.c:150:6:DS3231_SetAlarm2Mode	24	static
../Core/Src/ds3231.c:164:6:DS3231_EnableAlarm1	24	static
../Core/Src/ds3231.c:173:6:DS3231_ClearAlarm1Flag	16	static
../Core/Src/ds3231.c:182:6:DS3231_SetAlarm1Second	24	static
../Core/Src/ds3231.c:192:6:DS3231_SetAlarm1Minute	24	static
../Core/Src/ds3231.c:202:6:DS3231_SetAlarm1Hour	24	static
../Core/Src/ds3231.c:212:6:DS3231_SetAlarm1Date	24	static
../Core/Src/ds3231.c:222:6:DS3231_SetAlarm1Day	24	static
../Core/Src/ds3231.c:232:6:DS3231_SetAlarm1Mode	24	static
../Core/Src/ds3231.c:248:9:DS3231_IsOscillatorStopped	8	static
../Core/Src/ds3231.c:256:9:DS3231_Is32kHzEnabled	8	static
../Core/Src/ds3231.c:264:9:DS3231_IsAlarm1Triggered	8	static
../Core/Src/ds3231.c:272:9:DS3231_IsAlarm2Triggered	8	static
../Core/Src/ds3231.c:280:9:DS3231_GetDayOfWeek	8	static
../Core/Src/ds3231.c:288:9:DS3231_GetDate	8	static
../Core/Src/ds3231.c:296:9:DS3231_GetMonth	8	static
../Core/Src/ds3231.c:304:10:DS3231_GetYear	16	static
../Core/Src/ds3231.c:314:9:DS3231_GetHour	8	static
../Core/Src/ds3231.c:322:9:DS3231_GetMinute	8	static
../Core/Src/ds3231.c:330:9:DS3231_GetSecond	8	static
../Core/Src/ds3231.c:338:6:DS3231_SetDayOfWeek	16	static
../Core/Src/ds3231.c:346:6:DS3231_SetDate	16	static
../Core/Src/ds3231.c:354:6:DS3231_SetMonth	24	static
../Core/Src/ds3231.c:363:6:DS3231_SetYear	24	static
../Core/Src/ds3231.c:374:6:DS3231_SetHour	16	static
../Core/Src/ds3231.c:382:6:DS3231_SetMinute	16	static
../Core/Src/ds3231.c:390:6:DS3231_SetSecond	16	static
../Core/Src/ds3231.c:400:6:DS3231_SetFullTime	16	static
../Core/Src/ds3231.c:413:6:DS3231_SetFullDate	24	static
../Core/Src/ds3231.c:425:9:DS3231_DecodeBCD	16	static
../Core/Src/ds3231.c:434:9:DS3231_EncodeBCD	16	static
../Core/Src/ds3231.c:442:6:DS3231_Enable32kHzOutput	24	static
../Core/Src/ds3231.c:451:8:DS3231_GetTemperatureInteger	8	static
../Core/Src/ds3231.c:459:9:DS3231_GetTemperatureFraction	8	static
