../Core/Src/freertos.c:351:6:MX_FREERTOS_Init	8	static
../Core/Src/freertos.c:504:6:StartTaskRTC	128	static
../Core/Src/freertos.c:645:6:StartTaskBme280	40	static
../Core/Src/freertos.c:688:6:StartTaskBH1750	24	static
../Core/Src/freertos.c:736:6:StartTaskSSD1306	448	static
../Core/Src/freertos.c:857:6:StartTaskPumpON	16	static
../Core/Src/freertos.c:880:6:StartTaskPumpOFF	16	static
../Core/Src/freertos.c:902:6:StartTaskCounterPump	24	static
../Core/Src/freertos.c:942:6:StartTaskAlarmCounter	24	static
../Core/Src/freertos.c:982:6:StartTaskSdCard	1632	static
../Core/Src/freertos.c:1118:6:StartTaskINA219	48	static
../Core/Src/freertos.c:1167:6:CallbackTimerBmeData	16	static
../Core/Src/freertos.c:1175:6:CallbackTimerBh1750Data	16	static
../Core/Src/freertos.c:1183:6:CallbackTimerRTC	16	static
../Core/Src/freertos.c:1191:6:CallbackTimerSDCard	16	static
../Core/Src/freertos.c:1199:6:CallbackTimerINA219	16	static
../Core/Src/freertos.c:1244:6:_putchar	16	static
