../Core/Src/freertos.c:409:6:MX_FREERTOS_Init	8	static
../Core/Src/freertos.c:583:6:StartTaskRTC	128	static
../Core/Src/freertos.c:775:6:StartTaskBme280	40	static
../Core/Src/freertos.c:819:6:StartTaskBH1750	24	static
../Core/Src/freertos.c:867:6:StartTaskSSD1306	584	static
../Core/Src/freertos.c:1013:6:StartTaskPumpON	16	static
../Core/Src/freertos.c:1036:6:StartTaskPumpOFF	16	static
../Core/Src/freertos.c:1058:6:StartTaskCounterPump	24	static
../Core/Src/freertos.c:1098:6:StartTaskAlarmCounter	24	static
../Core/Src/freertos.c:1138:6:StartTaskSdCard	1760	static
../Core/Src/freertos.c:1284:6:StartTaskINA219	48	static
../Core/Src/freertos.c:1347:6:StartTaskINA219PV	48	static
../Core/Src/freertos.c:1408:6:StartTaskDS3231	48	static
../Core/Src/freertos.c:1455:6:CallbackTimerBmeData	16	static
../Core/Src/freertos.c:1463:6:CallbackTimerBh1750Data	16	static
../Core/Src/freertos.c:1471:6:CallbackTimerRTC	16	static
../Core/Src/freertos.c:1479:6:CallbackTimerSDCard	16	static
../Core/Src/freertos.c:1487:6:CallbackTimerINA219	16	static
../Core/Src/freertos.c:1495:6:CallbackTimerINA219Bat	16	static
../Core/Src/freertos.c:1540:6:_putchar	16	static
