Archive member included to satisfy reference by file (symbol)

C:/ST/STM32CubeIDE_1.12.0/STM32CubeIDE/plugins/com.st.stm32cube.ide.mcu.externaltools.gnu-tools-for-stm32.11.3.rel1.win32_1.1.0.202305231506/tools/bin/../lib/gcc/arm-none-eabi/11.3.1/../../../../arm-none-eabi/lib/thumb/v7e-m+fp/hard\libc_nano.a(libc_a-exit.o)
                              C:/ST/STM32CubeIDE_1.12.0/STM32CubeIDE/plugins/com.st.stm32cube.ide.mcu.externaltools.gnu-tools-for-stm32.11.3.rel1.win32_1.1.0.202305231506/tools/bin/../lib/gcc/arm-none-eabi/11.3.1/../../../../arm-none-eabi/lib/thumb/v7e-m+fp/hard/crt0.o (exit)
C:/ST/STM32CubeIDE_1.12.0/STM32CubeIDE/plugins/com.st.stm32cube.ide.mcu.externaltools.gnu-tools-for-stm32.11.3.rel1.win32_1.1.0.202305231506/tools/bin/../lib/gcc/arm-none-eabi/11.3.1/../../../../arm-none-eabi/lib/thumb/v7e-m+fp/hard\libc_nano.a(libc_a-nano-vfprintf_float.o)
                              (_printf_float)
C:/ST/STM32CubeIDE_1.12.0/STM32CubeIDE/plugins/com.st.stm32cube.ide.mcu.externaltools.gnu-tools-for-stm32.11.3.rel1.win32_1.1.0.202305231506/tools/bin/../lib/gcc/arm-none-eabi/11.3.1/../../../../arm-none-eabi/lib/thumb/v7e-m+fp/hard\libc_nano.a(libc_a-nano-vfprintf_i.o)
                              C:/ST/STM32CubeIDE_1.12.0/STM32CubeIDE/plugins/com.st.stm32cube.ide.mcu.externaltools.gnu-tools-for-stm32.11.3.rel1.win32_1.1.0.202305231506/tools/bin/../lib/gcc/arm-none-eabi/11.3.1/../../../../arm-none-eabi/lib/thumb/v7e-m+fp/hard\libc_nano.a(libc_a-nano-vfprintf_float.o) (_printf_common)
C:/ST/STM32CubeIDE_1.12.0/STM32CubeIDE/plugins/com.st.stm32cube.ide.mcu.externaltools.gnu-tools-for-stm32.11.3.rel1.win32_1.1.0.202305231506/tools/bin/../lib/gcc/arm-none-eabi/11.3.1/../../../../arm-none-eabi/lib/thumb/v7e-m+fp/hard\libc_nano.a(libc_a-findfp.o)
                              ./Middlewares/Third_Party/FreeRTOS/Source/tasks.o (__sf)
C:/ST/STM32CubeIDE_1.12.0/STM32CubeIDE/plugins/com.st.stm32cube.ide.mcu.externaltools.gnu-tools-for-stm32.11.3.rel1.win32_1.1.0.202305231506/tools/bin/../lib/gcc/arm-none-eabi/11.3.1/../../../../arm-none-eabi/lib/thumb/v7e-m+fp/hard\libc_nano.a(libc_a-fwalk.o)
                              C:/ST/STM32CubeIDE_1.12.0/STM32CubeIDE/plugins/com.st.stm32cube.ide.mcu.externaltools.gnu-tools-for-stm32.11.3.rel1.win32_1.1.0.202305231506/tools/bin/../lib/gcc/arm-none-eabi/11.3.1/../../../../arm-none-eabi/lib/thumb/v7e-m+fp/hard\libc_nano.a(libc_a-findfp.o) (_fwalk_sglue)
C:/ST/STM32CubeIDE_1.12.0/STM32CubeIDE/plugins/com.st.stm32cube.ide.mcu.externaltools.gnu-tools-for-stm32.11.3.rel1.win32_1.1.0.202305231506/tools/bin/../lib/gcc/arm-none-eabi/11.3.1/../../../../arm-none-eabi/lib/thumb/v7e-m+fp/hard\libc_nano.a(libc_a-stdio.o)
                              C:/ST/STM32CubeIDE_1.12.0/STM32CubeIDE/plugins/com.st.stm32cube.ide.mcu.externaltools.gnu-tools-for-stm32.11.3.rel1.win32_1.1.0.202305231506/tools/bin/../lib/gcc/arm-none-eabi/11.3.1/../../../../arm-none-eabi/lib/thumb/v7e-m+fp/hard\libc_nano.a(libc_a-findfp.o) (__sread)
C:/ST/STM32CubeIDE_1.12.0/STM32CubeIDE/plugins/com.st.stm32cube.ide.mcu.externaltools.gnu-tools-for-stm32.11.3.rel1.win32_1.1.0.202305231506/tools/bin/../lib/gcc/arm-none-eabi/11.3.1/../../../../arm-none-eabi/lib/thumb/v7e-m+fp/hard\libc_nano.a(libc_a-memset.o)
                              C:/ST/STM32CubeIDE_1.12.0/STM32CubeIDE/plugins/com.st.stm32cube.ide.mcu.externaltools.gnu-tools-for-stm32.11.3.rel1.win32_1.1.0.202305231506/tools/bin/../lib/gcc/arm-none-eabi/11.3.1/../../../../arm-none-eabi/lib/thumb/v7e-m+fp/hard/crt0.o (memset)
C:/ST/STM32CubeIDE_1.12.0/STM32CubeIDE/plugins/com.st.stm32cube.ide.mcu.externaltools.gnu-tools-for-stm32.11.3.rel1.win32_1.1.0.202305231506/tools/bin/../lib/gcc/arm-none-eabi/11.3.1/../../../../arm-none-eabi/lib/thumb/v7e-m+fp/hard\libc_nano.a(libc_a-localeconv.o)
                              C:/ST/STM32CubeIDE_1.12.0/STM32CubeIDE/plugins/com.st.stm32cube.ide.mcu.externaltools.gnu-tools-for-stm32.11.3.rel1.win32_1.1.0.202305231506/tools/bin/../lib/gcc/arm-none-eabi/11.3.1/../../../../arm-none-eabi/lib/thumb/v7e-m+fp/hard\libc_nano.a(libc_a-nano-vfprintf_float.o) (_localeconv_r)
C:/ST/STM32CubeIDE_1.12.0/STM32CubeIDE/plugins/com.st.stm32cube.ide.mcu.externaltools.gnu-tools-for-stm32.11.3.rel1.win32_1.1.0.202305231506/tools/bin/../lib/gcc/arm-none-eabi/11.3.1/../../../../arm-none-eabi/lib/thumb/v7e-m+fp/hard\libc_nano.a(libc_a-closer.o)
                              C:/ST/STM32CubeIDE_1.12.0/STM32CubeIDE/plugins/com.st.stm32cube.ide.mcu.externaltools.gnu-tools-for-stm32.11.3.rel1.win32_1.1.0.202305231506/tools/bin/../lib/gcc/arm-none-eabi/11.3.1/../../../../arm-none-eabi/lib/thumb/v7e-m+fp/hard\libc_nano.a(libc_a-stdio.o) (_close_r)
C:/ST/STM32CubeIDE_1.12.0/STM32CubeIDE/plugins/com.st.stm32cube.ide.mcu.externaltools.gnu-tools-for-stm32.11.3.rel1.win32_1.1.0.202305231506/tools/bin/../lib/gcc/arm-none-eabi/11.3.1/../../../../arm-none-eabi/lib/thumb/v7e-m+fp/hard\libc_nano.a(libc_a-reent.o)
[...]
Memory Configuration

Name             Origin             Length             Attributes
RAM              0x0000000020000000 0x0000000000020000 xrw
FLASH            0x0000000008000000 0x0000000000080000 xr
*default*        0x0000000000000000 0xffffffffffffffff

Linker script and memory map

LOAD C:/ST/STM32CubeIDE_1.12.0/STM32CubeIDE/plugins/com.st.stm32cube.ide.mcu.externaltools.gnu-tools-for-stm32.11.3.rel1.win32_1.1.0.202305231506/tools/bin/../lib/gcc/arm-none-eabi/11.3.1/thumb/v7e-m+fp/hard/crti.o
LOAD C:/ST/STM32CubeIDE_1.12.0/STM32CubeIDE/plugins/com.st.stm32cube.ide.mcu.externaltools.gnu-tools-for-stm32.11.3.rel1.win32_1.1.0.202305231506/tools/bin/../lib/gcc/arm-none-eabi/11.3.1/thumb/v7e-m+fp/hard/crtbegin.o
LOAD C:/ST/STM32CubeIDE_1.12.0/STM32CubeIDE/plugins/com.st.stm32cube.ide.mcu.externaltools.gnu-tools-for-stm32.11.3.rel1.win32_1.1.0.202305231506/tools/bin/../lib/gcc/arm-none-eabi/11.3.1/../../../../arm-none-eabi/lib/thumb/v7e-m+fp/hard/crt0.o
LOAD ./Core/Src/GFX_BW.o
LOAD ./Core/Src/SSD1306_OLED.o
LOAD ./Core/Src/bh1750.o
LOAD ./Core/Src/bme280.o
LOAD ./Core/Src/delays.o
LOAD ./Core/Src/drv8835.o
LOAD ./Core/Src/freertos.o
LOAD ./Core/Src/gpio.o
LOAD ./Core/Src/i2c.o
LOAD ./Core/Src/main.o
LOAD ./Core/Src/printf.o
LOAD ./Core/Src/rtc.o
LOAD ./Core/Src/stm32f4xx_hal_msp.o
LOAD ./Core/Src/stm32f4xx_hal_timebase_tim.o
LOAD ./Core/Src/stm32f4xx_it.o
LOAD ./Core/Src/syscalls.o
LOAD ./Core/Src/sysmem.o
LOAD ./Core/Src/system_stm32f4xx.o
LOAD ./Core/Src/tim.o
LOAD ./Core/Src/usart.o
LOAD ./Core/Startup/startup_stm32f446retx.o
LOAD ./Drivers/STM32F4xx_HAL_Driver/Src/stm32f4xx_hal.o
LOAD ./Drivers/STM32F4xx_HAL_Driver/Src/stm32f4xx_hal_cortex.o
LOAD ./Drivers/STM32F4xx_HAL_Driver/Src/stm32f4xx_hal_dma.o
LOAD ./Drivers/STM32F4xx_HAL_Driver/Src/stm32f4xx_hal_dma_ex.o
LOAD ./Drivers/STM32F4xx_HAL_Driver/Src/stm32f4xx_hal_exti.o
LOAD ./Drivers/STM32F4xx_HAL_Driver/Src/stm32f4xx_hal_flash.o
LOAD ./Drivers/STM32F4xx_HAL_Driver/Src/stm32f4xx_hal_flash_ex.o
LOAD ./Drivers/STM32F4xx_HAL_Driver/Src/stm32f4xx_hal_flash_ramfunc.o
LOAD ./Drivers/STM32F4xx_HAL_Driver/Src/stm32f4xx_hal_gpio.o
LOAD ./Drivers/STM32F4xx_HAL_Driver/Src/stm32f4xx_hal_i2c.o
LOAD ./Drivers/STM32F4xx_HAL_Driver/Src/stm32f4xx_hal_i2c_ex.o
LOAD ./Drivers/STM32F4xx_HAL_Driver/Src/stm32f4xx_hal_pwr.o
LOAD ./Drivers/STM32F4xx_HAL_Driver/Src/stm32f4xx_hal_pwr_ex.o
LOAD ./Drivers/STM32F4xx_HAL_Driver/Src/stm32f4xx_hal_rcc.o
LOAD ./Drivers/STM32F4xx_HAL_Driver/Src/stm32f4xx_hal_rcc_ex.o
LOAD ./Drivers/STM32F4xx_HAL_Driver/Src/stm32f4xx_hal_rtc.o
LOAD ./Drivers/STM32F4xx_HAL_Driver/Src/stm32f4xx_hal_rtc_ex.o
LOAD ./Drivers/STM32F4xx_HAL_Driver/Src/stm32f4xx_hal_tim.o
LOAD ./Drivers/STM32F4xx_HAL_Driver/Src/stm32f4xx_hal_tim_ex.o
LOAD ./Drivers/STM32F4xx_HAL_Driver/Src/stm32f4xx_hal_uart.o
LOAD ./Middlewares/Third_Party/FreeRTOS/Source/CMSIS_RTOS_V2/cmsis_os2.o
LOAD ./Middlewares/Third_Party/FreeRTOS/Source/croutine.o
LOAD ./Middlewares/Third_Party/FreeRTOS/Source/event_groups.o
LOAD ./Middlewares/Third_Party/FreeRTOS/Source/list.o
LOAD ./Middlewares/Third_Party/FreeRTOS/Source/queue.o
LOAD ./Middlewares/Third_Party/FreeRTOS/Source/stream_buffer.o
LOAD ./Middlewares/Third_Party/FreeRTOS/Source/tasks.o
LOAD ./Middlewares/Third_Party/FreeRTOS/Source/timers.o
LOAD ./Middlewares/Third_Party/FreeRTOS/Source/portable/GCC/ARM_CM4F/port.o
LOAD ./Middlewares/Third_Party/FreeRTOS/Source/portable/MemMang/heap_4.o
START GROUP
LOAD C:/ST/STM32CubeIDE_1.12.0/STM32CubeIDE/plugins/com.st.stm32cube.ide.mcu.externaltools.gnu-tools-for-stm32.11.3.rel1.win32_1.1.0.202305231506/tools/bin/../lib/gcc/arm-none-eabi/11.3.1/../../../../arm-none-eabi/lib/thumb/v7e-m+fp/hard\libc_nano.a
LOAD C:/ST/STM32CubeIDE_1.12.0/STM32CubeIDE/plugins/com.st.stm32cube.ide.mcu.externaltools.gnu-tools-for-stm32.11.3.rel1.win32_1.1.0.202305231506/tools/bin/../lib/gcc/arm-none-eabi/11.3.1/../../../../arm-none-eabi/lib/thumb/v7e-m+fp/hard\libm.a
END GROUP
START GROUP
LOAD C:/ST/STM32CubeIDE_1.12.0/STM32CubeIDE/plugins/com.st.stm32cube.ide.mcu.externaltools.gnu-tools-for-stm32.11.3.rel1.win32_1.1.0.202305231506/tools/bin/../lib/gcc/arm-none-eabi/11.3.1/thumb/v7e-m+fp/hard\libgcc.a
LOAD C:/ST/STM32CubeIDE_1.12.0/STM32CubeIDE/plugins/com.st.stm32cube.ide.mcu.externaltools.gnu-tools-for-stm32.11.3.rel1.win32_1.1.0.202305231506/tools/bin/../lib/gcc/arm-none-eabi/11.3.1/../../../../arm-none-eabi/lib/thumb/v7e-m+fp/hard\libc_nano.a
END GROUP
START GROUP
LOAD C:/ST/STM32CubeIDE_1.12.0/STM32CubeIDE/plugins/com.st.stm32cube.ide.mcu.externaltools.gnu-tools-for-stm32.11.3.rel1.win32_1.1.0.202305231506/tools/bin/../lib/gcc/arm-none-eabi/11.3.1/thumb/v7e-m+fp/hard\libgcc.a
LOAD C:/ST/STM32CubeIDE_1.12.0/STM32CubeIDE/plugins/com.st.stm32cube.ide.mcu.externaltools.gnu-tools-for-stm32.11.3.rel1.win32_1.1.0.202305231506/tools/bin/../lib/gcc/arm-none-eabi/11.3.1/../../../../arm-none-eabi/lib/thumb/v7e-m+fp/hard\libc_nano.a
LOAD C:/ST/STM32CubeIDE_1.12.0/STM32CubeIDE/plugins/com.st.stm32cube.ide.mcu.externaltools.gnu-tools-for-stm32.11.3.rel1.win32_1.1.0.202305231506/tools/bin/../lib/gcc/arm-none-eabi/11.3.1/../../../../arm-none-eabi/lib/thumb/v7e-m+fp/hard\libnosys.a
END GROUP
START GROUP
LOAD C:/ST/STM32CubeIDE_1.12.0/STM32CubeIDE/plugins/com.st.stm32cube.ide.mcu.externaltools.gnu-tools-for-stm32.11.3.rel1.win32_1.1.0.202305231506/tools/bin/../lib/gcc/arm-none-eabi/11.3.1/thumb/v7e-m+fp/hard\libgcc.a
LOAD C:/ST/STM32CubeIDE_1.12.0/STM32CubeIDE/plugins/com.st.stm32cube.ide.mcu.externaltools.gnu-tools-for-stm32.11.3.rel1.win32_1.1.0.202305231506/tools/bin/../lib/gcc/arm-none-eabi/11.3.1/../../../../arm-none-eabi/lib/thumb/v7e-m+fp/hard\libc_nano.a
LOAD C:/ST/STM32CubeIDE_1.12.0/STM32CubeIDE/plugins/com.st.stm32cube.ide.mcu.externaltools.gnu-tools-for-stm32.11.3.rel1.win32_1.1.0.202305231506/tools/bin/../lib/gcc/arm-none-eabi/11.3.1/../../../../arm-none-eabi/lib/thumb/v7e-m+fp/hard\libnosys.a
END GROUP
LOAD C:/ST/STM32CubeIDE_1.12.0/STM32CubeIDE/plugins/com.st.stm32cube.ide.mcu.externaltools.gnu-tools-for-stm32.11.3.rel1.win32_1.1.0.202305231506/tools/bin/../lib/gcc/arm-none-eabi/11.3.1/thumb/v7e-m+fp/hard/crtend.o
LOAD C:/ST/STM32CubeIDE_1.12.0/STM32CubeIDE/plugins/com.st.stm32cube.ide.mcu.externaltools.gnu-tools-for-stm32.11.3.rel1.win32_1.1.0.202305231506/tools/bin/../lib/gcc/arm-none-eabi/11.3.1/thumb/v7e-m+fp/hard/crtn.o
                0x0000000020020000                _estack = (ORIGIN (RAM) + LENGTH (RAM))
                0x0000000000000400                _Min_Heap_Size = 0x400
                0x0000000000000800                _Min_Stack_Size = 0x800

.isr_vector     0x0000000008000000      0x1c4
                0x0000000008000000                . = ALIGN (0x4)
 *(.isr_vector)
 .isr_vector    0x0000000008000000      0x1c4 ./Core/Startup/startup_stm32f446retx.o
                0x0000000008000000                g_pfnVectors
                0x00000000080001c4                . = ALIGN (0x4)

.text           0x00000000080001d0    0x11444
                0x00000000080001d0                . = ALIGN (0x4)
 *(.text)
 .text          0x00000000080001d0       0x40 C:/ST/STM32CubeIDE_1.12.0/STM32CubeIDE/plugins/com.st.stm32cube.ide.mcu.externaltools.gnu-tools-for-stm32.11.3.rel1.win32_1.1.0.202305231506/tools/bin/../lib/gcc/arm-none-eabi/11.3.1/thumb/v7e-m+fp/hard/crtbegin.o
 .text          0x0000000008000210       0xa0 C:/ST/STM32CubeIDE_1.12.0/STM32CubeIDE/plugins/com.st.stm32cube.ide.mcu.externaltools.gnu-tools-for-stm32.11.3.rel1.win32_1.1.0.202305231506/tools/bin/../lib/gcc/arm-none-eabi/11.3.1/../../../../arm-none-eabi/lib/thumb/v7e-m+fp/hard\libc_nano.a(libc_a-memchr.o)
                0x0000000008000210                memchr
 .text          0x00000000080002b0       0x10 C:/ST/STM32CubeIDE_1.12.0/STM32CubeIDE/plugins/com.st.stm32cube.ide.mcu.externaltools.gnu-tools-for-stm32.11.3.rel1.win32_1.1.0.202305231506/tools/bin/../lib/gcc/arm-none-eabi/11.3.1/../../../../arm-none-eabi/lib/thumb/v7e-m+fp/hard\libc_nano.a(libc_a-strlen.o)
                0x00000000080002b0                strlen
 .text          0x00000000080002c0      0x378 C:/ST/STM32CubeIDE_1.12.0/STM32CubeIDE/plugins/com.st.stm32cube.ide.mcu.externaltools.gnu-tools-for-stm32.11.3.rel1.win32_1.1.0.202305231506/tools/bin/../lib/gcc/arm-none-eabi/11.3.1/thumb/v7e-m+fp/hard\libgcc.a(_arm_addsubdf3.o)
                0x00000000080002c0                __aeabi_drsub
                0x00000000080002c8                __aeabi_dsub
                0x00000000080002c8                __subdf3
                0x00000000080002cc                __aeabi_dadd
                0x00000000080002cc                __adddf3
                0x0000000008000544                __floatunsidf
                0x0000000008000544                __aeabi_ui2d
                0x0000000008000564                __floatsidf
                0x0000000008000564                __aeabi_i2d
                0x0000000008000588                __aeabi_f2d
                0x0000000008000588                __extendsfdf2
                0x00000000080005cc                __floatundidf
                0x00000000080005cc                __aeabi_ul2d
                0x00000000080005dc                __floatdidf
                0x00000000080005dc                __aeabi_l2d
 .text          0x0000000008000638      0x424 C:/ST/STM32CubeIDE_1.12.0/STM32CubeIDE/plugins/com.st.stm32cube.ide.mcu.externaltools.gnu-tools-for-stm32.11.3.rel1.win32_1.1.0.202305231506/tools/bin/../lib/gcc/arm-none-eabi/11.3.1/thumb/v7e-m+fp/hard\libgcc.a(_arm_muldivdf3.o)
                0x0000000008000638                __aeabi_dmul
                0x0000000008000638                __muldf3
                0x000000000800088c                __divdf3
                0x000000000800088c                __aeabi_ddiv
 .text          0x0000000008000a5c      0x110 C:/ST/STM32CubeIDE_1.12.0/STM32CubeIDE/plugins/com.st.stm32cube.ide.mcu.externaltools.gnu-tools-for-stm32.11.3.rel1.win32_1.1.0.202305231506/tools/bin/../lib/gcc/arm-none-eabi/11.3.1/thumb/v7e-m+fp/hard\libgcc.a(_arm_cmpdf2.o)
                0x0000000008000a5c                __gtdf2
                0x0000000008000a5c                __gedf2
                0x0000000008000a64                __ltdf2
                0x0000000008000a64                __ledf2
                0x0000000008000a6c                __nedf2
                0x0000000008000a6c                __eqdf2
                0x0000000008000a6c                __cmpdf2
                0x0000000008000ae8                __aeabi_cdrcmple
                0x0000000008000af8                __aeabi_cdcmpeq
                0x0000000008000af8                __aeabi_cdcmple
                0x0000000008000b08                __aeabi_dcmpeq
                0x0000000008000b1c                __aeabi_dcmplt
                0x0000000008000b30                __aeabi_dcmple
                0x0000000008000b44                __aeabi_dcmpge
                0x0000000008000b58                __aeabi_dcmpgt
 .text          0x0000000008000b6c       0x2c C:/ST/STM32CubeIDE_1.12.0/STM32CubeIDE/plugins/com.st.stm32cube.ide.mcu.externaltools.gnu-tools-for-stm32.11.3.rel1.win32_1.1.0.202305231506/tools/bin/../lib/gcc/arm-none-eabi/11.3.1/thumb/v7e-m+fp/hard\libgcc.a(_arm_unorddf2.o)
                0x0000000008000b6c                __unorddf2
                0x0000000008000b6c                __aeabi_dcmpun
 .text          0x0000000008000b98       0x50 C:/ST/STM32CubeIDE_1.12.0/STM32CubeIDE/plugins/com.st.stm32cube.ide.mcu.externaltools.gnu-tools-for-stm32.11.3.rel1.win32_1.1.0.202305231506/tools/bin/../lib/gcc/arm-none-eabi/11.3.1/thumb/v7e-m+fp/hard\libgcc.a(_arm_fixdfsi.o)
                0x0000000008000b98                __aeabi_d2iz
                0x0000000008000b98                __fixdfsi
 .text          0x0000000008000be8       0x40 C:/ST/STM32CubeIDE_1.12.0/STM32CubeIDE/plugins/com.st.stm32cube.ide.mcu.externaltools.gnu-tools-for-stm32.11.3.rel1.win32_1.1.0.202305231506/tools/bin/../lib/gcc/arm-none-eabi/11.3.1/thumb/v7e-m+fp/hard\libgcc.a(_arm_fixunsdfsi.o)
                0x0000000008000be8                __aeabi_d2uiz
                0x0000000008000be8                __fixunsdfsi
 .text          0x0000000008000c28       0xa0 C:/ST/STM32CubeIDE_1.12.0/STM32CubeIDE/plugins/com.st.stm32cube.ide.mcu.externaltools.gnu-tools-for-stm32.11.3.rel1.win32_1.1.0.202305231506/tools/bin/../lib/gcc/arm-none-eabi/11.3.1/thumb/v7e-m+fp/hard\libgcc.a(_aeabi_ldivmod.o)
                0x0000000008000c28                __aeabi_ldivmod
 .text          0x0000000008000cc8       0x30 C:/ST/STM32CubeIDE_1.12.0/STM32CubeIDE/plugins/com.st.stm32cube.ide.mcu.externaltools.gnu-tools-for-stm32.11.3.rel1.win32_1.1.0.202305231506/tools/bin/../lib/gcc/arm-none-eabi/11.3.1/thumb/v7e-m+fp/hard\libgcc.a(_aeabi_uldivmod.o)
                0x0000000008000cc8                __aeabi_uldivmod
 .text          0x0000000008000cf8      0x2c8 C:/ST/STM32CubeIDE_1.12.0/STM32CubeIDE/plugins/com.st.stm32cube.ide.mcu.externaltools.gnu-tools-for-stm32.11.3.rel1.win32_1.1.0.202305231506/tools/bin/../lib/gcc/arm-none-eabi/11.3.1/thumb/v7e-m+fp/hard\libgcc.a(_udivmoddi4.o)
                0x0000000008000cf8                __udivmoddi4
 .text          0x0000000008000fc0        0x4 C:/ST/STM32CubeIDE_1.12.0/STM32CubeIDE/plugins/com.st.stm32cube.ide.mcu.externaltools.gnu-tools-for-stm32.11.3.rel1.win32_1.1.0.202305231506/tools/bin/../lib/gcc/arm-none-eabi/11.3.1/thumb/v7e-m+fp/hard\libgcc.a(_dvmd_tls.o)
                0x0000000008000fc0                __aeabi_idiv0
                0x0000000008000fc0                __aeabi_ldiv0
 *(.text*)
 .text.GFX_SetFont
                0x0000000008000fc4       0x20 ./Core/Src/GFX_BW.o
                0x0000000008000fc4                GFX_SetFont
 .text.GFX_DrawChar
                0x0000000008000fe4      0x174 ./Core/Src/GFX_BW.o
                0x0000000008000fe4                GFX_DrawChar
 .text.GFX_DrawString
                0x0000000008001158       0xb8 ./Core/Src/GFX_BW.o
                0x0000000008001158                GFX_DrawString
 .text.GFX_WriteLine
                0x0000000008001210      0x11e ./Core/Src/GFX_BW.o
                0x0000000008001210                GFX_WriteLine
 .text.GFX_DrawFastVLine
                0x000000000800132e       0x2e ./Core/Src/GFX_BW.o
                0x000000000800132e                GFX_DrawFastVLine
 .text.GFX_DrawFillRectangle
                0x000000000800135c       0x46 ./Core/Src/GFX_BW.o
                0x000000000800135c                GFX_DrawFillRectangle
 *fill*         0x00000000080013a2        0x2 
 .text.SSD1306_Command
                0x00000000080013a4       0x30 ./Core/Src/SSD1306_OLED.o
                0x00000000080013a4                SSD1306_Command
 .text.SSD1306_Data
                0x00000000080013d4       0x34 ./Core/Src/SSD1306_OLED.o
                0x00000000080013d4                SSD1306_Data
 .text.SSD1306_DrawPixel
                0x0000000008001408      0x120 ./Core/Src/SSD1306_OLED.o
                0x0000000008001408                SSD1306_DrawPixel
 .text.SSD1306_Clear
                0x0000000008001528       0x3c ./Core/Src/SSD1306_OLED.o
                0x0000000008001528                SSD1306_Clear
 .text.SSD1306_Display
                0x0000000008001564       0x80 ./Core/Src/SSD1306_OLED.o
                0x0000000008001564                SSD1306_Display
 .text.SSD1306_Init
                0x00000000080015e4       0xb0 ./Core/Src/SSD1306_OLED.o
                0x00000000080015e4                SSD1306_Init
 .text.BH1750_Init
                0x0000000008001694       0x38 ./Core/Src/bh1750.o
                0x0000000008001694                BH1750_Init
 .text.BH1750_Reset
                0x00000000080016cc       0x34 ./Core/Src/bh1750.o
                0x00000000080016cc                BH1750_Reset
 .text.BH1750_SetMode
                0x0000000008001700       0x64 ./Core/Src/bh1750.o
                0x0000000008001700                BH1750_SetMode
 .text.BH1750_SetMtreg
                0x0000000008001764       0x9c ./Core/Src/bh1750.o
                0x0000000008001764                BH1750_SetMtreg
 .text.BH1750_ReadLight
                0x0000000008001800       0xb4 ./Core/Src/bh1750.o
                0x0000000008001800                BH1750_ReadLight
 .text.BME280_Read8
                0x00000000080018b4       0x3c ./Core/Src/bme280.o
                0x00000000080018b4                BME280_Read8
 .text.BME280_Read16
                0x00000000080018f0       0x44 ./Core/Src/bme280.o
                0x00000000080018f0                BME280_Read16
 .text.BME280_Read16LE
                0x0000000008001934       0x32 ./Core/Src/bme280.o
                0x0000000008001934                BME280_Read16LE
 *fill*         0x0000000008001966        0x2 
 .text.BME280_Write8
                0x0000000008001968       0x38 ./Core/Src/bme280.o
                0x0000000008001968                BME280_Write8
 .text.BME280_Read24
                0x00000000080019a0       0x44 ./Core/Src/bme280.o
                0x00000000080019a0                BME280_Read24
 .text.BME280_IsReadingCalibration
                0x00000000080019e4       0x28 ./Core/Src/bme280.o
                0x00000000080019e4                BME280_IsReadingCalibration
 .text.BME280_SetConfig
                0x0000000008001a0c       0x3e ./Core/Src/bme280.o
                0x0000000008001a0c                BME280_SetConfig
 *fill*         0x0000000008001a4a        0x2 
 .text.BME280_Init
                0x0000000008001a4c      0x2b4 ./Core/Src/bme280.o
                0x0000000008001a4c                BME280_Init
 .text.BME280_ReadTemperature
                0x0000000008001d00      0x120 ./Core/Src/bme280.o
                0x0000000008001d00                BME280_ReadTemperature
 .text.BME280_ReadTemperatureAndPressureAndHuminidity
                0x0000000008001e20      0x6f8 ./Core/Src/bme280.o
                0x0000000008001e20                BME280_ReadTemperatureAndPressureAndHuminidity
 .text.drv8835_mode_control
                0x0000000008002518       0x38 ./Core/Src/drv8835.o
                0x0000000008002518                drv8835_mode_control
 .text.drv8835_set_motorA_direction
                0x0000000008002550       0x3c ./Core/Src/drv8835.o
                0x0000000008002550                drv8835_set_motorA_direction
 .text.drv8835_set_motorA_speed
                0x000000000800258c       0x38 ./Core/Src/drv8835.o
                0x000000000800258c                drv8835_set_motorA_speed
 .text.drv8835_init
                0x00000000080025c4       0x28 ./Core/Src/drv8835.o
                0x00000000080025c4                drv8835_init
 .text.MX_FREERTOS_Init
                0x00000000080025ec      0x31c ./Core/Src/freertos.o
                0x00000000080025ec                MX_FREERTOS_Init
 .text.StartTaskL
                0x0000000008002908       0x38 ./Core/Src/freertos.o
                0x0000000008002908                StartTaskL
 .text.StartTaskRTC
                0x0000000008002940      0x230 ./Core/Src/freertos.o
                0x0000000008002940                StartTaskRTC
 .text.StartTaskBme280
                0x0000000008002b70       0xe8 ./Core/Src/freertos.o
                0x0000000008002b70                StartTaskBme280
 .text.StartTaskBH1750
                0x0000000008002c58       0xcc ./Core/Src/freertos.o
                0x0000000008002c58                StartTaskBH1750
 .text.StartTaskSSD1306
                0x0000000008002d24      0x1b8 ./Core/Src/freertos.o
                0x0000000008002d24                StartTaskSSD1306
 .text.StartTaskPumpON
                0x0000000008002edc       0x26 ./Core/Src/freertos.o
                0x0000000008002edc                StartTaskPumpON
 .text.StartTaskPumpOFF
                0x0000000008002f02       0x1c ./Core/Src/freertos.o
                0x0000000008002f02                StartTaskPumpOFF
 *fill*         0x0000000008002f1e        0x2 
 .text.StartTaskCounterPumpUp
                0x0000000008002f20       0x7c ./Core/Src/freertos.o
                0x0000000008002f20                StartTaskCounterPumpUp
 .text.StartTaskCounterDown
                0x0000000008002f9c       0x80 ./Core/Src/freertos.o
                0x0000000008002f9c                StartTaskCounterDown
 .text.StartTaskAlarmCounterUp
                0x000000000800301c       0x88 ./Core/Src/freertos.o
                0x000000000800301c                StartTaskAlarmCounterUp
 .text.StartTaskAlarmCountDown
                0x00000000080030a4       0x90 ./Core/Src/freertos.o
                0x00000000080030a4                StartTaskAlarmCountDown
 .text.CallbackTimerBmeData
                0x0000000008003134       0x20 ./Core/Src/freertos.o
                0x0000000008003134                CallbackTimerBmeData
 .text.CallbackTimerBh1750Data
                0x0000000008003154       0x20 ./Core/Src/freertos.o
                0x0000000008003154                CallbackTimerBh1750Data
 .text.CallbackTimerRTC
                0x0000000008003174       0x20 ./Core/Src/freertos.o
                0x0000000008003174                CallbackTimerRTC
 .text._putchar
                0x0000000008003194       0x40 ./Core/Src/freertos.o
                0x0000000008003194                _putchar
 .text.MX_GPIO_Init
                0x00000000080031d4       0xec ./Core/Src/gpio.o
                0x00000000080031d4                MX_GPIO_Init
 .text.MX_I2C1_Init
                0x00000000080032c0       0x5c ./Core/Src/i2c.o
                0x00000000080032c0                MX_I2C1_Init
 .text.MX_I2C2_Init
                0x000000000800331c       0x5c ./Core/Src/i2c.o
                0x000000000800331c                MX_I2C2_Init
 .text.HAL_I2C_MspInit
                0x0000000008003378      0x13c ./Core/Src/i2c.o
                0x0000000008003378                HAL_I2C_MspInit
 .text.main     0x00000000080034b4       0x32 ./Core/Src/main.o
                0x00000000080034b4                main
 *fill*         0x00000000080034e6        0x2 
 .text.SystemClock_Config
                0x00000000080034e8       0xdc ./Core/Src/main.o
                0x00000000080034e8                SystemClock_Config
 .text.HAL_TIM_PeriodElapsedCallback
                0x00000000080035c4       0x24 ./Core/Src/main.o
                0x00000000080035c4                HAL_TIM_PeriodElapsedCallback
 .text.Error_Handler
                0x00000000080035e8        0xa ./Core/Src/main.o
                0x00000000080035e8                Error_Handler
 .text._out_buffer
                0x00000000080035f2       0x2e ./Core/Src/printf.o
 .text._out_null
                0x0000000008003620       0x1c ./Core/Src/printf.o
 .text._out_char
                0x000000000800363c       0x26 ./Core/Src/printf.o
 .text._strnlen_s
                0x0000000008003662       0x3a ./Core/Src/printf.o
 .text._is_digit
                0x000000000800369c       0x2e ./Core/Src/printf.o
 .text._atoi    0x00000000080036ca       0x48 ./Core/Src/printf.o
 .text._out_rev
                0x0000000008003712       0xa0 ./Core/Src/printf.o
 .text._ntoa_format
                0x00000000080037b2      0x1b8 ./Core/Src/printf.o
 .text._ntoa_long
                0x000000000800396a       0xcc ./Core/Src/printf.o
 .text._ntoa_long_long
                0x0000000008003a36       0xda ./Core/Src/printf.o
 .text._ftoa    0x0000000008003b10      0x4ac ./Core/Src/printf.o
 *fill*         0x0000000008003fbc        0x4 
 .text._etoa    0x0000000008003fc0      0x510 ./Core/Src/printf.o
 .text._vsnprintf
                0x00000000080044d0      0x9ec ./Core/Src/printf.o
 .text.printf_  0x0000000008004ebc       0x38 ./Core/Src/printf.o
                0x0000000008004ebc                printf_
 .text.sprintf_
                0x0000000008004ef4       0x38 ./Core/Src/printf.o
                0x0000000008004ef4                sprintf_
 .text.MX_RTC_Init
                0x0000000008004f2c       0xb4 ./Core/Src/rtc.o
                0x0000000008004f2c                MX_RTC_Init
 .text.HAL_RTC_MspInit
                0x0000000008004fe0       0x54 ./Core/Src/rtc.o
                0x0000000008004fe0                HAL_RTC_MspInit
 .text.HAL_MspInit
                0x0000000008005034       0x58 ./Core/Src/stm32f4xx_hal_msp.o
                0x0000000008005034                HAL_MspInit
 .text.HAL_InitTick
                0x000000000800508c       0xf8 ./Core/Src/stm32f4xx_hal_timebase_tim.o
                0x000000000800508c                HAL_InitTick
 .text.NMI_Handler
                0x0000000008005184        0x6 ./Core/Src/stm32f4xx_it.o
                0x0000000008005184                NMI_Handler
 .text.HardFault_Handler
                0x000000000800518a        0x6 ./Core/Src/stm32f4xx_it.o
                0x000000000800518a                HardFault_Handler
 .text.MemManage_Handler
                0x0000000008005190        0x6 ./Core/Src/stm32f4xx_it.o
                0x0000000008005190                MemManage_Handler
 .text.BusFault_Handler
                0x0000000008005196        0x6 ./Core/Src/stm32f4xx_it.o
                0x0000000008005196                BusFault_Handler
 .text.UsageFault_Handler
                0x000000000800519c        0x6 ./Core/Src/stm32f4xx_it.o
                0x000000000800519c                UsageFault_Handler
 .text.DebugMon_Handler
                0x00000000080051a2        0xe ./Core/Src/stm32f4xx_it.o
                0x00000000080051a2                DebugMon_Handler
 .text.TIM8_TRG_COM_TIM14_IRQHandler
                0x00000000080051b0       0x1c ./Core/Src/stm32f4xx_it.o
                0x00000000080051b0                TIM8_TRG_COM_TIM14_IRQHandler
 .text._getpid  0x00000000080051cc       0x10 ./Core/Src/syscalls.o
                0x00000000080051cc                _getpid
 .text._kill    0x00000000080051dc       0x20 ./Core/Src/syscalls.o
                0x00000000080051dc                _kill
 .text._exit    0x00000000080051fc       0x14 ./Core/Src/syscalls.o
                0x00000000080051fc                _exit
 .text._read    0x0000000008005210       0x3a ./Core/Src/syscalls.o
                0x0000000008005210                _read
 .text._write   0x000000000800524a       0x38 ./Core/Src/syscalls.o
                0x000000000800524a                _write
 .text._close   0x0000000008005282       0x18 ./Core/Src/syscalls.o
                0x0000000008005282                _close
 .text._fstat   0x000000000800529a       0x20 ./Core/Src/syscalls.o
                0x000000000800529a                _fstat
 .text._isatty  0x00000000080052ba       0x16 ./Core/Src/syscalls.o
                0x00000000080052ba                _isatty
 .text._lseek   0x00000000080052d0       0x1a ./Core/Src/syscalls.o
                0x00000000080052d0                _lseek
 *fill*         0x00000000080052ea        0x2 
 .text._sbrk    0x00000000080052ec       0x6c ./Core/Src/sysmem.o
                0x00000000080052ec                _sbrk
 .text.SystemInit
                0x0000000008005358       0x24 ./Core/Src/system_stm32f4xx.o
                0x0000000008005358                SystemInit
 .text.MX_TIM8_Init
                0x000000000800537c      0x104 ./Core/Src/tim.o
                0x000000000800537c                MX_TIM8_Init
 .text.HAL_TIM_PWM_MspInit
                0x0000000008005480       0x50 ./Core/Src/tim.o
                0x0000000008005480                HAL_TIM_PWM_MspInit
 .text.HAL_TIM_MspPostInit
                0x00000000080054d0       0x74 ./Core/Src/tim.o
                0x00000000080054d0                HAL_TIM_MspPostInit
 .text.MX_USART2_UART_Init
                0x0000000008005544       0x54 ./Core/Src/usart.o
                0x0000000008005544                MX_USART2_UART_Init
 .text.HAL_UART_MspInit
                0x0000000008005598       0x90 ./Core/Src/usart.o
                0x0000000008005598                HAL_UART_MspInit
 .text.Reset_Handler
                0x0000000008005628       0x50 ./Core/Startup/startup_stm32f446retx.o
                0x0000000008005628                Reset_Handler
 .text.Default_Handler
                0x0000000008005678        0x2 ./Core/Startup/startup_stm32f446retx.o
                0x0000000008005678                RTC_Alarm_IRQHandler
                0x0000000008005678                EXTI2_IRQHandler
                0x0000000008005678                TIM8_CC_IRQHandler
                0x0000000008005678                FMPI2C1_EV_IRQHandler
                0x0000000008005678                SPI4_IRQHandler
                0x0000000008005678                TIM1_CC_IRQHandler
                0x0000000008005678                DMA2_Stream5_IRQHandler
                0x0000000008005678                DMA1_Stream5_IRQHandler
                0x0000000008005678                PVD_IRQHandler
                0x0000000008005678                SDIO_IRQHandler
                0x0000000008005678                TAMP_STAMP_IRQHandler
                0x0000000008005678                CAN2_RX1_IRQHandler
                0x0000000008005678                EXTI3_IRQHandler
                0x0000000008005678                TIM1_UP_TIM10_IRQHandler
                0x0000000008005678                TIM8_UP_TIM13_IRQHandler
                0x0000000008005678                I2C3_ER_IRQHandler
                0x0000000008005678                EXTI0_IRQHandler
                0x0000000008005678                I2C2_EV_IRQHandler
                0x0000000008005678                DMA1_Stream2_IRQHandler
                0x0000000008005678                CAN1_RX0_IRQHandler
                0x0000000008005678                FPU_IRQHandler
                0x0000000008005678                OTG_HS_WKUP_IRQHandler
                0x0000000008005678                CAN2_SCE_IRQHandler
                0x0000000008005678                DMA2_Stream2_IRQHandler
                0x0000000008005678                SPI1_IRQHandler
                0x0000000008005678                TIM6_DAC_IRQHandler
                0x0000000008005678                TIM1_BRK_TIM9_IRQHandler
                0x0000000008005678                DCMI_IRQHandler
                0x0000000008005678                CAN2_RX0_IRQHandler
                0x0000000008005678                DMA2_Stream3_IRQHandler
                0x0000000008005678                SAI2_IRQHandler
                0x0000000008005678                USART6_IRQHandler
                0x0000000008005678                USART3_IRQHandler
                0x0000000008005678                CAN1_RX1_IRQHandler
                0x0000000008005678                UART5_IRQHandler
                0x0000000008005678                DMA2_Stream0_IRQHandler
                0x0000000008005678                TIM4_IRQHandler
                0x0000000008005678                QUADSPI_IRQHandler
                0x0000000008005678                I2C1_EV_IRQHandler
                0x0000000008005678                DMA1_Stream6_IRQHandler
                0x0000000008005678                DMA1_Stream1_IRQHandler
                0x0000000008005678                UART4_IRQHandler
                0x0000000008005678                TIM3_IRQHandler
                0x0000000008005678                RCC_IRQHandler
                0x0000000008005678                TIM8_BRK_TIM12_IRQHandler
                0x0000000008005678                Default_Handler
                0x0000000008005678                CEC_IRQHandler
                0x0000000008005678                EXTI15_10_IRQHandler
                0x0000000008005678                ADC_IRQHandler
                0x0000000008005678                DMA1_Stream7_IRQHandler
                0x0000000008005678                TIM7_IRQHandler
                0x0000000008005678                CAN2_TX_IRQHandler
                0x0000000008005678                TIM5_IRQHandler
                0x0000000008005678                DMA2_Stream7_IRQHandler
                0x0000000008005678                I2C3_EV_IRQHandler
                0x0000000008005678                EXTI9_5_IRQHandler
                0x0000000008005678                RTC_WKUP_IRQHandler
                0x0000000008005678                SPDIF_RX_IRQHandler
                0x0000000008005678                SPI2_IRQHandler
                0x0000000008005678                OTG_HS_EP1_IN_IRQHandler
                0x0000000008005678                DMA1_Stream0_IRQHandler
                0x0000000008005678                CAN1_TX_IRQHandler
                0x0000000008005678                FMPI2C1_ER_IRQHandler
                0x0000000008005678                EXTI4_IRQHandler
                0x0000000008005678                OTG_HS_EP1_OUT_IRQHandler
                0x0000000008005678                WWDG_IRQHandler
                0x0000000008005678                TIM2_IRQHandler
                0x0000000008005678                OTG_FS_WKUP_IRQHandler
                0x0000000008005678                TIM1_TRG_COM_TIM11_IRQHandler
                0x0000000008005678                OTG_HS_IRQHandler
                0x0000000008005678                EXTI1_IRQHandler
                0x0000000008005678                USART2_IRQHandler
                0x0000000008005678                I2C2_ER_IRQHandler
                0x0000000008005678                DMA2_Stream1_IRQHandler
                0x0000000008005678                CAN1_SCE_IRQHandler
                0x0000000008005678                FLASH_IRQHandler
                0x0000000008005678                DMA2_Stream4_IRQHandler
                0x0000000008005678                USART1_IRQHandler
                0x0000000008005678                OTG_FS_IRQHandler
                0x0000000008005678                SPI3_IRQHandler
                0x0000000008005678                DMA1_Stream4_IRQHandler
                0x0000000008005678                I2C1_ER_IRQHandler
                0x0000000008005678                FMC_IRQHandler
                0x0000000008005678                DMA2_Stream6_IRQHandler
                0x0000000008005678                SAI1_IRQHandler
                0x0000000008005678                DMA1_Stream3_IRQHandler
 *fill*         0x000000000800567a        0x2 
 .text.HAL_Init
                0x000000000800567c       0x44 ./Drivers/STM32F4xx_HAL_Driver/Src/stm32f4xx_hal.o
                0x000000000800567c                HAL_Init
 .text.HAL_IncTick
                0x00000000080056c0       0x28 ./Drivers/STM32F4xx_HAL_Driver/Src/stm32f4xx_hal.o
                0x00000000080056c0                HAL_IncTick
 .text.HAL_GetTick
                0x00000000080056e8       0x18 ./Drivers/STM32F4xx_HAL_Driver/Src/stm32f4xx_hal.o
                0x00000000080056e8                HAL_GetTick
 .text.HAL_Delay
                0x0000000008005700       0x48 ./Drivers/STM32F4xx_HAL_Driver/Src/stm32f4xx_hal.o
                0x0000000008005700                HAL_Delay
 .text.__NVIC_SetPriorityGrouping
                0x0000000008005748       0x48 ./Drivers/STM32F4xx_HAL_Driver/Src/stm32f4xx_hal_cortex.o
 .text.__NVIC_GetPriorityGrouping
                0x0000000008005790       0x1c ./Drivers/STM32F4xx_HAL_Driver/Src/stm32f4xx_hal_cortex.o
 .text.__NVIC_EnableIRQ
                0x00000000080057ac       0x3c ./Drivers/STM32F4xx_HAL_Driver/Src/stm32f4xx_hal_cortex.o
 .text.__NVIC_SetPriority
                0x00000000080057e8       0x54 ./Drivers/STM32F4xx_HAL_Driver/Src/stm32f4xx_hal_cortex.o
 .text.NVIC_EncodePriority
                0x000000000800583c       0x66 ./Drivers/STM32F4xx_HAL_Driver/Src/stm32f4xx_hal_cortex.o
 .text.HAL_NVIC_SetPriorityGrouping
                0x00000000080058a2       0x16 ./Drivers/STM32F4xx_HAL_Driver/Src/stm32f4xx_hal_cortex.o
                0x00000000080058a2                HAL_NVIC_SetPriorityGrouping
 .text.HAL_NVIC_SetPriority
                0x00000000080058b8       0x38 ./Drivers/STM32F4xx_HAL_Driver/Src/stm32f4xx_hal_cortex.o
                0x00000000080058b8                HAL_NVIC_SetPriority
 .text.HAL_NVIC_EnableIRQ
                0x00000000080058f0       0x1c ./Drivers/STM32F4xx_HAL_Driver/Src/stm32f4xx_hal_cortex.o
                0x00000000080058f0                HAL_NVIC_EnableIRQ
 .text.HAL_GPIO_Init
                0x000000000800590c      0x328 ./Drivers/STM32F4xx_HAL_Driver/Src/stm32f4xx_hal_gpio.o
                0x000000000800590c                HAL_GPIO_Init
 .text.HAL_GPIO_WritePin
                0x0000000008005c34       0x32 ./Drivers/STM32F4xx_HAL_Driver/Src/stm32f4xx_hal_gpio.o
                0x0000000008005c34                HAL_GPIO_WritePin
 *fill*         0x0000000008005c66        0x2 
 .text.HAL_I2C_Init
                0x0000000008005c68      0x288 ./Drivers/STM32F4xx_HAL_Driver/Src/stm32f4xx_hal_i2c.o
                0x0000000008005c68                HAL_I2C_Init
 .text.HAL_I2C_Master_Transmit
                0x0000000008005ef0      0x1fc ./Drivers/STM32F4xx_HAL_Driver/Src/stm32f4xx_hal_i2c.o
                0x0000000008005ef0                HAL_I2C_Master_Transmit
 .text.HAL_I2C_Master_Receive
                0x00000000080060ec      0x44c ./Drivers/STM32F4xx_HAL_Driver/Src/stm32f4xx_hal_i2c.o
                0x00000000080060ec                HAL_I2C_Master_Receive
 .text.HAL_I2C_Mem_Write
                0x0000000008006538      0x1f4 ./Drivers/STM32F4xx_HAL_Driver/Src/stm32f4xx_hal_i2c.o
                0x0000000008006538                HAL_I2C_Mem_Write
 .text.HAL_I2C_Mem_Read
                0x000000000800672c      0x44c ./Drivers/STM32F4xx_HAL_Driver/Src/stm32f4xx_hal_i2c.o
                0x000000000800672c                HAL_I2C_Mem_Read
 .text.I2C_MasterRequestWrite
                0x0000000008006b78      0x104 ./Drivers/STM32F4xx_HAL_Driver/Src/stm32f4xx_hal_i2c.o
 .text.I2C_MasterRequestRead
                0x0000000008006c7c      0x19c ./Drivers/STM32F4xx_HAL_Driver/Src/stm32f4xx_hal_i2c.o
 .text.I2C_RequestMemoryWrite
                0x0000000008006e18      0x12c ./Drivers/STM32F4xx_HAL_Driver/Src/stm32f4xx_hal_i2c.o
 .text.I2C_RequestMemoryRead
                0x0000000008006f44      0x1d0 ./Drivers/STM32F4xx_HAL_Driver/Src/stm32f4xx_hal_i2c.o
 .text.I2C_WaitOnFlagUntilTimeout
                0x0000000008007114       0xae ./Drivers/STM32F4xx_HAL_Driver/Src/stm32f4xx_hal_i2c.o
 .text.I2C_WaitOnMasterAddressFlagUntilTimeout
                0x00000000080071c2       0xfe ./Drivers/STM32F4xx_HAL_Driver/Src/stm32f4xx_hal_i2c.o
 .text.I2C_WaitOnTXEFlagUntilTimeout
                0x00000000080072c0       0x82 ./Drivers/STM32F4xx_HAL_Driver/Src/stm32f4xx_hal_i2c.o
 .text.I2C_WaitOnBTFFlagUntilTimeout
                0x0000000008007342       0x82 ./Drivers/STM32F4xx_HAL_Driver/Src/stm32f4xx_hal_i2c.o
 .text.I2C_WaitOnRXNEFlagUntilTimeout
                0x00000000080073c4       0xac ./Drivers/STM32F4xx_HAL_Driver/Src/stm32f4xx_hal_i2c.o
 .text.I2C_IsAcknowledgeFailed
                0x0000000008007470       0x5e ./Drivers/STM32F4xx_HAL_Driver/Src/stm32f4xx_hal_i2c.o
 *fill*         0x00000000080074ce        0x2 
 .text.HAL_RCC_ClockConfig
                0x00000000080074d0      0x1cc ./Drivers/STM32F4xx_HAL_Driver/Src/stm32f4xx_hal_rcc.o
                0x00000000080074d0                HAL_RCC_ClockConfig
 .text.HAL_RCC_GetHCLKFreq
                0x000000000800769c       0x18 ./Drivers/STM32F4xx_HAL_Driver/Src/stm32f4xx_hal_rcc.o
                0x000000000800769c                HAL_RCC_GetHCLKFreq
 .text.HAL_RCC_GetPCLK1Freq
                0x00000000080076b4       0x28 ./Drivers/STM32F4xx_HAL_Driver/Src/stm32f4xx_hal_rcc.o
                0x00000000080076b4                HAL_RCC_GetPCLK1Freq
 .text.HAL_RCC_GetPCLK2Freq
                0x00000000080076dc       0x28 ./Drivers/STM32F4xx_HAL_Driver/Src/stm32f4xx_hal_rcc.o
                0x00000000080076dc                HAL_RCC_GetPCLK2Freq
 .text.HAL_RCC_GetClockConfig
                0x0000000008007704       0x64 ./Drivers/STM32F4xx_HAL_Driver/Src/stm32f4xx_hal_rcc.o
                0x0000000008007704                HAL_RCC_GetClockConfig
 .text.HAL_RCCEx_PeriphCLKConfig
                0x0000000008007768      0x654 ./Drivers/STM32F4xx_HAL_Driver/Src/stm32f4xx_hal_rcc_ex.o
                0x0000000008007768                HAL_RCCEx_PeriphCLKConfig
 .text.HAL_RCC_GetSysClockFreq
                0x0000000008007dbc      0x460 ./Drivers/STM32F4xx_HAL_Driver/Src/stm32f4xx_hal_rcc_ex.o
                0x0000000008007dbc                HAL_RCC_GetSysClockFreq
 .text.HAL_RCC_OscConfig
                0x000000000800821c      0x53c ./Drivers/STM32F4xx_HAL_Driver/Src/stm32f4xx_hal_rcc_ex.o
                0x000000000800821c                HAL_RCC_OscConfig
 .text.HAL_RTC_Init
                0x0000000008008758       0xec ./Drivers/STM32F4xx_HAL_Driver/Src/stm32f4xx_hal_rtc.o
                0x0000000008008758                HAL_RTC_Init
 .text.HAL_RTC_SetTime
                0x0000000008008844      0x134 ./Drivers/STM32F4xx_HAL_Driver/Src/stm32f4xx_hal_rtc.o
                0x0000000008008844                HAL_RTC_SetTime
 .text.HAL_RTC_GetTime
                0x0000000008008978       0xbc ./Drivers/STM32F4xx_HAL_Driver/Src/stm32f4xx_hal_rtc.o
                0x0000000008008978                HAL_RTC_GetTime
 .text.HAL_RTC_SetDate
                0x0000000008008a34      0x108 ./Drivers/STM32F4xx_HAL_Driver/Src/stm32f4xx_hal_rtc.o
                0x0000000008008a34                HAL_RTC_SetDate
 .text.HAL_RTC_GetDate
                0x0000000008008b3c       0x9e ./Drivers/STM32F4xx_HAL_Driver/Src/stm32f4xx_hal_rtc.o
                0x0000000008008b3c                HAL_RTC_GetDate
 .text.HAL_RTC_SetAlarm
                0x0000000008008bda      0x254 ./Drivers/STM32F4xx_HAL_Driver/Src/stm32f4xx_hal_rtc.o
                0x0000000008008bda                HAL_RTC_SetAlarm
 .text.HAL_RTC_WaitForSynchro
                0x0000000008008e2e       0x50 ./Drivers/STM32F4xx_HAL_Driver/Src/stm32f4xx_hal_rtc.o
                0x0000000008008e2e                HAL_RTC_WaitForSynchro
 .text.RTC_EnterInitMode
                0x0000000008008e7e       0x6e ./Drivers/STM32F4xx_HAL_Driver/Src/stm32f4xx_hal_rtc.o
                0x0000000008008e7e                RTC_EnterInitMode
 .text.RTC_ExitInitMode
                0x0000000008008eec       0x4a ./Drivers/STM32F4xx_HAL_Driver/Src/stm32f4xx_hal_rtc.o
                0x0000000008008eec                RTC_ExitInitMode
 .text.RTC_ByteToBcd2
                0x0000000008008f36       0x3a ./Drivers/STM32F4xx_HAL_Driver/Src/stm32f4xx_hal_rtc.o
                0x0000000008008f36                RTC_ByteToBcd2
 .text.RTC_Bcd2ToByte
                0x0000000008008f70       0x38 ./Drivers/STM32F4xx_HAL_Driver/Src/stm32f4xx_hal_rtc.o
                0x0000000008008f70                RTC_Bcd2ToByte
 .text.HAL_TIM_Base_Init
                0x0000000008008fa8       0x9e ./Drivers/STM32F4xx_HAL_Driver/Src/stm32f4xx_hal_tim.o
                0x0000000008008fa8                HAL_TIM_Base_Init
 .text.HAL_TIM_Base_MspInit
                0x0000000008009046       0x14 ./Drivers/STM32F4xx_HAL_Driver/Src/stm32f4xx_hal_tim.o
                0x0000000008009046                HAL_TIM_Base_MspInit
 *fill*         0x000000000800905a        0x2 
 .text.HAL_TIM_Base_Start_IT
                0x000000000800905c       0xe0 ./Drivers/STM32F4xx_HAL_Driver/Src/stm32f4xx_hal_tim.o
                0x000000000800905c                HAL_TIM_Base_Start_IT
 .text.HAL_TIM_PWM_Init
                0x000000000800913c       0x9e ./Drivers/STM32F4xx_HAL_Driver/Src/stm32f4xx_hal_tim.o
                0x000000000800913c                HAL_TIM_PWM_Init
 *fill*         0x00000000080091da        0x2 
 .text.HAL_TIM_PWM_Start
                0x00000000080091dc      0x190 ./Drivers/STM32F4xx_HAL_Driver/Src/stm32f4xx_hal_tim.o
                0x00000000080091dc                HAL_TIM_PWM_Start
 .text.HAL_TIM_IRQHandler
                0x000000000800936c      0x210 ./Drivers/STM32F4xx_HAL_Driver/Src/stm32f4xx_hal_tim.o
                0x000000000800936c                HAL_TIM_IRQHandler
 .text.HAL_TIM_PWM_ConfigChannel
                0x000000000800957c      0x184 ./Drivers/STM32F4xx_HAL_Driver/Src/stm32f4xx_hal_tim.o
                0x000000000800957c                HAL_TIM_PWM_ConfigChannel
 .text.HAL_TIM_OC_DelayElapsedCallback
                0x0000000008009700       0x14 ./Drivers/STM32F4xx_HAL_Driver/Src/stm32f4xx_hal_tim.o
                0x0000000008009700                HAL_TIM_OC_DelayElapsedCallback
 .text.HAL_TIM_IC_CaptureCallback
                0x0000000008009714       0x14 ./Drivers/STM32F4xx_HAL_Driver/Src/stm32f4xx_hal_tim.o
                0x0000000008009714                HAL_TIM_IC_CaptureCallback
 .text.HAL_TIM_PWM_PulseFinishedCallback
                0x0000000008009728       0x14 ./Drivers/STM32F4xx_HAL_Driver/Src/stm32f4xx_hal_tim.o
                0x0000000008009728                HAL_TIM_PWM_PulseFinishedCallback
 .text.HAL_TIM_TriggerCallback
                0x000000000800973c       0x14 ./Drivers/STM32F4xx_HAL_Driver/Src/stm32f4xx_hal_tim.o
                0x000000000800973c                HAL_TIM_TriggerCallback
 .text.TIM_Base_SetConfig
                0x0000000008009750      0x140 ./Drivers/STM32F4xx_HAL_Driver/Src/stm32f4xx_hal_tim.o
                0x0000000008009750                TIM_Base_SetConfig
 .text.TIM_OC1_SetConfig
                0x0000000008009890       0xe0 ./Drivers/STM32F4xx_HAL_Driver/Src/stm32f4xx_hal_tim.o
 .text.TIM_OC2_SetConfig
                0x0000000008009970       0xec ./Drivers/STM32F4xx_HAL_Driver/Src/stm32f4xx_hal_tim.o
                0x0000000008009970                TIM_OC2_SetConfig
 .text.TIM_OC3_SetConfig
                0x0000000008009a5c       0xe8 ./Drivers/STM32F4xx_HAL_Driver/Src/stm32f4xx_hal_tim.o
 .text.TIM_OC4_SetConfig
                0x0000000008009b44       0xac ./Drivers/STM32F4xx_HAL_Driver/Src/stm32f4xx_hal_tim.o
 .text.TIM_CCxChannelCmd
                0x0000000008009bf0       0x4a ./Drivers/STM32F4xx_HAL_Driver/Src/stm32f4xx_hal_tim.o
                0x0000000008009bf0                TIM_CCxChannelCmd
 *fill*         0x0000000008009c3a        0x2 
 .text.HAL_TIMEx_MasterConfigSynchronization
                0x0000000008009c3c       0xf8 ./Drivers/STM32F4xx_HAL_Driver/Src/stm32f4xx_hal_tim_ex.o
                0x0000000008009c3c                HAL_TIMEx_MasterConfigSynchronization
 .text.HAL_TIMEx_ConfigBreakDeadTime
                0x0000000008009d34       0xa4 ./Drivers/STM32F4xx_HAL_Driver/Src/stm32f4xx_hal_tim_ex.o
                0x0000000008009d34                HAL_TIMEx_ConfigBreakDeadTime
 .text.HAL_TIMEx_CommutCallback
                0x0000000008009dd8       0x14 ./Drivers/STM32F4xx_HAL_Driver/Src/stm32f4xx_hal_tim_ex.o
                0x0000000008009dd8                HAL_TIMEx_CommutCallback
 .text.HAL_TIMEx_BreakCallback
                0x0000000008009dec       0x14 ./Drivers/STM32F4xx_HAL_Driver/Src/stm32f4xx_hal_tim_ex.o
                0x0000000008009dec                HAL_TIMEx_BreakCallback
 .text.HAL_UART_Init
                0x0000000008009e00       0x9a ./Drivers/STM32F4xx_HAL_Driver/Src/stm32f4xx_hal_uart.o
                0x0000000008009e00                HAL_UART_Init
 .text.HAL_UART_Transmit
                0x0000000008009e9a      0x124 ./Drivers/STM32F4xx_HAL_Driver/Src/stm32f4xx_hal_uart.o
                0x0000000008009e9a                HAL_UART_Transmit
 .text.UART_WaitOnFlagUntilTimeout
                0x0000000008009fbe       0xdc ./Drivers/STM32F4xx_HAL_Driver/Src/stm32f4xx_hal_uart.o
 *fill*         0x000000000800a09a        0x2 
 .text.UART_SetConfig
                0x000000000800a09c      0x4e8 ./Drivers/STM32F4xx_HAL_Driver/Src/stm32f4xx_hal_uart.o
 .text.__NVIC_SetPriority
                0x000000000800a584       0x54 ./Middlewares/Third_Party/FreeRTOS/Source/CMSIS_RTOS_V2/cmsis_os2.o
 .text.SysTick_Handler
                0x000000000800a5d8       0x20 ./Middlewares/Third_Party/FreeRTOS/Source/CMSIS_RTOS_V2/cmsis_os2.o
                0x000000000800a5d8                SysTick_Handler
 .text.SVC_Setup
                0x000000000800a5f8       0x12 ./Middlewares/Third_Party/FreeRTOS/Source/CMSIS_RTOS_V2/cmsis_os2.o
 *fill*         0x000000000800a60a        0x2 
 .text.osKernelInitialize
                0x000000000800a60c       0x48 ./Middlewares/Third_Party/FreeRTOS/Source/CMSIS_RTOS_V2/cmsis_os2.o
                0x000000000800a60c                osKernelInitialize
 .text.osKernelStart
                0x000000000800a654       0x4c ./Middlewares/Third_Party/FreeRTOS/Source/CMSIS_RTOS_V2/cmsis_os2.o
                0x000000000800a654                osKernelStart
 .text.osKernelGetTickCount
                0x000000000800a6a0       0x2a ./Middlewares/Third_Party/FreeRTOS/Source/CMSIS_RTOS_V2/cmsis_os2.o
                0x000000000800a6a0                osKernelGetTickCount
 .text.osKernelGetTickFreq
                0x000000000800a6ca       0x12 ./Middlewares/Third_Party/FreeRTOS/Source/CMSIS_RTOS_V2/cmsis_os2.o
                0x000000000800a6ca                osKernelGetTickFreq
 .text.osThreadNew
                0x000000000800a6dc      0x124 ./Middlewares/Third_Party/FreeRTOS/Source/CMSIS_RTOS_V2/cmsis_os2.o
                0x000000000800a6dc                osThreadNew
 .text.osThreadYield
                0x000000000800a800       0x40 ./Middlewares/Third_Party/FreeRTOS/Source/CMSIS_RTOS_V2/cmsis_os2.o
                0x000000000800a800                osThreadYield
 .text.osThreadFlagsSet
                0x000000000800a840       0x9c ./Middlewares/Third_Party/FreeRTOS/Source/CMSIS_RTOS_V2/cmsis_os2.o
                0x000000000800a840                osThreadFlagsSet
 .text.osThreadFlagsClear
                0x000000000800a8dc       0x7c ./Middlewares/Third_Party/FreeRTOS/Source/CMSIS_RTOS_V2/cmsis_os2.o
                0x000000000800a8dc                osThreadFlagsClear
 .text.osThreadFlagsWait
                0x000000000800a958      0x102 ./Middlewares/Third_Party/FreeRTOS/Source/CMSIS_RTOS_V2/cmsis_os2.o
                0x000000000800a958                osThreadFlagsWait
 .text.osDelayUntil
                0x000000000800aa5a       0x5a ./Middlewares/Third_Party/FreeRTOS/Source/CMSIS_RTOS_V2/cmsis_os2.o
                0x000000000800aa5a                osDelayUntil
 .text.TimerCallback
                0x000000000800aab4       0x2a ./Middlewares/Third_Party/FreeRTOS/Source/CMSIS_RTOS_V2/cmsis_os2.o
 *fill*         0x000000000800aade        0x2 
 .text.osTimerNew
                0x000000000800aae0       0xf8 ./Middlewares/Third_Party/FreeRTOS/Source/CMSIS_RTOS_V2/cmsis_os2.o
                0x000000000800aae0                osTimerNew
 .text.osTimerStart
                0x000000000800abd8       0x5c ./Middlewares/Third_Party/FreeRTOS/Source/CMSIS_RTOS_V2/cmsis_os2.o
                0x000000000800abd8                osTimerStart
 .text.osMutexNew
                0x000000000800ac34      0x10c ./Middlewares/Third_Party/FreeRTOS/Source/CMSIS_RTOS_V2/cmsis_os2.o
                0x000000000800ac34                osMutexNew
 .text.osMutexAcquire
                0x000000000800ad40       0x96 ./Middlewares/Third_Party/FreeRTOS/Source/CMSIS_RTOS_V2/cmsis_os2.o
                0x000000000800ad40                osMutexAcquire
 .text.osMutexRelease
                0x000000000800add6       0x7a ./Middlewares/Third_Party/FreeRTOS/Source/CMSIS_RTOS_V2/cmsis_os2.o
                0x000000000800add6                osMutexRelease
 .text.osSemaphoreNew
                0x000000000800ae50      0x112 ./Middlewares/Third_Party/FreeRTOS/Source/CMSIS_RTOS_V2/cmsis_os2.o
                0x000000000800ae50                osSemaphoreNew
 *fill*         0x000000000800af62        0x2 
 .text.osSemaphoreAcquire
                0x000000000800af64       0xa4 ./Middlewares/Third_Party/FreeRTOS/Source/CMSIS_RTOS_V2/cmsis_os2.o
                0x000000000800af64                osSemaphoreAcquire
 .text.osSemaphoreRelease
                0x000000000800b008       0x88 ./Middlewares/Third_Party/FreeRTOS/Source/CMSIS_RTOS_V2/cmsis_os2.o
                0x000000000800b008                osSemaphoreRelease
 .text.osMessageQueueNew
                0x000000000800b090       0xe6 ./Middlewares/Third_Party/FreeRTOS/Source/CMSIS_RTOS_V2/cmsis_os2.o
                0x000000000800b090                osMessageQueueNew
 *fill*         0x000000000800b176        0x2 
 .text.osMessageQueuePut
                0x000000000800b178       0xc0 ./Middlewares/Third_Party/FreeRTOS/Source/CMSIS_RTOS_V2/cmsis_os2.o
                0x000000000800b178                osMessageQueuePut
 .text.osMessageQueueGet
                0x000000000800b238       0xbc ./Middlewares/Third_Party/FreeRTOS/Source/CMSIS_RTOS_V2/cmsis_os2.o
                0x000000000800b238                osMessageQueueGet
 .text.vApplicationGetIdleTaskMemory
                0x000000000800b2f4       0x34 ./Middlewares/Third_Party/FreeRTOS/Source/CMSIS_RTOS_V2/cmsis_os2.o
                0x000000000800b2f4                vApplicationGetIdleTaskMemory
 .text.vApplicationGetTimerTaskMemory
                0x000000000800b328       0x34 ./Middlewares/Third_Party/FreeRTOS/Source/CMSIS_RTOS_V2/cmsis_os2.o
                0x000000000800b328                vApplicationGetTimerTaskMemory
 .text.vListInitialise
                0x000000000800b35c       0x40 ./Middlewares/Third_Party/FreeRTOS/Source/list.o
                0x000000000800b35c                vListInitialise
 .text.vListInitialiseItem
                0x000000000800b39c       0x1a ./Middlewares/Third_Party/FreeRTOS/Source/list.o
                0x000000000800b39c                vListInitialiseItem
 .text.vListInsertEnd
                0x000000000800b3b6       0x48 ./Middlewares/Third_Party/FreeRTOS/Source/list.o
                0x000000000800b3b6                vListInsertEnd
 .text.vListInsert
                0x000000000800b3fe       0x72 ./Middlewares/Third_Party/FreeRTOS/Source/list.o
                0x000000000800b3fe                vListInsert
 .text.uxListRemove
                0x000000000800b470       0x54 ./Middlewares/Third_Party/FreeRTOS/Source/list.o
                0x000000000800b470                uxListRemove
 .text.xQueueGenericReset
                0x000000000800b4c4       0xd0 ./Middlewares/Third_Party/FreeRTOS/Source/queue.o
                0x000000000800b4c4                xQueueGenericReset
 .text.xQueueGenericCreateStatic
                0x000000000800b594       0xf0 ./Middlewares/Third_Party/FreeRTOS/Source/queue.o
                0x000000000800b594                xQueueGenericCreateStatic
 .text.xQueueGenericCreate
                0x000000000800b684       0x74 ./Middlewares/Third_Party/FreeRTOS/Source/queue.o
                0x000000000800b684                xQueueGenericCreate
 .text.prvInitialiseNewQueue
                0x000000000800b6f8       0x46 ./Middlewares/Third_Party/FreeRTOS/Source/queue.o
 .text.prvInitialiseMutex
                0x000000000800b73e       0x34 ./Middlewares/Third_Party/FreeRTOS/Source/queue.o
 .text.xQueueCreateMutex
                0x000000000800b772       0x30 ./Middlewares/Third_Party/FreeRTOS/Source/queue.o
                0x000000000800b772                xQueueCreateMutex
 .text.xQueueCreateMutexStatic
                0x000000000800b7a2       0x36 ./Middlewares/Third_Party/FreeRTOS/Source/queue.o
                0x000000000800b7a2                xQueueCreateMutexStatic
 .text.xQueueGiveMutexRecursive
                0x000000000800b7d8       0x68 ./Middlewares/Third_Party/FreeRTOS/Source/queue.o
                0x000000000800b7d8                xQueueGiveMutexRecursive
 .text.xQueueTakeMutexRecursive
                0x000000000800b840       0x6c ./Middlewares/Third_Party/FreeRTOS/Source/queue.o
                0x000000000800b840                xQueueTakeMutexRecursive
 .text.xQueueCreateCountingSemaphoreStatic
                0x000000000800b8ac       0x6e ./Middlewares/Third_Party/FreeRTOS/Source/queue.o
                0x000000000800b8ac                xQueueCreateCountingSemaphoreStatic
 .text.xQueueCreateCountingSemaphore
                0x000000000800b91a       0x66 ./Middlewares/Third_Party/FreeRTOS/Source/queue.o
                0x000000000800b91a                xQueueCreateCountingSemaphore
 .text.xQueueGenericSend
                0x000000000800b980      0x1fc ./Middlewares/Third_Party/FreeRTOS/Source/queue.o
                0x000000000800b980                xQueueGenericSend
 .text.xQueueGenericSendFromISR
                0x000000000800bb7c      0x136 ./Middlewares/Third_Party/FreeRTOS/Source/queue.o
                0x000000000800bb7c                xQueueGenericSendFromISR
 .text.xQueueGiveFromISR
                0x000000000800bcb2      0x11a ./Middlewares/Third_Party/FreeRTOS/Source/queue.o
                0x000000000800bcb2                xQueueGiveFromISR
 .text.xQueueReceive
                0x000000000800bdcc      0x1c0 ./Middlewares/Third_Party/FreeRTOS/Source/queue.o
                0x000000000800bdcc                xQueueReceive
 .text.xQueueSemaphoreTake
                0x000000000800bf8c      0x218 ./Middlewares/Third_Party/FreeRTOS/Source/queue.o
                0x000000000800bf8c                xQueueSemaphoreTake
 .text.xQueueReceiveFromISR
                0x000000000800c1a4      0x100 ./Middlewares/Third_Party/FreeRTOS/Source/queue.o
                0x000000000800c1a4                xQueueReceiveFromISR
 .text.vQueueDelete
                0x000000000800c2a4       0x46 ./Middlewares/Third_Party/FreeRTOS/Source/queue.o
                0x000000000800c2a4                vQueueDelete
 .text.prvGetDisinheritPriorityAfterTimeout
                0x000000000800c2ea       0x30 ./Middlewares/Third_Party/FreeRTOS/Source/queue.o
 .text.prvCopyDataToQueue
                0x000000000800c31a       0xd4 ./Middlewares/Third_Party/FreeRTOS/Source/queue.o
 .text.prvCopyDataFromQueue
                0x000000000800c3ee       0x4c ./Middlewares/Third_Party/FreeRTOS/Source/queue.o
 .text.prvUnlockQueue
                0x000000000800c43a       0xa4 ./Middlewares/Third_Party/FreeRTOS/Source/queue.o
 .text.prvIsQueueEmpty
                0x000000000800c4de       0x2c ./Middlewares/Third_Party/FreeRTOS/Source/queue.o
 .text.prvIsQueueFull
                0x000000000800c50a       0x30 ./Middlewares/Third_Party/FreeRTOS/Source/queue.o
 *fill*         0x000000000800c53a        0x2 
 .text.vQueueAddToRegistry
                0x000000000800c53c       0x54 ./Middlewares/Third_Party/FreeRTOS/Source/queue.o
                0x000000000800c53c                vQueueAddToRegistry
 .text.vQueueUnregisterQueue
                0x000000000800c590       0x54 ./Middlewares/Third_Party/FreeRTOS/Source/queue.o
                0x000000000800c590                vQueueUnregisterQueue
 .text.vQueueWaitForMessageRestricted
                0x000000000800c5e4       0x68 ./Middlewares/Third_Party/FreeRTOS/Source/queue.o
                0x000000000800c5e4                vQueueWaitForMessageRestricted
 .text.xTaskCreateStatic
                0x000000000800c64c       0xba ./Middlewares/Third_Party/FreeRTOS/Source/tasks.o
                0x000000000800c64c                xTaskCreateStatic
 .text.xTaskCreate
                0x000000000800c706       0x8a ./Middlewares/Third_Party/FreeRTOS/Source/tasks.o
                0x000000000800c706                xTaskCreate
 .text.prvInitialiseNewTask
                0x000000000800c790      0x14c ./Middlewares/Third_Party/FreeRTOS/Source/tasks.o
 .text.prvAddNewTaskToReadyList
                0x000000000800c8dc       0xe0 ./Middlewares/Third_Party/FreeRTOS/Source/tasks.o
 .text.vTaskDelayUntil
                0x000000000800c9bc       0xfc ./Middlewares/Third_Party/FreeRTOS/Source/tasks.o
                0x000000000800c9bc                vTaskDelayUntil
 .text.vTaskStartScheduler
                0x000000000800cab8       0xe0 ./Middlewares/Third_Party/FreeRTOS/Source/tasks.o
                0x000000000800cab8                vTaskStartScheduler
 .text.vTaskSuspendAll
                0x000000000800cb98       0x1c ./Middlewares/Third_Party/FreeRTOS/Source/tasks.o
                0x000000000800cb98                vTaskSuspendAll
 .text.xTaskResumeAll
                0x000000000800cbb4      0x13c ./Middlewares/Third_Party/FreeRTOS/Source/tasks.o
                0x000000000800cbb4                xTaskResumeAll
 .text.xTaskGetTickCount
                0x000000000800ccf0       0x20 ./Middlewares/Third_Party/FreeRTOS/Source/tasks.o
                0x000000000800ccf0                xTaskGetTickCount
 .text.xTaskGetTickCountFromISR
                0x000000000800cd10       0x24 ./Middlewares/Third_Party/FreeRTOS/Source/tasks.o
                0x000000000800cd10                xTaskGetTickCountFromISR
 .text.xTaskIncrementTick
                0x000000000800cd34      0x174 ./Middlewares/Third_Party/FreeRTOS/Source/tasks.o
                0x000000000800cd34                xTaskIncrementTick
 .text.vTaskSwitchContext
                0x000000000800cea8       0xc8 ./Middlewares/Third_Party/FreeRTOS/Source/tasks.o
                0x000000000800cea8                vTaskSwitchContext
 .text.vTaskPlaceOnEventList
                0x000000000800cf70       0x48 ./Middlewares/Third_Party/FreeRTOS/Source/tasks.o
                0x000000000800cf70                vTaskPlaceOnEventList
 .text.vTaskPlaceOnEventListRestricted
                0x000000000800cfb8       0x58 ./Middlewares/Third_Party/FreeRTOS/Source/tasks.o
                0x000000000800cfb8                vTaskPlaceOnEventListRestricted
 .text.xTaskRemoveFromEventList
                0x000000000800d010       0xc8 ./Middlewares/Third_Party/FreeRTOS/Source/tasks.o
                0x000000000800d010                xTaskRemoveFromEventList
 .text.vTaskInternalSetTimeOutState
                0x000000000800d0d8       0x2c ./Middlewares/Third_Party/FreeRTOS/Source/tasks.o
                0x000000000800d0d8                vTaskInternalSetTimeOutState
 .text.xTaskCheckForTimeOut
                0x000000000800d104       0xc4 ./Middlewares/Third_Party/FreeRTOS/Source/tasks.o
                0x000000000800d104                xTaskCheckForTimeOut
 .text.vTaskMissedYield
                0x000000000800d1c8       0x18 ./Middlewares/Third_Party/FreeRTOS/Source/tasks.o
                0x000000000800d1c8                vTaskMissedYield
 .text.prvIdleTask
                0x000000000800d1e0       0x30 ./Middlewares/Third_Party/FreeRTOS/Source/tasks.o
 .text.prvInitialiseTaskLists
                0x000000000800d210       0x80 ./Middlewares/Third_Party/FreeRTOS/Source/tasks.o
 .text.prvCheckTasksWaitingTermination
                0x000000000800d290       0x5c ./Middlewares/Third_Party/FreeRTOS/Source/tasks.o
 .text.prvDeleteTCB
                0x000000000800d2ec       0x68 ./Middlewares/Third_Party/FreeRTOS/Source/tasks.o
 .text.prvResetNextTaskUnblockTime
                0x000000000800d354       0x40 ./Middlewares/Third_Party/FreeRTOS/Source/tasks.o
 .text.xTaskGetCurrentTaskHandle
                0x000000000800d394       0x20 ./Middlewares/Third_Party/FreeRTOS/Source/tasks.o
                0x000000000800d394                xTaskGetCurrentTaskHandle
 .text.xTaskGetSchedulerState
                0x000000000800d3b4       0x3c ./Middlewares/Third_Party/FreeRTOS/Source/tasks.o
                0x000000000800d3b4                xTaskGetSchedulerState
 .text.xTaskPriorityInherit
                0x000000000800d3f0       0xd0 ./Middlewares/Third_Party/FreeRTOS/Source/tasks.o
                0x000000000800d3f0                xTaskPriorityInherit
 .text.xTaskPriorityDisinherit
                0x000000000800d4c0       0xdc ./Middlewares/Third_Party/FreeRTOS/Source/tasks.o
                0x000000000800d4c0                xTaskPriorityDisinherit
 .text.vTaskPriorityDisinheritAfterTimeout
                0x000000000800d59c      0x104 ./Middlewares/Third_Party/FreeRTOS/Source/tasks.o
                0x000000000800d59c                vTaskPriorityDisinheritAfterTimeout
 .text.pvTaskIncrementMutexHeldCount
                0x000000000800d6a0       0x28 ./Middlewares/Third_Party/FreeRTOS/Source/tasks.o
                0x000000000800d6a0                pvTaskIncrementMutexHeldCount
 .text.xTaskNotifyWait
                0x000000000800d6c8       0xc0 ./Middlewares/Third_Party/FreeRTOS/Source/tasks.o
                0x000000000800d6c8                xTaskNotifyWait
 .text.xTaskGenericNotify
                0x000000000800d788      0x17c ./Middlewares/Third_Party/FreeRTOS/Source/tasks.o
                0x000000000800d788                xTaskGenericNotify
 .text.xTaskGenericNotifyFromISR
                0x000000000800d904      0x1c8 ./Middlewares/Third_Party/FreeRTOS/Source/tasks.o
                0x000000000800d904                xTaskGenericNotifyFromISR
 .text.prvAddCurrentTaskToDelayedList
                0x000000000800dacc       0xa8 ./Middlewares/Third_Party/FreeRTOS/Source/tasks.o
 .text.xTimerCreateTimerTask
                0x000000000800db74       0x90 ./Middlewares/Third_Party/FreeRTOS/Source/timers.o
                0x000000000800db74                xTimerCreateTimerTask
 .text.xTimerCreate
                0x000000000800dc04       0x42 ./Middlewares/Third_Party/FreeRTOS/Source/timers.o
                0x000000000800dc04                xTimerCreate
 .text.xTimerCreateStatic
                0x000000000800dc46       0x7c ./Middlewares/Third_Party/FreeRTOS/Source/timers.o
                0x000000000800dc46                xTimerCreateStatic
 .text.prvInitialiseNewTimer
                0x000000000800dcc2       0x76 ./Middlewares/Third_Party/FreeRTOS/Source/timers.o
 .text.xTimerGenericCommand
                0x000000000800dd38       0x9c ./Middlewares/Third_Party/FreeRTOS/Source/timers.o
                0x000000000800dd38                xTimerGenericCommand
 .text.prvProcessExpiredTimer
                0x000000000800ddd4       0x98 ./Middlewares/Third_Party/FreeRTOS/Source/timers.o
 .text.prvTimerTask
                0x000000000800de6c       0x24 ./Middlewares/Third_Party/FreeRTOS/Source/timers.o
 .text.prvProcessTimerOrBlockTask
                0x000000000800de90       0x9c ./Middlewares/Third_Party/FreeRTOS/Source/timers.o
 .text.prvGetNextExpireTime
                0x000000000800df2c       0x48 ./Middlewares/Third_Party/FreeRTOS/Source/timers.o
 .text.prvSampleTimeNow
                0x000000000800df74       0x40 ./Middlewares/Third_Party/FreeRTOS/Source/timers.o
 .text.prvInsertTimerInActiveList
                0x000000000800dfb4       0x84 ./Middlewares/Third_Party/FreeRTOS/Source/timers.o
 .text.prvProcessReceivedCommands
                0x000000000800e038      0x1c4 ./Middlewares/Third_Party/FreeRTOS/Source/timers.o
 .text.prvSwitchTimerLists
                0x000000000800e1fc       0xc8 ./Middlewares/Third_Party/FreeRTOS/Source/timers.o
 .text.prvCheckForValidListAndQueue
                0x000000000800e2c4       0x80 ./Middlewares/Third_Party/FreeRTOS/Source/timers.o
 .text.pvTimerGetTimerID
                0x000000000800e344       0x40 ./Middlewares/Third_Party/FreeRTOS/Source/timers.o
                0x000000000800e344                pvTimerGetTimerID
 .text.pxPortInitialiseStack
                0x000000000800e384       0x68 ./Middlewares/Third_Party/FreeRTOS/Source/portable/GCC/ARM_CM4F/port.o
                0x000000000800e384                pxPortInitialiseStack
 .text.prvTaskExitError
                0x000000000800e3ec       0x58 ./Middlewares/Third_Party/FreeRTOS/Source/portable/GCC/ARM_CM4F/port.o
 *fill*         0x000000000800e444        0xc 
 .text.SVC_Handler
                0x000000000800e450       0x28 ./Middlewares/Third_Party/FreeRTOS/Source/portable/GCC/ARM_CM4F/port.o
                0x000000000800e450                SVC_Handler
 .text.prvPortStartFirstTask
                0x000000000800e478       0x28 ./Middlewares/Third_Party/FreeRTOS/Source/portable/GCC/ARM_CM4F/port.o
 .text.xPortStartScheduler
                0x000000000800e4a0      0x144 ./Middlewares/Third_Party/FreeRTOS/Source/portable/GCC/ARM_CM4F/port.o
                0x000000000800e4a0                xPortStartScheduler
 .text.vPortEnterCritical
                0x000000000800e5e4       0x60 ./Middlewares/Third_Party/FreeRTOS/Source/portable/GCC/ARM_CM4F/port.o
                0x000000000800e5e4                vPortEnterCritical
 .text.vPortExitCritical
                0x000000000800e644       0x54 ./Middlewares/Third_Party/FreeRTOS/Source/portable/GCC/ARM_CM4F/port.o
                0x000000000800e644                vPortExitCritical
 *fill*         0x000000000800e698        0x8 
 .text.PendSV_Handler
                0x000000000800e6a0       0x68 ./Middlewares/Third_Party/FreeRTOS/Source/portable/GCC/ARM_CM4F/port.o
                0x000000000800e6a0                PendSV_Handler
 .text.xPortSysTickHandler
                0x000000000800e708       0x44 ./Middlewares/Third_Party/FreeRTOS/Source/portable/GCC/ARM_CM4F/port.o
                0x000000000800e708                xPortSysTickHandler
 .text.vPortSetupTimerInterrupt
                0x000000000800e74c       0x48 ./Middlewares/Third_Party/FreeRTOS/Source/portable/GCC/ARM_CM4F/port.o
                0x000000000800e74c                vPortSetupTimerInterrupt
 .text.vPortEnableVFP
                0x000000000800e794       0x14 ./Middlewares/Third_Party/FreeRTOS/Source/portable/GCC/ARM_CM4F/port.o
 .text.vPortValidateInterruptPriority
                0x000000000800e7a8       0x80 ./Middlewares/Third_Party/FreeRTOS/Source/portable/GCC/ARM_CM4F/port.o
                0x000000000800e7a8                vPortValidateInterruptPriority
 .text.pvPortMalloc
                0x000000000800e828      0x198 ./Middlewares/Third_Party/FreeRTOS/Source/portable/MemMang/heap_4.o
                0x000000000800e828                pvPortMalloc
 .text.vPortFree
                0x000000000800e9c0       0xc4 ./Middlewares/Third_Party/FreeRTOS/Source/portable/MemMang/heap_4.o
                0x000000000800e9c0                vPortFree
 .text.prvHeapInit
                0x000000000800ea84       0xc4 ./Middlewares/Third_Party/FreeRTOS/Source/portable/MemMang/heap_4.o
 .text.prvInsertBlockIntoFreeList
                0x000000000800eb48       0xb4 ./Middlewares/Third_Party/FreeRTOS/Source/portable/MemMang/heap_4.o
 .text.__cvt    0x000000000800ebfc       0xc4 C:/ST/STM32CubeIDE_1.12.0/STM32CubeIDE/plugins/com.st.stm32cube.ide.mcu.externaltools.gnu-tools-for-stm32.11.3.rel1.win32_1.1.0.202305231506/tools/bin/../lib/gcc/arm-none-eabi/11.3.1/../../../../arm-none-eabi/lib/thumb/v7e-m+fp/hard\libc_nano.a(libc_a-nano-vfprintf_float.o)
                0x000000000800ebfc                __cvt
 .text.__exponent
                0x000000000800ecc0       0x7c C:/ST/STM32CubeIDE_1.12.0/STM32CubeIDE/plugins/com.st.stm32cube.ide.mcu.externaltools.gnu-tools-for-stm32.11.3.rel1.win32_1.1.0.202305231506/tools/bin/../lib/gcc/arm-none-eabi/11.3.1/../../../../arm-none-eabi/lib/thumb/v7e-m+fp/hard\libc_nano.a(libc_a-nano-vfprintf_float.o)
                0x000000000800ecc0                __exponent
 .text._printf_float
                0x000000000800ed3c      0x46c C:/ST/STM32CubeIDE_1.12.0/STM32CubeIDE/plugins/com.st.stm32cube.ide.mcu.externaltools.gnu-tools-for-stm32.11.3.rel1.win32_1.1.0.202305231506/tools/bin/../lib/gcc/arm-none-eabi/11.3.1/../../../../arm-none-eabi/lib/thumb/v7e-m+fp/hard\libc_nano.a(libc_a-nano-vfprintf_float.o)
                0x000000000800ed3c                _printf_float
 .text._printf_common
                0x000000000800f1a8       0xda C:/ST/STM32CubeIDE_1.12.0/STM32CubeIDE/plugins/com.st.stm32cube.ide.mcu.externaltools.gnu-tools-for-stm32.11.3.rel1.win32_1.1.0.202305231506/tools/bin/../lib/gcc/arm-none-eabi/11.3.1/../../../../arm-none-eabi/lib/thumb/v7e-m+fp/hard\libc_nano.a(libc_a-nano-vfprintf_i.o)
                0x000000000800f1a8                _printf_common
 *fill*         0x000000000800f282        0x2 
 .text._printf_i
                0x000000000800f284      0x244 C:/ST/STM32CubeIDE_1.12.0/STM32CubeIDE/plugins/com.st.stm32cube.ide.mcu.externaltools.gnu-tools-for-stm32.11.3.rel1.win32_1.1.0.202305231506/tools/bin/../lib/gcc/arm-none-eabi/11.3.1/../../../../arm-none-eabi/lib/thumb/v7e-m+fp/hard\libc_nano.a(libc_a-nano-vfprintf_i.o)
                0x000000000800f284                _printf_i
 .text.std      0x000000000800f4c8       0x48 C:/ST/STM32CubeIDE_1.12.0/STM32CubeIDE/plugins/com.st.stm32cube.ide.mcu.externaltools.gnu-tools-for-stm32.11.3.rel1.win32_1.1.0.202305231506/tools/bin/../lib/gcc/arm-none-eabi/11.3.1/../../../../arm-none-eabi/lib/thumb/v7e-m+fp/hard\libc_nano.a(libc_a-findfp.o)
 .text.stdio_exit_handler
                0x000000000800f510       0x18 C:/ST/STM32CubeIDE_1.12.0/STM32CubeIDE/plugins/com.st.stm32cube.ide.mcu.externaltools.gnu-tools-for-stm32.11.3.rel1.win32_1.1.0.202305231506/tools/bin/../lib/gcc/arm-none-eabi/11.3.1/../../../../arm-none-eabi/lib/thumb/v7e-m+fp/hard\libc_nano.a(libc_a-findfp.o)
 .text.cleanup_stdio
                0x000000000800f528       0x40 C:/ST/STM32CubeIDE_1.12.0/STM32CubeIDE/plugins/com.st.stm32cube.ide.mcu.externaltools.gnu-tools-for-stm32.11.3.rel1.win32_1.1.0.202305231506/tools/bin/../lib/gcc/arm-none-eabi/11.3.1/../../../../arm-none-eabi/lib/thumb/v7e-m+fp/hard\libc_nano.a(libc_a-findfp.o)
 .text.global_stdio_init.part.0
                0x000000000800f568       0x3c C:/ST/STM32CubeIDE_1.12.0/STM32CubeIDE/plugins/com.st.stm32cube.ide.mcu.externaltools.gnu-tools-for-stm32.11.3.rel1.win32_1.1.0.202305231506/tools/bin/../lib/gcc/arm-none-eabi/11.3.1/../../../../arm-none-eabi/lib/thumb/v7e-m+fp/hard\libc_nano.a(libc_a-findfp.o)
 .text.__sfp_lock_acquire
                0x000000000800f5a4        0xc C:/ST/STM32CubeIDE_1.12.0/STM32CubeIDE/plugins/com.st.stm32cube.ide.mcu.externaltools.gnu-tools-for-stm32.11.3.rel1.win32_1.1.0.202305231506/tools/bin/../lib/gcc/arm-none-eabi/11.3.1/../../../../arm-none-eabi/lib/thumb/v7e-m+fp/hard\libc_nano.a(libc_a-findfp.o)
                0x000000000800f5a4                __sfp_lock_acquire
 .text.__sfp_lock_release
                0x000000000800f5b0        0xc C:/ST/STM32CubeIDE_1.12.0/STM32CubeIDE/plugins/com.st.stm32cube.ide.mcu.externaltools.gnu-tools-for-stm32.11.3.rel1.win32_1.1.0.202305231506/tools/bin/../lib/gcc/arm-none-eabi/11.3.1/../../../../arm-none-eabi/lib/thumb/v7e-m+fp/hard\libc_nano.a(libc_a-findfp.o)
                0x000000000800f5b0                __sfp_lock_release
 .text.__sinit  0x000000000800f5bc       0x30 C:/ST/STM32CubeIDE_1.12.0/STM32CubeIDE/plugins/com.st.stm32cube.ide.mcu.externaltools.gnu-tools-for-stm32.11.3.rel1.win32_1.1.0.202305231506/tools/bin/../lib/gcc/arm-none-eabi/11.3.1/../../../../arm-none-eabi/lib/thumb/v7e-m+fp/hard\libc_nano.a(libc_a-findfp.o)
                0x000000000800f5bc                __sinit
 .text._fwalk_sglue
                0x000000000800f5ec       0x3c C:/ST/STM32CubeIDE_1.12.0/STM32CubeIDE/plugins/com.st.stm32cube.ide.mcu.externaltools.gnu-tools-for-stm32.11.3.rel1.win32_1.1.0.202305231506/tools/bin/../lib/gcc/arm-none-eabi/11.3.1/../../../../arm-none-eabi/lib/thumb/v7e-m+fp/hard\libc_nano.a(libc_a-fwalk.o)
                0x000000000800f5ec                _fwalk_sglue
 .text.__sread  0x000000000800f628       0x22 C:/ST/STM32CubeIDE_1.12.0/STM32CubeIDE/plugins/com.st.stm32cube.ide.mcu.externaltools.gnu-tools-for-stm32.11.3.rel1.win32_1.1.0.202305231506/tools/bin/../lib/gcc/arm-none-eabi/11.3.1/../../../../arm-none-eabi/lib/thumb/v7e-m+fp/hard\libc_nano.a(libc_a-stdio.o)
                0x000000000800f628                __sread
 .text.__swrite
                0x000000000800f64a       0x38 C:/ST/STM32CubeIDE_1.12.0/STM32CubeIDE/plugins/com.st.stm32cube.ide.mcu.externaltools.gnu-tools-for-stm32.11.3.rel1.win32_1.1.0.202305231506/tools/bin/../lib/gcc/arm-none-eabi/11.3.1/../../../../arm-none-eabi/lib/thumb/v7e-m+fp/hard\libc_nano.a(libc_a-stdio.o)
                0x000000000800f64a                __swrite
 .text.__sseek  0x000000000800f682       0x24 C:/ST/STM32CubeIDE_1.12.0/STM32CubeIDE/plugins/com.st.stm32cube.ide.mcu.externaltools.gnu-tools-for-stm32.11.3.rel1.win32_1.1.0.202305231506/tools/bin/../lib/gcc/arm-none-eabi/11.3.1/../../../../arm-none-eabi/lib/thumb/v7e-m+fp/hard\libc_nano.a(libc_a-stdio.o)
                0x000000000800f682                __sseek
 .text.__sclose
                0x000000000800f6a6        0x8 C:/ST/STM32CubeIDE_1.12.0/STM32CubeIDE/plugins/com.st.stm32cube.ide.mcu.externaltools.gnu-tools-for-stm32.11.3.rel1.win32_1.1.0.202305231506/tools/bin/../lib/gcc/arm-none-eabi/11.3.1/../../../../arm-none-eabi/lib/thumb/v7e-m+fp/hard\libc_nano.a(libc_a-stdio.o)
                0x000000000800f6a6                __sclose
 .text.memset   0x000000000800f6ae       0x10 C:/ST/STM32CubeIDE_1.12.0/STM32CubeIDE/plugins/com.st.stm32cube.ide.mcu.externaltools.gnu-tools-for-stm32.11.3.rel1.win32_1.1.0.202305231506/tools/bin/../lib/gcc/arm-none-eabi/11.3.1/../../../../arm-none-eabi/lib/thumb/v7e-m+fp/hard\libc_nano.a(libc_a-memset.o)
                0x000000000800f6ae                memset
 *fill*         0x000000000800f6be        0x2 
 .text._localeconv_r
                0x000000000800f6c0        0x8 C:/ST/STM32CubeIDE_1.12.0/STM32CubeIDE/plugins/com.st.stm32cube.ide.mcu.externaltools.gnu-tools-for-stm32.11.3.rel1.win32_1.1.0.202305231506/tools/bin/../lib/gcc/arm-none-eabi/11.3.1/../../../../arm-none-eabi/lib/thumb/v7e-m+fp/hard\libc_nano.a(libc_a-localeconv.o)
                0x000000000800f6c0                _localeconv_r
 .text._close_r
                0x000000000800f6c8       0x20 C:/ST/STM32CubeIDE_1.12.0/STM32CubeIDE/plugins/com.st.stm32cube.ide.mcu.externaltools.gnu-tools-for-stm32.11.3.rel1.win32_1.1.0.202305231506/tools/bin/../lib/gcc/arm-none-eabi/11.3.1/../../../../arm-none-eabi/lib/thumb/v7e-m+fp/hard\libc_nano.a(libc_a-closer.o)
                0x000000000800f6c8                _close_r
 .text._reclaim_reent
                0x000000000800f6e8       0xac C:/ST/STM32CubeIDE_1.12.0/STM32CubeIDE/plugins/com.st.stm32cube.ide.mcu.externaltools.gnu-tools-for-stm32.11.3.rel1.win32_1.1.0.202305231506/tools/bin/../lib/gcc/arm-none-eabi/11.3.1/../../../../arm-none-eabi/lib/thumb/v7e-m+fp/hard\libc_nano.a(libc_a-reent.o)
                0x000000000800f6e8                _reclaim_reent
 .text._lseek_r
                0x000000000800f794       0x24 C:/ST/STM32CubeIDE_1.12.0/STM32CubeIDE/plugins/com.st.stm32cube.ide.mcu.externaltools.gnu-tools-for-stm32.11.3.rel1.win32_1.1.0.202305231506/tools/bin/../lib/gcc/arm-none-eabi/11.3.1/../../../../arm-none-eabi/lib/thumb/v7e-m+fp/hard\libc_nano.a(libc_a-lseekr.o)
                0x000000000800f794                _lseek_r
 .text._read_r  0x000000000800f7b8       0x24 C:/ST/STM32CubeIDE_1.12.0/STM32CubeIDE/plugins/com.st.stm32cube.ide.mcu.externaltools.gnu-tools-for-stm32.11.3.rel1.win32_1.1.0.202305231506/tools/bin/../lib/gcc/arm-none-eabi/11.3.1/../../../../arm-none-eabi/lib/thumb/v7e-m+fp/hard\libc_nano.a(libc_a-readr.o)
                0x000000000800f7b8                _read_r
 .text._write_r
                0x000000000800f7dc       0x24 C:/ST/STM32CubeIDE_1.12.0/STM32CubeIDE/plugins/com.st.stm32cube.ide.mcu.externaltools.gnu-tools-for-stm32.11.3.rel1.win32_1.1.0.202305231506/tools/bin/../lib/gcc/arm-none-eabi/11.3.1/../../../../arm-none-eabi/lib/thumb/v7e-m+fp/hard\libc_nano.a(libc_a-writer.o)
                0x000000000800f7dc                _write_r
 .text.__errno  0x000000000800f800        0xc C:/ST/STM32CubeIDE_1.12.0/STM32CubeIDE/plugins/com.st.stm32cube.ide.mcu.externaltools.gnu-tools-for-stm32.11.3.rel1.win32_1.1.0.202305231506/tools/bin/../lib/gcc/arm-none-eabi/11.3.1/../../../../arm-none-eabi/lib/thumb/v7e-m+fp/hard\libc_nano.a(libc_a-errno.o)
                0x000000000800f800                __errno
 .text.__libc_init_array
                0x000000000800f80c       0x48 C:/ST/STM32CubeIDE_1.12.0/STM32CubeIDE/plugins/com.st.stm32cube.ide.mcu.externaltools.gnu-tools-for-stm32.11.3.rel1.win32_1.1.0.202305231506/tools/bin/../lib/gcc/arm-none-eabi/11.3.1/../../../../arm-none-eabi/lib/thumb/v7e-m+fp/hard\libc_nano.a(libc_a-init.o)
                0x000000000800f80c                __libc_init_array
 .text.__retarget_lock_acquire_recursive
                0x000000000800f854        0x2 C:/ST/STM32CubeIDE_1.12.0/STM32CubeIDE/plugins/com.st.stm32cube.ide.mcu.externaltools.gnu-tools-for-stm32.11.3.rel1.win32_1.1.0.202305231506/tools/bin/../lib/gcc/arm-none-eabi/11.3.1/../../../../arm-none-eabi/lib/thumb/v7e-m+fp/hard\libc_nano.a(libc_a-lock.o)
                0x000000000800f854                __retarget_lock_acquire_recursive
 .text.__retarget_lock_release_recursive
                0x000000000800f856        0x2 C:/ST/STM32CubeIDE_1.12.0/STM32CubeIDE/plugins/com.st.stm32cube.ide.mcu.externaltools.gnu-tools-for-stm32.11.3.rel1.win32_1.1.0.202305231506/tools/bin/../lib/gcc/arm-none-eabi/11.3.1/../../../../arm-none-eabi/lib/thumb/v7e-m+fp/hard\libc_nano.a(libc_a-lock.o)
                0x000000000800f856                __retarget_lock_release_recursive
 .text.memcpy   0x000000000800f858       0x1c C:/ST/STM32CubeIDE_1.12.0/STM32CubeIDE/plugins/com.st.stm32cube.ide.mcu.externaltools.gnu-tools-for-stm32.11.3.rel1.win32_1.1.0.202305231506/tools/bin/../lib/gcc/arm-none-eabi/11.3.1/../../../../arm-none-eabi/lib/thumb/v7e-m+fp/hard\libc_nano.a(libc_a-memcpy-stub.o)
                0x000000000800f858                memcpy
 .text.quorem   0x000000000800f874      0x110 C:/ST/STM32CubeIDE_1.12.0/STM32CubeIDE/plugins/com.st.stm32cube.ide.mcu.externaltools.gnu-tools-for-stm32.11.3.rel1.win32_1.1.0.202305231506/tools/bin/../lib/gcc/arm-none-eabi/11.3.1/../../../../arm-none-eabi/lib/thumb/v7e-m+fp/hard\libc_nano.a(libc_a-dtoa.o)
 *fill*         0x000000000800f984        0x4 
 .text._dtoa_r  0x000000000800f988      0xbe4 C:/ST/STM32CubeIDE_1.12.0/STM32CubeIDE/plugins/com.st.stm32cube.ide.mcu.externaltools.gnu-tools-for-stm32.11.3.rel1.win32_1.1.0.202305231506/tools/bin/../lib/gcc/arm-none-eabi/11.3.1/../../../../arm-none-eabi/lib/thumb/v7e-m+fp/hard\libc_nano.a(libc_a-dtoa.o)
                0x000000000800f988                _dtoa_r
 .text._free_r  0x000000000801056c       0x98 C:/ST/STM32CubeIDE_1.12.0/STM32CubeIDE/plugins/com.st.stm32cube.ide.mcu.externaltools.gnu-tools-for-stm32.11.3.rel1.win32_1.1.0.202305231506/tools/bin/../lib/gcc/arm-none-eabi/11.3.1/../../../../arm-none-eabi/lib/thumb/v7e-m+fp/hard\libc_nano.a(libc_a-freer.o)
                0x000000000801056c                _free_r
 .text.malloc   0x0000000008010604       0x10 C:/ST/STM32CubeIDE_1.12.0/STM32CubeIDE/plugins/com.st.stm32cube.ide.mcu.externaltools.gnu-tools-for-stm32.11.3.rel1.win32_1.1.0.202305231506/tools/bin/../lib/gcc/arm-none-eabi/11.3.1/../../../../arm-none-eabi/lib/thumb/v7e-m+fp/hard\libc_nano.a(libc_a-malloc.o)
                0x0000000008010604                malloc
 .text.sbrk_aligned
                0x0000000008010614       0x40 C:/ST/STM32CubeIDE_1.12.0/STM32CubeIDE/plugins/com.st.stm32cube.ide.mcu.externaltools.gnu-tools-for-stm32.11.3.rel1.win32_1.1.0.202305231506/tools/bin/../lib/gcc/arm-none-eabi/11.3.1/../../../../arm-none-eabi/lib/thumb/v7e-m+fp/hard\libc_nano.a(libc_a-mallocr.o)
 .text._malloc_r
                0x0000000008010654      0x100 C:/ST/STM32CubeIDE_1.12.0/STM32CubeIDE/plugins/com.st.stm32cube.ide.mcu.externaltools.gnu-tools-for-stm32.11.3.rel1.win32_1.1.0.202305231506/tools/bin/../lib/gcc/arm-none-eabi/11.3.1/../../../../arm-none-eabi/lib/thumb/v7e-m+fp/hard\libc_nano.a(libc_a-mallocr.o)
                0x0000000008010654                _malloc_r
 .text.__malloc_lock
                0x0000000008010754        0xc C:/ST/STM32CubeIDE_1.12.0/STM32CubeIDE/plugins/com.st.stm32cube.ide.mcu.externaltools.gnu-tools-for-stm32.11.3.rel1.win32_1.1.0.202305231506/tools/bin/../lib/gcc/arm-none-eabi/11.3.1/../../../../arm-none-eabi/lib/thumb/v7e-m+fp/hard\libc_nano.a(libc_a-mlock.o)
                0x0000000008010754                __malloc_lock
 .text.__malloc_unlock
                0x0000000008010760        0xc C:/ST/STM32CubeIDE_1.12.0/STM32CubeIDE/plugins/com.st.stm32cube.ide.mcu.externaltools.gnu-tools-for-stm32.11.3.rel1.win32_1.1.0.202305231506/tools/bin/../lib/gcc/arm-none-eabi/11.3.1/../../../../arm-none-eabi/lib/thumb/v7e-m+fp/hard\libc_nano.a(libc_a-mlock.o)
                0x0000000008010760                __malloc_unlock
 .text._Balloc  0x000000000801076c       0x80 C:/ST/STM32CubeIDE_1.12.0/STM32CubeIDE/plugins/com.st.stm32cube.ide.mcu.externaltools.gnu-tools-for-stm32.11.3.rel1.win32_1.1.0.202305231506/tools/bin/../lib/gcc/arm-none-eabi/11.3.1/../../../../arm-none-eabi/lib/thumb/v7e-m+fp/hard\libc_nano.a(libc_a-mprec.o)
                0x000000000801076c                _Balloc
 .text._Bfree   0x00000000080107ec       0x44 C:/ST/STM32CubeIDE_1.12.0/STM32CubeIDE/plugins/com.st.stm32cube.ide.mcu.externaltools.gnu-tools-for-stm32.11.3.rel1.win32_1.1.0.202305231506/tools/bin/../lib/gcc/arm-none-eabi/11.3.1/../../../../arm-none-eabi/lib/thumb/v7e-m+fp/hard\libc_nano.a(libc_a-mprec.o)
                0x00000000080107ec                _Bfree
 .text.__multadd
                0x0000000008010830       0x8c C:/ST/STM32CubeIDE_1.12.0/STM32CubeIDE/plugins/com.st.stm32cube.ide.mcu.externaltools.gnu-tools-for-stm32.11.3.rel1.win32_1.1.0.202305231506/tools/bin/../lib/gcc/arm-none-eabi/11.3.1/../../../../arm-none-eabi/lib/thumb/v7e-m+fp/hard\libc_nano.a(libc_a-mprec.o)
                0x0000000008010830                __multadd
 .text.__hi0bits
                0x00000000080108bc       0x40 C:/ST/STM32CubeIDE_1.12.0/STM32CubeIDE/plugins/com.st.stm32cube.ide.mcu.externaltools.gnu-tools-for-stm32.11.3.rel1.win32_1.1.0.202305231506/tools/bin/../lib/gcc/arm-none-eabi/11.3.1/../../../../arm-none-eabi/lib/thumb/v7e-m+fp/hard\libc_nano.a(libc_a-mprec.o)
                0x00000000080108bc                __hi0bits
 .text.__lo0bits
                0x00000000080108fc       0x5a C:/ST/STM32CubeIDE_1.12.0/STM32CubeIDE/plugins/com.st.stm32cube.ide.mcu.externaltools.gnu-tools-for-stm32.11.3.rel1.win32_1.1.0.202305231506/tools/bin/../lib/gcc/arm-none-eabi/11.3.1/../../../../arm-none-eabi/lib/thumb/v7e-m+fp/hard\libc_nano.a(libc_a-mprec.o)
                0x00000000080108fc                __lo0bits
 *fill*         0x0000000008010956        0x2 
 .text.__i2b    0x0000000008010958       0x2c C:/ST/STM32CubeIDE_1.12.0/STM32CubeIDE/plugins/com.st.stm32cube.ide.mcu.externaltools.gnu-tools-for-stm32.11.3.rel1.win32_1.1.0.202305231506/tools/bin/../lib/gcc/arm-none-eabi/11.3.1/../../../../arm-none-eabi/lib/thumb/v7e-m+fp/hard\libc_nano.a(libc_a-mprec.o)
                0x0000000008010958                __i2b
 .text.__multiply
                0x0000000008010984      0x154 C:/ST/STM32CubeIDE_1.12.0/STM32CubeIDE/plugins/com.st.stm32cube.ide.mcu.externaltools.gnu-tools-for-stm32.11.3.rel1.win32_1.1.0.202305231506/tools/bin/../lib/gcc/arm-none-eabi/11.3.1/../../../../arm-none-eabi/lib/thumb/v7e-m+fp/hard\libc_nano.a(libc_a-mprec.o)
                0x0000000008010984                __multiply
 .text.__pow5mult
                0x0000000008010ad8       0xb4 C:/ST/STM32CubeIDE_1.12.0/STM32CubeIDE/plugins/com.st.stm32cube.ide.mcu.externaltools.gnu-tools-for-stm32.11.3.rel1.win32_1.1.0.202305231506/tools/bin/../lib/gcc/arm-none-eabi/11.3.1/../../../../arm-none-eabi/lib/thumb/v7e-m+fp/hard\libc_nano.a(libc_a-mprec.o)
                0x0000000008010ad8                __pow5mult
 .text.__lshift
                0x0000000008010b8c       0xd8 C:/ST/STM32CubeIDE_1.12.0/STM32CubeIDE/plugins/com.st.stm32cube.ide.mcu.externaltools.gnu-tools-for-stm32.11.3.rel1.win32_1.1.0.202305231506/tools/bin/../lib/gcc/arm-none-eabi/11.3.1/../../../../arm-none-eabi/lib/thumb/v7e-m+fp/hard\libc_nano.a(libc_a-mprec.o)
                0x0000000008010b8c                __lshift
 .text.__mcmp   0x0000000008010c64       0x38 C:/ST/STM32CubeIDE_1.12.0/STM32CubeIDE/plugins/com.st.stm32cube.ide.mcu.externaltools.gnu-tools-for-stm32.11.3.rel1.win32_1.1.0.202305231506/tools/bin/../lib/gcc/arm-none-eabi/11.3.1/../../../../arm-none-eabi/lib/thumb/v7e-m+fp/hard\libc_nano.a(libc_a-mprec.o)
                0x0000000008010c64                __mcmp
 .text.__mdiff  0x0000000008010c9c      0x114 C:/ST/STM32CubeIDE_1.12.0/STM32CubeIDE/plugins/com.st.stm32cube.ide.mcu.externaltools.gnu-tools-for-stm32.11.3.rel1.win32_1.1.0.202305231506/tools/bin/../lib/gcc/arm-none-eabi/11.3.1/../../../../arm-none-eabi/lib/thumb/v7e-m+fp/hard\libc_nano.a(libc_a-mprec.o)
                0x0000000008010c9c                __mdiff
 .text.__d2b    0x0000000008010db0       0xb4 C:/ST/STM32CubeIDE_1.12.0/STM32CubeIDE/plugins/com.st.stm32cube.ide.mcu.externaltools.gnu-tools-for-stm32.11.3.rel1.win32_1.1.0.202305231506/tools/bin/../lib/gcc/arm-none-eabi/11.3.1/../../../../arm-none-eabi/lib/thumb/v7e-m+fp/hard\libc_nano.a(libc_a-mprec.o)
                0x0000000008010db0                __d2b
 .text.__sflush_r
                0x0000000008010e64      0x10c C:/ST/STM32CubeIDE_1.12.0/STM32CubeIDE/plugins/com.st.stm32cube.ide.mcu.externaltools.gnu-tools-for-stm32.11.3.rel1.win32_1.1.0.202305231506/tools/bin/../lib/gcc/arm-none-eabi/11.3.1/../../../../arm-none-eabi/lib/thumb/v7e-m+fp/hard\libc_nano.a(libc_a-fflush.o)
                0x0000000008010e64                __sflush_r
 .text._fflush_r
                0x0000000008010f70       0x50 C:/ST/STM32CubeIDE_1.12.0/STM32CubeIDE/plugins/com.st.stm32cube.ide.mcu.externaltools.gnu-tools-for-stm32.11.3.rel1.win32_1.1.0.202305231506/tools/bin/../lib/gcc/arm-none-eabi/11.3.1/../../../../arm-none-eabi/lib/thumb/v7e-m+fp/hard\libc_nano.a(libc_a-fflush.o)
                0x0000000008010f70                _fflush_r
 .text._sbrk_r  0x0000000008010fc0       0x20 C:/ST/STM32CubeIDE_1.12.0/STM32CubeIDE/plugins/com.st.stm32cube.ide.mcu.externaltools.gnu-tools-for-stm32.11.3.rel1.win32_1.1.0.202305231506/tools/bin/../lib/gcc/arm-none-eabi/11.3.1/../../../../arm-none-eabi/lib/thumb/v7e-m+fp/hard\libc_nano.a(libc_a-sbrkr.o)
                0x0000000008010fc0                _sbrk_r
 .text.__assert_func
                0x0000000008010fe0       0x3c C:/ST/STM32CubeIDE_1.12.0/STM32CubeIDE/plugins/com.st.stm32cube.ide.mcu.externaltools.gnu-tools-for-stm32.11.3.rel1.win32_1.1.0.202305231506/tools/bin/../lib/gcc/arm-none-eabi/11.3.1/../../../../arm-none-eabi/lib/thumb/v7e-m+fp/hard\libc_nano.a(libc_a-assert.o)
                0x0000000008010fe0                __assert_func
 .text._calloc_r
                0x000000000801101c       0x2c C:/ST/STM32CubeIDE_1.12.0/STM32CubeIDE/plugins/com.st.stm32cube.ide.mcu.externaltools.gnu-tools-for-stm32.11.3.rel1.win32_1.1.0.202305231506/tools/bin/../lib/gcc/arm-none-eabi/11.3.1/../../../../arm-none-eabi/lib/thumb/v7e-m+fp/hard\libc_nano.a(libc_a-callocr.o)
                0x000000000801101c                _calloc_r
 .text.__ascii_mbtowc
                0x0000000008011048       0x24 C:/ST/STM32CubeIDE_1.12.0/STM32CubeIDE/plugins/com.st.stm32cube.ide.mcu.externaltools.gnu-tools-for-stm32.11.3.rel1.win32_1.1.0.202305231506/tools/bin/../lib/gcc/arm-none-eabi/11.3.1/../../../../arm-none-eabi/lib/thumb/v7e-m+fp/hard\libc_nano.a(libc_a-mbtowc_r.o)
                0x0000000008011048                __ascii_mbtowc
 .text.__ascii_wctomb
                0x000000000801106c       0x1a C:/ST/STM32CubeIDE_1.12.0/STM32CubeIDE/plugins/com.st.stm32cube.ide.mcu.externaltools.gnu-tools-for-stm32.11.3.rel1.win32_1.1.0.202305231506/tools/bin/../lib/gcc/arm-none-eabi/11.3.1/../../../../arm-none-eabi/lib/thumb/v7e-m+fp/hard\libc_nano.a(libc_a-wctomb_r.o)
                0x000000000801106c                __ascii_wctomb
 *fill*         0x0000000008011086        0x2 
 .text.fprintf  0x0000000008011088       0x24 C:/ST/STM32CubeIDE_1.12.0/STM32CubeIDE/plugins/com.st.stm32cube.ide.mcu.externaltools.gnu-tools-for-stm32.11.3.rel1.win32_1.1.0.202305231506/tools/bin/../lib/gcc/arm-none-eabi/11.3.1/../../../../arm-none-eabi/lib/thumb/v7e-m+fp/hard\libc_nano.a(libc_a-fprintf.o)
                0x0000000008011088                fiprintf
                0x0000000008011088                fprintf
 .text.abort    0x00000000080110ac        0xe C:/ST/STM32CubeIDE_1.12.0/STM32CubeIDE/plugins/com.st.stm32cube.ide.mcu.externaltools.gnu-tools-for-stm32.11.3.rel1.win32_1.1.0.202305231506/tools/bin/../lib/gcc/arm-none-eabi/11.3.1/../../../../arm-none-eabi/lib/thumb/v7e-m+fp/hard\libc_nano.a(libc_a-abort.o)
                0x00000000080110ac                abort
 .text.__sfputc_r
                0x00000000080110ba       0x2e C:/ST/STM32CubeIDE_1.12.0/STM32CubeIDE/plugins/com.st.stm32cube.ide.mcu.externaltools.gnu-tools-for-stm32.11.3.rel1.win32_1.1.0.202305231506/tools/bin/../lib/gcc/arm-none-eabi/11.3.1/../../../../arm-none-eabi/lib/thumb/v7e-m+fp/hard\libc_nano.a(libc_a-nano-vfprintf.o)
 .text.__sfputs_r
                0x00000000080110e8       0x24 C:/ST/STM32CubeIDE_1.12.0/STM32CubeIDE/plugins/com.st.stm32cube.ide.mcu.externaltools.gnu-tools-for-stm32.11.3.rel1.win32_1.1.0.202305231506/tools/bin/../lib/gcc/arm-none-eabi/11.3.1/../../../../arm-none-eabi/lib/thumb/v7e-m+fp/hard\libc_nano.a(libc_a-nano-vfprintf.o)
                0x00000000080110e8                __sfputs_r
 .text._vfprintf_r
                0x000000000801110c      0x234 C:/ST/STM32CubeIDE_1.12.0/STM32CubeIDE/plugins/com.st.stm32cube.ide.mcu.externaltools.gnu-tools-for-stm32.11.3.rel1.win32_1.1.0.202305231506/tools/bin/../lib/gcc/arm-none-eabi/11.3.1/../../../../arm-none-eabi/lib/thumb/v7e-m+fp/hard\libc_nano.a(libc_a-nano-vfprintf.o)
                0x000000000801110c                _vfprintf_r
                0x000000000801110c                _vfiprintf_r
 .text.__swbuf_r