Archive member included to satisfy reference by file (symbol)

C:/ST/STM32CubeIDE_1.12.0/STM32CubeIDE/plugins/com.st.stm32cube.ide.mcu.externaltools.gnu-tools-for-stm32.11.3.rel1.win32_1.1.0.202305231506/tools/bin/../lib/gcc/arm-none-eabi/11.3.1/../../../../arm-none-eabi/lib/thumb/v7e-m+fp/hard\libc_nano.a(libc_a-exit.o)
                              C:/ST/STM32CubeIDE_1.12.0/STM32CubeIDE/plugins/com.st.stm32cube.ide.mcu.externaltools.gnu-tools-for-stm32.11.3.rel1.win32_1.1.0.202305231506/tools/bin/../lib/gcc/arm-none-eabi/11.3.1/../../../../arm-none-eabi/lib/thumb/v7e-m+fp/hard/crt0.o (exit)
C:/ST/STM32CubeIDE_1.12.0/STM32CubeIDE/plugins/com.st.stm32cube.ide.mcu.externaltools.gnu-tools-for-stm32.11.3.rel1.win32_1.1.0.202305231506/tools/bin/../lib/gcc/arm-none-eabi/11.3.1/../../../../arm-none-eabi/lib/thumb/v7e-m+fp/hard\libc_nano.a(libc_a-nano-vfprintf_float.o)
                              (_printf_float)
C:/ST/STM32CubeIDE_1.12.0/STM32CubeIDE/plugins/com.st.stm32cube.ide.mcu.externaltools.gnu-tools-for-stm32.11.3.rel1.win32_1.1.0.202305231506/tools/bin/../lib/gcc/arm-none-eabi/11.3.1/../../../../arm-none-eabi/lib/thumb/v7e-m+fp/hard\libc_nano.a(libc_a-nano-vfprintf_i.o)
                              C:/ST/STM32CubeIDE_1.12.0/STM32CubeIDE/plugins/com.st.stm32cube.ide.mcu.externaltools.gnu-tools-for-stm32.11.3.rel1.win32_1.1.0.202305231506/tools/bin/../lib/gcc/arm-none-eabi/11.3.1/../../../../arm-none-eabi/lib/thumb/v7e-m+fp/hard\libc_nano.a(libc_a-nano-vfprintf_float.o) (_printf_common)
C:/ST/STM32CubeIDE_1.12.0/STM32CubeIDE/plugins/com.st.stm32cube.ide.mcu.externaltools.gnu-tools-for-stm32.11.3.rel1.win32_1.1.0.202305231506/tools/bin/../lib/gcc/arm-none-eabi/11.3.1/../../../../arm-none-eabi/lib/thumb/v7e-m+fp/hard\libc_nano.a(libc_a-findfp.o)
                              ./Middlewares/Third_Party/FreeRTOS/Source/tasks.o (__sf)
C:/ST/STM32CubeIDE_1.12.0/STM32CubeIDE/plugins/com.st.stm32cube.ide.mcu.externaltools.gnu-tools-for-stm32.11.3.rel1.win32_1.1.0.202305231506/tools/bin/../lib/gcc/arm-none-eabi/11.3.1/../../../../arm-none-eabi/lib/thumb/v7e-m+fp/hard\libc_nano.a(libc_a-fwalk.o)
                              C:/ST/STM32CubeIDE_1.12.0/STM32CubeIDE/plugins/com.st.stm32cube.ide.mcu.externaltools.gnu-tools-for-stm32.11.3.rel1.win32_1.1.0.202305231506/tools/bin/../lib/gcc/arm-none-eabi/11.3.1/../../../../arm-none-eabi/lib/thumb/v7e-m+fp/hard\libc_nano.a(libc_a-findfp.o) (_fwalk_sglue)
C:/ST/STM32CubeIDE_1.12.0/STM32CubeIDE/plugins/com.st.stm32cube.ide.mcu.externaltools.gnu-tools-for-stm32.11.3.rel1.win32_1.1.0.202305231506/tools/bin/../lib/gcc/arm-none-eabi/11.3.1/../../../../arm-none-eabi/lib/thumb/v7e-m+fp/hard\libc_nano.a(libc_a-stdio.o)
                              C:/ST/STM32CubeIDE_1.12.0/STM32CubeIDE/plugins/com.st.stm32cube.ide.mcu.externaltools.gnu-tools-for-stm32.11.3.rel1.win32_1.1.0.202305231506/tools/bin/../lib/gcc/arm-none-eabi/11.3.1/../../../../arm-none-eabi/lib/thumb/v7e-m+fp/hard\libc_nano.a(libc_a-findfp.o) (__sread)
C:/ST/STM32CubeIDE_1.12.0/STM32CubeIDE/plugins/com.st.stm32cube.ide.mcu.externaltools.gnu-tools-for-stm32.11.3.rel1.win32_1.1.0.202305231506/tools/bin/../lib/gcc/arm-none-eabi/11.3.1/../../../../arm-none-eabi/lib/thumb/v7e-m+fp/hard\libc_nano.a(libc_a-memset.o)
                              C:/ST/STM32CubeIDE_1.12.0/STM32CubeIDE/plugins/com.st.stm32cube.ide.mcu.externaltools.gnu-tools-for-stm32.11.3.rel1.win32_1.1.0.202305231506/tools/bin/../lib/gcc/arm-none-eabi/11.3.1/../../../../arm-none-eabi/lib/thumb/v7e-m+fp/hard/crt0.o (memset)
C:/ST/STM32CubeIDE_1.12.0/STM32CubeIDE/plugins/com.st.stm32cube.ide.mcu.externaltools.gnu-tools-for-stm32.11.3.rel1.win32_1.1.0.202305231506/tools/bin/../lib/gcc/arm-none-eabi/11.3.1/../../../../arm-none-eabi/lib/thumb/v7e-m+fp/hard\libc_nano.a(libc_a-localeconv.o)
                              C:/ST/STM32CubeIDE_1.12.0/STM32CubeIDE/plugins/com.st.stm32cube.ide.mcu.externaltools.gnu-tools-for-stm32.11.3.rel1.win32_1.1.0.202305231506/tools/bin/../lib/gcc/arm-none-eabi/11.3.1/../../../../arm-none-eabi/lib/thumb/v7e-m+fp/hard\libc_nano.a(libc_a-nano-vfprintf_float.o) (_localeconv_r)
C:/ST/STM32CubeIDE_1.12.0/STM32CubeIDE/plugins/com.st.stm32cube.ide.mcu.externaltools.gnu-tools-for-stm32.11.3.rel1.win32_1.1.0.202305231506/tools/bin/../lib/gcc/arm-none-eabi/11.3.1/../../../../arm-none-eabi/lib/thumb/v7e-m+fp/hard\libc_nano.a(libc_a-closer.o)
                              C:/ST/STM32CubeIDE_1.12.0/STM32CubeIDE/plugins/com.st.stm32cube.ide.mcu.externaltools.gnu-tools-for-stm32.11.3.rel1.win32_1.1.0.202305231506/tools/bin/../lib/gcc/arm-none-eabi/11.3.1/../../../../arm-none-eabi/lib/thumb/v7e-m+fp/hard\libc_nano.a(libc_a-stdio.o) (_close_r)
C:/ST/STM32CubeIDE_1.12.0/STM32CubeIDE/plugins/com.st.stm32cube.ide.mcu.externaltools.gnu-tools-for-stm32.11.3.rel1.win32_1.1.0.202305231506/tools/bin/../lib/gcc/arm-none-eabi/11.3.1/../../../../arm-none-eabi/lib/thumb/v7e-m+fp/hard\libc_nano.a(libc_a-reent.o)
[...]
Memory Configuration

Name             Origin             Length             Attributes
RAM              0x0000000020000000 0x0000000000020000 xrw
FLASH            0x0000000008000000 0x0000000000080000 xr
*default*        0x0000000000000000 0xffffffffffffffff

Linker script and memory map

LOAD C:/ST/STM32CubeIDE_1.12.0/STM32CubeIDE/plugins/com.st.stm32cube.ide.mcu.externaltools.gnu-tools-for-stm32.11.3.rel1.win32_1.1.0.202305231506/tools/bin/../lib/gcc/arm-none-eabi/11.3.1/thumb/v7e-m+fp/hard/crti.o
LOAD C:/ST/STM32CubeIDE_1.12.0/STM32CubeIDE/plugins/com.st.stm32cube.ide.mcu.externaltools.gnu-tools-for-stm32.11.3.rel1.win32_1.1.0.202305231506/tools/bin/../lib/gcc/arm-none-eabi/11.3.1/thumb/v7e-m+fp/hard/crtbegin.o
LOAD C:/ST/STM32CubeIDE_1.12.0/STM32CubeIDE/plugins/com.st.stm32cube.ide.mcu.externaltools.gnu-tools-for-stm32.11.3.rel1.win32_1.1.0.202305231506/tools/bin/../lib/gcc/arm-none-eabi/11.3.1/../../../../arm-none-eabi/lib/thumb/v7e-m+fp/hard/crt0.o
LOAD ./Core/Src/GFX_BW.o
LOAD ./Core/Src/SSD1306_OLED.o
LOAD ./Core/Src/bh1750.o
LOAD ./Core/Src/bme280.o
LOAD ./Core/Src/delays.o
LOAD ./Core/Src/drv8835.o
LOAD ./Core/Src/freertos.o
LOAD ./Core/Src/gpio.o
LOAD ./Core/Src/i2c.o
LOAD ./Core/Src/main.o
LOAD ./Core/Src/printf.o
LOAD ./Core/Src/rtc.o
LOAD ./Core/Src/stm32f4xx_hal_msp.o
LOAD ./Core/Src/stm32f4xx_hal_timebase_tim.o
LOAD ./Core/Src/stm32f4xx_it.o
LOAD ./Core/Src/syscalls.o
LOAD ./Core/Src/sysmem.o
LOAD ./Core/Src/system_stm32f4xx.o
LOAD ./Core/Src/tim.o
LOAD ./Core/Src/usart.o
LOAD ./Core/Startup/startup_stm32f446retx.o
LOAD ./Drivers/STM32F4xx_HAL_Driver/Src/stm32f4xx_hal.o
LOAD ./Drivers/STM32F4xx_HAL_Driver/Src/stm32f4xx_hal_cortex.o
LOAD ./Drivers/STM32F4xx_HAL_Driver/Src/stm32f4xx_hal_dma.o
LOAD ./Drivers/STM32F4xx_HAL_Driver/Src/stm32f4xx_hal_dma_ex.o
LOAD ./Drivers/STM32F4xx_HAL_Driver/Src/stm32f4xx_hal_exti.o
LOAD ./Drivers/STM32F4xx_HAL_Driver/Src/stm32f4xx_hal_flash.o
LOAD ./Drivers/STM32F4xx_HAL_Driver/Src/stm32f4xx_hal_flash_ex.o
LOAD ./Drivers/STM32F4xx_HAL_Driver/Src/stm32f4xx_hal_flash_ramfunc.o
LOAD ./Drivers/STM32F4xx_HAL_Driver/Src/stm32f4xx_hal_gpio.o
LOAD ./Drivers/STM32F4xx_HAL_Driver/Src/stm32f4xx_hal_i2c.o
LOAD ./Drivers/STM32F4xx_HAL_Driver/Src/stm32f4xx_hal_i2c_ex.o
LOAD ./Drivers/STM32F4xx_HAL_Driver/Src/stm32f4xx_hal_pwr.o
LOAD ./Drivers/STM32F4xx_HAL_Driver/Src/stm32f4xx_hal_pwr_ex.o
LOAD ./Drivers/STM32F4xx_HAL_Driver/Src/stm32f4xx_hal_rcc.o
LOAD ./Drivers/STM32F4xx_HAL_Driver/Src/stm32f4xx_hal_rcc_ex.o
LOAD ./Drivers/STM32F4xx_HAL_Driver/Src/stm32f4xx_hal_rtc.o
LOAD ./Drivers/STM32F4xx_HAL_Driver/Src/stm32f4xx_hal_rtc_ex.o
LOAD ./Drivers/STM32F4xx_HAL_Driver/Src/stm32f4xx_hal_tim.o
LOAD ./Drivers/STM32F4xx_HAL_Driver/Src/stm32f4xx_hal_tim_ex.o
LOAD ./Drivers/STM32F4xx_HAL_Driver/Src/stm32f4xx_hal_uart.o
LOAD ./Middlewares/Third_Party/FreeRTOS/Source/CMSIS_RTOS_V2/cmsis_os2.o
LOAD ./Middlewares/Third_Party/FreeRTOS/Source/croutine.o
LOAD ./Middlewares/Third_Party/FreeRTOS/Source/event_groups.o
LOAD ./Middlewares/Third_Party/FreeRTOS/Source/list.o
LOAD ./Middlewares/Third_Party/FreeRTOS/Source/queue.o
LOAD ./Middlewares/Third_Party/FreeRTOS/Source/stream_buffer.o
LOAD ./Middlewares/Third_Party/FreeRTOS/Source/tasks.o
LOAD ./Middlewares/Third_Party/FreeRTOS/Source/timers.o
LOAD ./Middlewares/Third_Party/FreeRTOS/Source/portable/GCC/ARM_CM4F/port.o
LOAD ./Middlewares/Third_Party/FreeRTOS/Source/portable/MemMang/heap_4.o
START GROUP
LOAD C:/ST/STM32CubeIDE_1.12.0/STM32CubeIDE/plugins/com.st.stm32cube.ide.mcu.externaltools.gnu-tools-for-stm32.11.3.rel1.win32_1.1.0.202305231506/tools/bin/../lib/gcc/arm-none-eabi/11.3.1/../../../../arm-none-eabi/lib/thumb/v7e-m+fp/hard\libc_nano.a
LOAD C:/ST/STM32CubeIDE_1.12.0/STM32CubeIDE/plugins/com.st.stm32cube.ide.mcu.externaltools.gnu-tools-for-stm32.11.3.rel1.win32_1.1.0.202305231506/tools/bin/../lib/gcc/arm-none-eabi/11.3.1/../../../../arm-none-eabi/lib/thumb/v7e-m+fp/hard\libm.a
END GROUP
START GROUP
LOAD C:/ST/STM32CubeIDE_1.12.0/STM32CubeIDE/plugins/com.st.stm32cube.ide.mcu.externaltools.gnu-tools-for-stm32.11.3.rel1.win32_1.1.0.202305231506/tools/bin/../lib/gcc/arm-none-eabi/11.3.1/thumb/v7e-m+fp/hard\libgcc.a
LOAD C:/ST/STM32CubeIDE_1.12.0/STM32CubeIDE/plugins/com.st.stm32cube.ide.mcu.externaltools.gnu-tools-for-stm32.11.3.rel1.win32_1.1.0.202305231506/tools/bin/../lib/gcc/arm-none-eabi/11.3.1/../../../../arm-none-eabi/lib/thumb/v7e-m+fp/hard\libc_nano.a
END GROUP
START GROUP
LOAD C:/ST/STM32CubeIDE_1.12.0/STM32CubeIDE/plugins/com.st.stm32cube.ide.mcu.externaltools.gnu-tools-for-stm32.11.3.rel1.win32_1.1.0.202305231506/tools/bin/../lib/gcc/arm-none-eabi/11.3.1/thumb/v7e-m+fp/hard\libgcc.a
LOAD C:/ST/STM32CubeIDE_1.12.0/STM32CubeIDE/plugins/com.st.stm32cube.ide.mcu.externaltools.gnu-tools-for-stm32.11.3.rel1.win32_1.1.0.202305231506/tools/bin/../lib/gcc/arm-none-eabi/11.3.1/../../../../arm-none-eabi/lib/thumb/v7e-m+fp/hard\libc_nano.a
LOAD C:/ST/STM32CubeIDE_1.12.0/STM32CubeIDE/plugins/com.st.stm32cube.ide.mcu.externaltools.gnu-tools-for-stm32.11.3.rel1.win32_1.1.0.202305231506/tools/bin/../lib/gcc/arm-none-eabi/11.3.1/../../../../arm-none-eabi/lib/thumb/v7e-m+fp/hard\libnosys.a
END GROUP
START GROUP
LOAD C:/ST/STM32CubeIDE_1.12.0/STM32CubeIDE/plugins/com.st.stm32cube.ide.mcu.externaltools.gnu-tools-for-stm32.11.3.rel1.win32_1.1.0.202305231506/tools/bin/../lib/gcc/arm-none-eabi/11.3.1/thumb/v7e-m+fp/hard\libgcc.a
LOAD C:/ST/STM32CubeIDE_1.12.0/STM32CubeIDE/plugins/com.st.stm32cube.ide.mcu.externaltools.gnu-tools-for-stm32.11.3.rel1.win32_1.1.0.202305231506/tools/bin/../lib/gcc/arm-none-eabi/11.3.1/../../../../arm-none-eabi/lib/thumb/v7e-m+fp/hard\libc_nano.a
LOAD C:/ST/STM32CubeIDE_1.12.0/STM32CubeIDE/plugins/com.st.stm32cube.ide.mcu.externaltools.gnu-tools-for-stm32.11.3.rel1.win32_1.1.0.202305231506/tools/bin/../lib/gcc/arm-none-eabi/11.3.1/../../../../arm-none-eabi/lib/thumb/v7e-m+fp/hard\libnosys.a
END GROUP
LOAD C:/ST/STM32CubeIDE_1.12.0/STM32CubeIDE/plugins/com.st.stm32cube.ide.mcu.externaltools.gnu-tools-for-stm32.11.3.rel1.win32_1.1.0.202305231506/tools/bin/../lib/gcc/arm-none-eabi/11.3.1/thumb/v7e-m+fp/hard/crtend.o
LOAD C:/ST/STM32CubeIDE_1.12.0/STM32CubeIDE/plugins/com.st.stm32cube.ide.mcu.externaltools.gnu-tools-for-stm32.11.3.rel1.win32_1.1.0.202305231506/tools/bin/../lib/gcc/arm-none-eabi/11.3.1/thumb/v7e-m+fp/hard/crtn.o
                0x0000000020020000                _estack = (ORIGIN (RAM) + LENGTH (RAM))
                0x0000000000000200                _Min_Heap_Size = 0x200
                0x0000000000000400                _Min_Stack_Size = 0x400

.isr_vector     0x0000000008000000      0x1c4
                0x0000000008000000                . = ALIGN (0x4)
 *(.isr_vector)
 .isr_vector    0x0000000008000000      0x1c4 ./Core/Startup/startup_stm32f446retx.o
                0x0000000008000000                g_pfnVectors
                0x00000000080001c4                . = ALIGN (0x4)

.text           0x00000000080001d0    0x10cc4
                0x00000000080001d0                . = ALIGN (0x4)
 *(.text)
 .text          0x00000000080001d0       0x40 C:/ST/STM32CubeIDE_1.12.0/STM32CubeIDE/plugins/com.st.stm32cube.ide.mcu.externaltools.gnu-tools-for-stm32.11.3.rel1.win32_1.1.0.202305231506/tools/bin/../lib/gcc/arm-none-eabi/11.3.1/thumb/v7e-m+fp/hard/crtbegin.o
 .text          0x0000000008000210       0xa0 C:/ST/STM32CubeIDE_1.12.0/STM32CubeIDE/plugins/com.st.stm32cube.ide.mcu.externaltools.gnu-tools-for-stm32.11.3.rel1.win32_1.1.0.202305231506/tools/bin/../lib/gcc/arm-none-eabi/11.3.1/../../../../arm-none-eabi/lib/thumb/v7e-m+fp/hard\libc_nano.a(libc_a-memchr.o)
                0x0000000008000210                memchr
 .text          0x00000000080002b0       0x10 C:/ST/STM32CubeIDE_1.12.0/STM32CubeIDE/plugins/com.st.stm32cube.ide.mcu.externaltools.gnu-tools-for-stm32.11.3.rel1.win32_1.1.0.202305231506/tools/bin/../lib/gcc/arm-none-eabi/11.3.1/../../../../arm-none-eabi/lib/thumb/v7e-m+fp/hard\libc_nano.a(libc_a-strlen.o)
                0x00000000080002b0                strlen
 .text          0x00000000080002c0      0x378 C:/ST/STM32CubeIDE_1.12.0/STM32CubeIDE/plugins/com.st.stm32cube.ide.mcu.externaltools.gnu-tools-for-stm32.11.3.rel1.win32_1.1.0.202305231506/tools/bin/../lib/gcc/arm-none-eabi/11.3.1/thumb/v7e-m+fp/hard\libgcc.a(_arm_addsubdf3.o)
                0x00000000080002c0                __aeabi_drsub
                0x00000000080002c8                __aeabi_dsub
                0x00000000080002c8                __subdf3
                0x00000000080002cc                __aeabi_dadd
                0x00000000080002cc                __adddf3
                0x0000000008000544                __floatunsidf
                0x0000000008000544                __aeabi_ui2d
                0x0000000008000564                __floatsidf
                0x0000000008000564                __aeabi_i2d
                0x0000000008000588                __aeabi_f2d
                0x0000000008000588                __extendsfdf2
                0x00000000080005cc                __floatundidf
                0x00000000080005cc                __aeabi_ul2d
                0x00000000080005dc                __floatdidf
                0x00000000080005dc                __aeabi_l2d
 .text          0x0000000008000638      0x424 C:/ST/STM32CubeIDE_1.12.0/STM32CubeIDE/plugins/com.st.stm32cube.ide.mcu.externaltools.gnu-tools-for-stm32.11.3.rel1.win32_1.1.0.202305231506/tools/bin/../lib/gcc/arm-none-eabi/11.3.1/thumb/v7e-m+fp/hard\libgcc.a(_arm_muldivdf3.o)
                0x0000000008000638                __aeabi_dmul
                0x0000000008000638                __muldf3
                0x000000000800088c                __divdf3
                0x000000000800088c                __aeabi_ddiv
 .text          0x0000000008000a5c      0x110 C:/ST/STM32CubeIDE_1.12.0/STM32CubeIDE/plugins/com.st.stm32cube.ide.mcu.externaltools.gnu-tools-for-stm32.11.3.rel1.win32_1.1.0.202305231506/tools/bin/../lib/gcc/arm-none-eabi/11.3.1/thumb/v7e-m+fp/hard\libgcc.a(_arm_cmpdf2.o)
                0x0000000008000a5c                __gtdf2
                0x0000000008000a5c                __gedf2
                0x0000000008000a64                __ltdf2
                0x0000000008000a64                __ledf2
                0x0000000008000a6c                __nedf2
                0x0000000008000a6c                __eqdf2
                0x0000000008000a6c                __cmpdf2
                0x0000000008000ae8                __aeabi_cdrcmple
                0x0000000008000af8                __aeabi_cdcmpeq
                0x0000000008000af8                __aeabi_cdcmple
                0x0000000008000b08                __aeabi_dcmpeq
                0x0000000008000b1c                __aeabi_dcmplt
                0x0000000008000b30                __aeabi_dcmple
                0x0000000008000b44                __aeabi_dcmpge
                0x0000000008000b58                __aeabi_dcmpgt
 .text          0x0000000008000b6c       0x2c C:/ST/STM32CubeIDE_1.12.0/STM32CubeIDE/plugins/com.st.stm32cube.ide.mcu.externaltools.gnu-tools-for-stm32.11.3.rel1.win32_1.1.0.202305231506/tools/bin/../lib/gcc/arm-none-eabi/11.3.1/thumb/v7e-m+fp/hard\libgcc.a(_arm_unorddf2.o)
                0x0000000008000b6c                __unorddf2
                0x0000000008000b6c                __aeabi_dcmpun
 .text          0x0000000008000b98       0x50 C:/ST/STM32CubeIDE_1.12.0/STM32CubeIDE/plugins/com.st.stm32cube.ide.mcu.externaltools.gnu-tools-for-stm32.11.3.rel1.win32_1.1.0.202305231506/tools/bin/../lib/gcc/arm-none-eabi/11.3.1/thumb/v7e-m+fp/hard\libgcc.a(_arm_fixdfsi.o)
                0x0000000008000b98                __aeabi_d2iz
                0x0000000008000b98                __fixdfsi
 .text          0x0000000008000be8       0x40 C:/ST/STM32CubeIDE_1.12.0/STM32CubeIDE/plugins/com.st.stm32cube.ide.mcu.externaltools.gnu-tools-for-stm32.11.3.rel1.win32_1.1.0.202305231506/tools/bin/../lib/gcc/arm-none-eabi/11.3.1/thumb/v7e-m+fp/hard\libgcc.a(_arm_fixunsdfsi.o)
                0x0000000008000be8                __aeabi_d2uiz
                0x0000000008000be8                __fixunsdfsi
 .text          0x0000000008000c28       0xa0 C:/ST/STM32CubeIDE_1.12.0/STM32CubeIDE/plugins/com.st.stm32cube.ide.mcu.externaltools.gnu-tools-for-stm32.11.3.rel1.win32_1.1.0.202305231506/tools/bin/../lib/gcc/arm-none-eabi/11.3.1/thumb/v7e-m+fp/hard\libgcc.a(_aeabi_ldivmod.o)
                0x0000000008000c28                __aeabi_ldivmod
 .text          0x0000000008000cc8       0x30 C:/ST/STM32CubeIDE_1.12.0/STM32CubeIDE/plugins/com.st.stm32cube.ide.mcu.externaltools.gnu-tools-for-stm32.11.3.rel1.win32_1.1.0.202305231506/tools/bin/../lib/gcc/arm-none-eabi/11.3.1/thumb/v7e-m+fp/hard\libgcc.a(_aeabi_uldivmod.o)
                0x0000000008000cc8                __aeabi_uldivmod
 .text          0x0000000008000cf8      0x2c8 C:/ST/STM32CubeIDE_1.12.0/STM32CubeIDE/plugins/com.st.stm32cube.ide.mcu.externaltools.gnu-tools-for-stm32.11.3.rel1.win32_1.1.0.202305231506/tools/bin/../lib/gcc/arm-none-eabi/11.3.1/thumb/v7e-m+fp/hard\libgcc.a(_udivmoddi4.o)
                0x0000000008000cf8                __udivmoddi4
 .text          0x0000000008000fc0        0x4 C:/ST/STM32CubeIDE_1.12.0/STM32CubeIDE/plugins/com.st.stm32cube.ide.mcu.externaltools.gnu-tools-for-stm32.11.3.rel1.win32_1.1.0.202305231506/tools/bin/../lib/gcc/arm-none-eabi/11.3.1/thumb/v7e-m+fp/hard\libgcc.a(_dvmd_tls.o)
                0x0000000008000fc0                __aeabi_idiv0
                0x0000000008000fc0                __aeabi_ldiv0
 *(.text*)
 .text.GFX_SetFont
                0x0000000008000fc4       0x20 ./Core/Src/GFX_BW.o
                0x0000000008000fc4                GFX_SetFont
 .text.GFX_DrawChar
                0x0000000008000fe4      0x174 ./Core/Src/GFX_BW.o
                0x0000000008000fe4                GFX_DrawChar
 .text.GFX_DrawString
                0x0000000008001158       0xb8 ./Core/Src/GFX_BW.o
                0x0000000008001158                GFX_DrawString
 .text.GFX_WriteLine
                0x0000000008001210      0x11e ./Core/Src/GFX_BW.o
                0x0000000008001210                GFX_WriteLine
 .text.GFX_DrawFastVLine
                0x000000000800132e       0x2e ./Core/Src/GFX_BW.o
                0x000000000800132e                GFX_DrawFastVLine
 .text.GFX_DrawFillRectangle
                0x000000000800135c       0x46 ./Core/Src/GFX_BW.o
                0x000000000800135c                GFX_DrawFillRectangle
 *fill*         0x00000000080013a2        0x2 
 .text.SSD1306_Command
                0x00000000080013a4       0x34 ./Core/Src/SSD1306_OLED.o
                0x00000000080013a4                SSD1306_Command
 .text.SSD1306_Data
                0x00000000080013d8       0x34 ./Core/Src/SSD1306_OLED.o
                0x00000000080013d8                SSD1306_Data
 .text.SSD1306_DrawPixel
                0x000000000800140c      0x120 ./Core/Src/SSD1306_OLED.o
                0x000000000800140c                SSD1306_DrawPixel
 .text.SSD1306_Clear
                0x000000000800152c       0x3c ./Core/Src/SSD1306_OLED.o
                0x000000000800152c                SSD1306_Clear
 .text.SSD1306_Display
                0x0000000008001568       0x3c ./Core/Src/SSD1306_OLED.o
                0x0000000008001568                SSD1306_Display
 .text.SSD1306_Init
                0x00000000080015a4       0xb0 ./Core/Src/SSD1306_OLED.o
                0x00000000080015a4                SSD1306_Init
 .text.BH1750_Init
                0x0000000008001654       0x38 ./Core/Src/bh1750.o
                0x0000000008001654                BH1750_Init
 .text.BH1750_Reset
                0x000000000800168c       0x34 ./Core/Src/bh1750.o
                0x000000000800168c                BH1750_Reset
 .text.BH1750_SetMode
                0x00000000080016c0       0x64 ./Core/Src/bh1750.o
                0x00000000080016c0                BH1750_SetMode
 .text.BH1750_SetMtreg
                0x0000000008001724       0x9c ./Core/Src/bh1750.o
                0x0000000008001724                BH1750_SetMtreg
 .text.BH1750_ReadLight
                0x00000000080017c0       0xb4 ./Core/Src/bh1750.o
                0x00000000080017c0                BH1750_ReadLight
 .text.BME280_Read8
                0x0000000008001874       0x3c ./Core/Src/bme280.o
                0x0000000008001874                BME280_Read8
 .text.BME280_Read16
                0x00000000080018b0       0x44 ./Core/Src/bme280.o
                0x00000000080018b0                BME280_Read16
 .text.BME280_Read16LE
                0x00000000080018f4       0x32 ./Core/Src/bme280.o
                0x00000000080018f4                BME280_Read16LE
 *fill*         0x0000000008001926        0x2 
 .text.BME280_Write8
                0x0000000008001928       0x38 ./Core/Src/bme280.o
                0x0000000008001928                BME280_Write8
 .text.BME280_Read24
                0x0000000008001960       0x44 ./Core/Src/bme280.o
                0x0000000008001960                BME280_Read24
 .text.BME280_IsReadingCalibration
                0x00000000080019a4       0x28 ./Core/Src/bme280.o
                0x00000000080019a4                BME280_IsReadingCalibration
 .text.BME280_SetConfig
                0x00000000080019cc       0x3e ./Core/Src/bme280.o
                0x00000000080019cc                BME280_SetConfig
 *fill*         0x0000000008001a0a        0x2 
 .text.BME280_Init
                0x0000000008001a0c      0x2b4 ./Core/Src/bme280.o
                0x0000000008001a0c                BME280_Init
 .text.BME280_ReadTemperature
                0x0000000008001cc0      0x120 ./Core/Src/bme280.o
                0x0000000008001cc0                BME280_ReadTemperature
 .text.BME280_ReadTemperatureAndPressureAndHuminidity
                0x0000000008001de0      0x6f8 ./Core/Src/bme280.o
                0x0000000008001de0                BME280_ReadTemperatureAndPressureAndHuminidity
 .text.drv8835_mode_control
                0x00000000080024d8       0x38 ./Core/Src/drv8835.o
                0x00000000080024d8                drv8835_mode_control
 .text.drv8835_set_motorA_direction
                0x0000000008002510       0x3c ./Core/Src/drv8835.o
                0x0000000008002510                drv8835_set_motorA_direction
 .text.drv8835_set_motorA_speed
                0x000000000800254c       0x38 ./Core/Src/drv8835.o
                0x000000000800254c                drv8835_set_motorA_speed
 .text.drv8835_init
                0x0000000008002584       0x28 ./Core/Src/drv8835.o
                0x0000000008002584                drv8835_init
 .text.MX_FREERTOS_Init
                0x00000000080025ac      0x1f0 ./Core/Src/freertos.o
                0x00000000080025ac                MX_FREERTOS_Init
 .text.StartDefaultTask
                0x000000000800279c       0x40 ./Core/Src/freertos.o
                0x000000000800279c                StartDefaultTask
 .text.StartTaskRTC
                0x00000000080027dc      0x110 ./Core/Src/freertos.o
                0x00000000080027dc                StartTaskRTC
 .text.StartTaskBme280
                0x00000000080028ec       0xe4 ./Core/Src/freertos.o
                0x00000000080028ec                StartTaskBme280
 .text.StartTaskBH1750
                0x00000000080029d0       0xcc ./Core/Src/freertos.o
                0x00000000080029d0                StartTaskBH1750
 .text.StartTaskSSD1306
                0x0000000008002a9c      0x17c ./Core/Src/freertos.o
                0x0000000008002a9c                StartTaskSSD1306
 .text.StartTaskPump
                0x0000000008002c18       0x12 ./Core/Src/freertos.o
                0x0000000008002c18                StartTaskPump
 *fill*         0x0000000008002c2a        0x2 
 .text.CallbackTimerBmeData
                0x0000000008002c2c       0x20 ./Core/Src/freertos.o
                0x0000000008002c2c                CallbackTimerBmeData
 .text.CallbackTimerBh1750Data
                0x0000000008002c4c       0x20 ./Core/Src/freertos.o
                0x0000000008002c4c                CallbackTimerBh1750Data
 .text.CallbackTimerRTC
                0x0000000008002c6c       0x20 ./Core/Src/freertos.o
                0x0000000008002c6c                CallbackTimerRTC
 .text.HAL_GPIO_EXTI_Callback
                0x0000000008002c8c       0x44 ./Core/Src/freertos.o
                0x0000000008002c8c                HAL_GPIO_EXTI_Callback
 .text._putchar
                0x0000000008002cd0       0x40 ./Core/Src/freertos.o
                0x0000000008002cd0                _putchar
 .text.MX_GPIO_Init
                0x0000000008002d10      0x124 ./Core/Src/gpio.o
                0x0000000008002d10                MX_GPIO_Init
 .text.MX_I2C1_Init
                0x0000000008002e34       0x5c ./Core/Src/i2c.o
                0x0000000008002e34                MX_I2C1_Init
 .text.HAL_I2C_MspInit
                0x0000000008002e90       0x90 ./Core/Src/i2c.o
                0x0000000008002e90                HAL_I2C_MspInit
 .text.main     0x0000000008002f20       0x36 ./Core/Src/main.o
                0x0000000008002f20                main
 *fill*         0x0000000008002f56        0x2 
 .text.SystemClock_Config
                0x0000000008002f58       0xdc ./Core/Src/main.o
                0x0000000008002f58                SystemClock_Config
 .text.MX_NVIC_Init
                0x0000000008003034       0x28 ./Core/Src/main.o
 .text.HAL_TIM_PeriodElapsedCallback
                0x000000000800305c       0x24 ./Core/Src/main.o
                0x000000000800305c                HAL_TIM_PeriodElapsedCallback
 .text.Error_Handler
                0x0000000008003080        0xa ./Core/Src/main.o
                0x0000000008003080                Error_Handler
 .text._out_buffer
                0x000000000800308a       0x2e ./Core/Src/printf.o
 .text._out_null
                0x00000000080030b8       0x1c ./Core/Src/printf.o
 .text._out_char
                0x00000000080030d4       0x26 ./Core/Src/printf.o
 .text._strnlen_s
                0x00000000080030fa       0x3a ./Core/Src/printf.o
 .text._is_digit
                0x0000000008003134       0x2e ./Core/Src/printf.o
 .text._atoi    0x0000000008003162       0x48 ./Core/Src/printf.o
 .text._out_rev
                0x00000000080031aa       0xa0 ./Core/Src/printf.o
 .text._ntoa_format
                0x000000000800324a      0x1b8 ./Core/Src/printf.o
 .text._ntoa_long
                0x0000000008003402       0xcc ./Core/Src/printf.o
 .text._ntoa_long_long
                0x00000000080034ce       0xda ./Core/Src/printf.o
 .text._ftoa    0x00000000080035a8      0x4ac ./Core/Src/printf.o
 *fill*         0x0000000008003a54        0x4 
 .text._etoa    0x0000000008003a58      0x510 ./Core/Src/printf.o
 .text._vsnprintf
                0x0000000008003f68      0x9ec ./Core/Src/printf.o
 .text.printf_  0x0000000008004954       0x38 ./Core/Src/printf.o
                0x0000000008004954                printf_
 .text.sprintf_
                0x000000000800498c       0x38 ./Core/Src/printf.o
                0x000000000800498c                sprintf_
 .text.MX_RTC_Init
                0x00000000080049c4       0xb4 ./Core/Src/rtc.o
                0x00000000080049c4                MX_RTC_Init
 .text.HAL_RTC_MspInit
                0x0000000008004a78       0x54 ./Core/Src/rtc.o
                0x0000000008004a78                HAL_RTC_MspInit
 .text.HAL_MspInit
                0x0000000008004acc       0x58 ./Core/Src/stm32f4xx_hal_msp.o
                0x0000000008004acc                HAL_MspInit
 .text.HAL_InitTick
                0x0000000008004b24       0xe4 ./Core/Src/stm32f4xx_hal_timebase_tim.o
                0x0000000008004b24                HAL_InitTick
 .text.NMI_Handler
                0x0000000008004c08        0x6 ./Core/Src/stm32f4xx_it.o
                0x0000000008004c08                NMI_Handler
 .text.HardFault_Handler
                0x0000000008004c0e        0x6 ./Core/Src/stm32f4xx_it.o
                0x0000000008004c0e                HardFault_Handler
 .text.MemManage_Handler
                0x0000000008004c14        0x6 ./Core/Src/stm32f4xx_it.o
                0x0000000008004c14                MemManage_Handler
 .text.BusFault_Handler
                0x0000000008004c1a        0x6 ./Core/Src/stm32f4xx_it.o
                0x0000000008004c1a                BusFault_Handler
 .text.UsageFault_Handler
                0x0000000008004c20        0x6 ./Core/Src/stm32f4xx_it.o
                0x0000000008004c20                UsageFault_Handler
 .text.DebugMon_Handler
                0x0000000008004c26        0xe ./Core/Src/stm32f4xx_it.o
                0x0000000008004c26                DebugMon_Handler
 .text.RCC_IRQHandler
                0x0000000008004c34        0xe ./Core/Src/stm32f4xx_it.o
                0x0000000008004c34                RCC_IRQHandler
 .text.EXTI4_IRQHandler
                0x0000000008004c42        0xe ./Core/Src/stm32f4xx_it.o
                0x0000000008004c42                EXTI4_IRQHandler
 .text.TIM1_UP_TIM10_IRQHandler
                0x0000000008004c50       0x14 ./Core/Src/stm32f4xx_it.o
                0x0000000008004c50                TIM1_UP_TIM10_IRQHandler
 .text._getpid  0x0000000008004c64       0x10 ./Core/Src/syscalls.o
                0x0000000008004c64                _getpid
 .text._kill    0x0000000008004c74       0x20 ./Core/Src/syscalls.o
                0x0000000008004c74                _kill
 .text._exit    0x0000000008004c94       0x14 ./Core/Src/syscalls.o
                0x0000000008004c94                _exit
 .text._read    0x0000000008004ca8       0x3a ./Core/Src/syscalls.o
                0x0000000008004ca8                _read
 .text._write   0x0000000008004ce2       0x38 ./Core/Src/syscalls.o
                0x0000000008004ce2                _write
 .text._close   0x0000000008004d1a       0x18 ./Core/Src/syscalls.o
                0x0000000008004d1a                _close
 .text._fstat   0x0000000008004d32       0x20 ./Core/Src/syscalls.o
                0x0000000008004d32                _fstat
 .text._isatty  0x0000000008004d52       0x16 ./Core/Src/syscalls.o
                0x0000000008004d52                _isatty
 .text._lseek   0x0000000008004d68       0x1a ./Core/Src/syscalls.o
                0x0000000008004d68                _lseek
 *fill*         0x0000000008004d82        0x2 
 .text._sbrk    0x0000000008004d84       0x6c ./Core/Src/sysmem.o
                0x0000000008004d84                _sbrk
 .text.SystemInit
                0x0000000008004df0       0x24 ./Core/Src/system_stm32f4xx.o
                0x0000000008004df0                SystemInit
 .text.MX_TIM3_Init
                0x0000000008004e14       0x9c ./Core/Src/tim.o
                0x0000000008004e14                MX_TIM3_Init
 .text.MX_TIM8_Init
                0x0000000008004eb0      0x104 ./Core/Src/tim.o
                0x0000000008004eb0                MX_TIM8_Init
 .text.HAL_TIM_Base_MspInit
                0x0000000008004fb4       0x44 ./Core/Src/tim.o
                0x0000000008004fb4                HAL_TIM_Base_MspInit
 .text.HAL_TIM_PWM_MspInit
                0x0000000008004ff8       0x44 ./Core/Src/tim.o
                0x0000000008004ff8                HAL_TIM_PWM_MspInit
 .text.HAL_TIM_MspPostInit
                0x000000000800503c       0x74 ./Core/Src/tim.o
                0x000000000800503c                HAL_TIM_MspPostInit
 .text.MX_USART2_UART_Init
                0x00000000080050b0       0x54 ./Core/Src/usart.o
                0x00000000080050b0                MX_USART2_UART_Init
 .text.HAL_UART_MspInit
                0x0000000008005104       0x90 ./Core/Src/usart.o
                0x0000000008005104                HAL_UART_MspInit
 .text.Reset_Handler
                0x0000000008005194       0x50 ./Core/Startup/startup_stm32f446retx.o
                0x0000000008005194                Reset_Handler
 .text.Default_Handler
                0x00000000080051e4        0x2 ./Core/Startup/startup_stm32f446retx.o
                0x00000000080051e4                RTC_Alarm_IRQHandler
                0x00000000080051e4                EXTI2_IRQHandler
                0x00000000080051e4                TIM8_CC_IRQHandler
                0x00000000080051e4                FMPI2C1_EV_IRQHandler
                0x00000000080051e4                SPI4_IRQHandler
                0x00000000080051e4                TIM1_CC_IRQHandler
                0x00000000080051e4                DMA2_Stream5_IRQHandler
                0x00000000080051e4                DMA1_Stream5_IRQHandler
                0x00000000080051e4                PVD_IRQHandler
                0x00000000080051e4                SDIO_IRQHandler
                0x00000000080051e4                TAMP_STAMP_IRQHandler
                0x00000000080051e4                CAN2_RX1_IRQHandler
                0x00000000080051e4                EXTI3_IRQHandler
                0x00000000080051e4                TIM8_TRG_COM_TIM14_IRQHandler
                0x00000000080051e4                TIM8_UP_TIM13_IRQHandler
                0x00000000080051e4                I2C3_ER_IRQHandler
                0x00000000080051e4                EXTI0_IRQHandler
                0x00000000080051e4                I2C2_EV_IRQHandler
                0x00000000080051e4                DMA1_Stream2_IRQHandler
                0x00000000080051e4                CAN1_RX0_IRQHandler
                0x00000000080051e4                FPU_IRQHandler
                0x00000000080051e4                OTG_HS_WKUP_IRQHandler
                0x00000000080051e4                CAN2_SCE_IRQHandler
                0x00000000080051e4                DMA2_Stream2_IRQHandler
                0x00000000080051e4                SPI1_IRQHandler
                0x00000000080051e4                TIM6_DAC_IRQHandler
                0x00000000080051e4                TIM1_BRK_TIM9_IRQHandler
                0x00000000080051e4                DCMI_IRQHandler
                0x00000000080051e4                CAN2_RX0_IRQHandler
                0x00000000080051e4                DMA2_Stream3_IRQHandler
                0x00000000080051e4                SAI2_IRQHandler
                0x00000000080051e4                USART6_IRQHandler
                0x00000000080051e4                USART3_IRQHandler
                0x00000000080051e4                CAN1_RX1_IRQHandler
                0x00000000080051e4                UART5_IRQHandler
                0x00000000080051e4                DMA2_Stream0_IRQHandler
                0x00000000080051e4                TIM4_IRQHandler
                0x00000000080051e4                QUADSPI_IRQHandler
                0x00000000080051e4                I2C1_EV_IRQHandler
                0x00000000080051e4                DMA1_Stream6_IRQHandler
                0x00000000080051e4                DMA1_Stream1_IRQHandler
                0x00000000080051e4                UART4_IRQHandler
                0x00000000080051e4                TIM3_IRQHandler
                0x00000000080051e4                TIM8_BRK_TIM12_IRQHandler
                0x00000000080051e4                Default_Handler
                0x00000000080051e4                CEC_IRQHandler
                0x00000000080051e4                EXTI15_10_IRQHandler
                0x00000000080051e4                ADC_IRQHandler
                0x00000000080051e4                DMA1_Stream7_IRQHandler
                0x00000000080051e4                TIM7_IRQHandler
                0x00000000080051e4                CAN2_TX_IRQHandler
                0x00000000080051e4                TIM5_IRQHandler
                0x00000000080051e4                DMA2_Stream7_IRQHandler
                0x00000000080051e4                I2C3_EV_IRQHandler
                0x00000000080051e4                EXTI9_5_IRQHandler
                0x00000000080051e4                RTC_WKUP_IRQHandler
                0x00000000080051e4                SPDIF_RX_IRQHandler
                0x00000000080051e4                SPI2_IRQHandler
                0x00000000080051e4                OTG_HS_EP1_IN_IRQHandler
                0x00000000080051e4                DMA1_Stream0_IRQHandler
                0x00000000080051e4                CAN1_TX_IRQHandler
                0x00000000080051e4                FMPI2C1_ER_IRQHandler
                0x00000000080051e4                OTG_HS_EP1_OUT_IRQHandler
                0x00000000080051e4                WWDG_IRQHandler
                0x00000000080051e4                TIM2_IRQHandler
                0x00000000080051e4                OTG_FS_WKUP_IRQHandler
                0x00000000080051e4                TIM1_TRG_COM_TIM11_IRQHandler
                0x00000000080051e4                OTG_HS_IRQHandler
                0x00000000080051e4                EXTI1_IRQHandler
                0x00000000080051e4                USART2_IRQHandler
                0x00000000080051e4                I2C2_ER_IRQHandler
                0x00000000080051e4                DMA2_Stream1_IRQHandler
                0x00000000080051e4                CAN1_SCE_IRQHandler
                0x00000000080051e4                FLASH_IRQHandler
                0x00000000080051e4                DMA2_Stream4_IRQHandler
                0x00000000080051e4                USART1_IRQHandler
                0x00000000080051e4                OTG_FS_IRQHandler
                0x00000000080051e4                SPI3_IRQHandler
                0x00000000080051e4                DMA1_Stream4_IRQHandler
                0x00000000080051e4                I2C1_ER_IRQHandler
                0x00000000080051e4                FMC_IRQHandler
                0x00000000080051e4                DMA2_Stream6_IRQHandler
                0x00000000080051e4                SAI1_IRQHandler
                0x00000000080051e4                DMA1_Stream3_IRQHandler
 *fill*         0x00000000080051e6        0x2 
 .text.HAL_Init
                0x00000000080051e8       0x44 ./Drivers/STM32F4xx_HAL_Driver/Src/stm32f4xx_hal.o
                0x00000000080051e8                HAL_Init
 .text.HAL_IncTick
                0x000000000800522c       0x28 ./Drivers/STM32F4xx_HAL_Driver/Src/stm32f4xx_hal.o
                0x000000000800522c                HAL_IncTick
 .text.HAL_GetTick
                0x0000000008005254       0x18 ./Drivers/STM32F4xx_HAL_Driver/Src/stm32f4xx_hal.o
                0x0000000008005254                HAL_GetTick
 .text.HAL_Delay
                0x000000000800526c       0x48 ./Drivers/STM32F4xx_HAL_Driver/Src/stm32f4xx_hal.o
                0x000000000800526c                HAL_Delay
 .text.__NVIC_SetPriorityGrouping
                0x00000000080052b4       0x48 ./Drivers/STM32F4xx_HAL_Driver/Src/stm32f4xx_hal_cortex.o
 .text.__NVIC_GetPriorityGrouping
                0x00000000080052fc       0x1c ./Drivers/STM32F4xx_HAL_Driver/Src/stm32f4xx_hal_cortex.o
 .text.__NVIC_EnableIRQ
                0x0000000008005318       0x3c ./Drivers/STM32F4xx_HAL_Driver/Src/stm32f4xx_hal_cortex.o
 .text.__NVIC_SetPriority
                0x0000000008005354       0x54 ./Drivers/STM32F4xx_HAL_Driver/Src/stm32f4xx_hal_cortex.o
 .text.NVIC_EncodePriority
                0x00000000080053a8       0x66 ./Drivers/STM32F4xx_HAL_Driver/Src/stm32f4xx_hal_cortex.o
 .text.HAL_NVIC_SetPriorityGrouping
                0x000000000800540e       0x16 ./Drivers/STM32F4xx_HAL_Driver/Src/stm32f4xx_hal_cortex.o
                0x000000000800540e                HAL_NVIC_SetPriorityGrouping
 .text.HAL_NVIC_SetPriority
                0x0000000008005424       0x38 ./Drivers/STM32F4xx_HAL_Driver/Src/stm32f4xx_hal_cortex.o
                0x0000000008005424                HAL_NVIC_SetPriority
 .text.HAL_NVIC_EnableIRQ
                0x000000000800545c       0x1c ./Drivers/STM32F4xx_HAL_Driver/Src/stm32f4xx_hal_cortex.o
                0x000000000800545c                HAL_NVIC_EnableIRQ
 .text.HAL_GPIO_Init
                0x0000000008005478      0x328 ./Drivers/STM32F4xx_HAL_Driver/Src/stm32f4xx_hal_gpio.o
                0x0000000008005478                HAL_GPIO_Init
 .text.HAL_GPIO_WritePin
                0x00000000080057a0       0x32 ./Drivers/STM32F4xx_HAL_Driver/Src/stm32f4xx_hal_gpio.o
                0x00000000080057a0                HAL_GPIO_WritePin
 *fill*         0x00000000080057d2        0x2 
 .text.HAL_GPIO_EXTI_IRQHandler
                0x00000000080057d4       0x30 ./Drivers/STM32F4xx_HAL_Driver/Src/stm32f4xx_hal_gpio.o
                0x00000000080057d4                HAL_GPIO_EXTI_IRQHandler
 .text.HAL_I2C_Init
                0x0000000008005804      0x288 ./Drivers/STM32F4xx_HAL_Driver/Src/stm32f4xx_hal_i2c.o
                0x0000000008005804                HAL_I2C_Init
 .text.HAL_I2C_Master_Transmit
                0x0000000008005a8c      0x1fc ./Drivers/STM32F4xx_HAL_Driver/Src/stm32f4xx_hal_i2c.o
                0x0000000008005a8c                HAL_I2C_Master_Transmit
 .text.HAL_I2C_Master_Receive
                0x0000000008005c88      0x44c ./Drivers/STM32F4xx_HAL_Driver/Src/stm32f4xx_hal_i2c.o
                0x0000000008005c88                HAL_I2C_Master_Receive
 .text.HAL_I2C_Mem_Write
                0x00000000080060d4      0x1f4 ./Drivers/STM32F4xx_HAL_Driver/Src/stm32f4xx_hal_i2c.o
                0x00000000080060d4                HAL_I2C_Mem_Write
 .text.HAL_I2C_Mem_Read
                0x00000000080062c8      0x44c ./Drivers/STM32F4xx_HAL_Driver/Src/stm32f4xx_hal_i2c.o
                0x00000000080062c8                HAL_I2C_Mem_Read
 .text.I2C_MasterRequestWrite
                0x0000000008006714      0x104 ./Drivers/STM32F4xx_HAL_Driver/Src/stm32f4xx_hal_i2c.o
 .text.I2C_MasterRequestRead
                0x0000000008006818      0x19c ./Drivers/STM32F4xx_HAL_Driver/Src/stm32f4xx_hal_i2c.o
 .text.I2C_RequestMemoryWrite
                0x00000000080069b4      0x12c ./Drivers/STM32F4xx_HAL_Driver/Src/stm32f4xx_hal_i2c.o
 .text.I2C_RequestMemoryRead
                0x0000000008006ae0      0x1d0 ./Drivers/STM32F4xx_HAL_Driver/Src/stm32f4xx_hal_i2c.o
 .text.I2C_WaitOnFlagUntilTimeout
                0x0000000008006cb0       0xae ./Drivers/STM32F4xx_HAL_Driver/Src/stm32f4xx_hal_i2c.o
 .text.I2C_WaitOnMasterAddressFlagUntilTimeout
                0x0000000008006d5e       0xfe ./Drivers/STM32F4xx_HAL_Driver/Src/stm32f4xx_hal_i2c.o
 .text.I2C_WaitOnTXEFlagUntilTimeout
                0x0000000008006e5c       0x82 ./Drivers/STM32F4xx_HAL_Driver/Src/stm32f4xx_hal_i2c.o
 .text.I2C_WaitOnBTFFlagUntilTimeout
                0x0000000008006ede       0x82 ./Drivers/STM32F4xx_HAL_Driver/Src/stm32f4xx_hal_i2c.o
 .text.I2C_WaitOnRXNEFlagUntilTimeout
                0x0000000008006f60       0xac ./Drivers/STM32F4xx_HAL_Driver/Src/stm32f4xx_hal_i2c.o
 .text.I2C_IsAcknowledgeFailed
                0x000000000800700c       0x5e ./Drivers/STM32F4xx_HAL_Driver/Src/stm32f4xx_hal_i2c.o
 *fill*         0x000000000800706a        0x2 
 .text.HAL_RCC_ClockConfig
                0x000000000800706c      0x1cc ./Drivers/STM32F4xx_HAL_Driver/Src/stm32f4xx_hal_rcc.o
                0x000000000800706c                HAL_RCC_ClockConfig
 .text.HAL_RCC_GetHCLKFreq
                0x0000000008007238       0x18 ./Drivers/STM32F4xx_HAL_Driver/Src/stm32f4xx_hal_rcc.o
                0x0000000008007238                HAL_RCC_GetHCLKFreq
 .text.HAL_RCC_GetPCLK1Freq
                0x0000000008007250       0x28 ./Drivers/STM32F4xx_HAL_Driver/Src/stm32f4xx_hal_rcc.o
                0x0000000008007250                HAL_RCC_GetPCLK1Freq
 .text.HAL_RCC_GetPCLK2Freq
                0x0000000008007278       0x28 ./Drivers/STM32F4xx_HAL_Driver/Src/stm32f4xx_hal_rcc.o
                0x0000000008007278                HAL_RCC_GetPCLK2Freq
 .text.HAL_RCC_GetClockConfig
                0x00000000080072a0       0x64 ./Drivers/STM32F4xx_HAL_Driver/Src/stm32f4xx_hal_rcc.o
                0x00000000080072a0                HAL_RCC_GetClockConfig
 .text.HAL_RCCEx_PeriphCLKConfig
                0x0000000008007304      0x654 ./Drivers/STM32F4xx_HAL_Driver/Src/stm32f4xx_hal_rcc_ex.o
                0x0000000008007304                HAL_RCCEx_PeriphCLKConfig
 .text.HAL_RCC_GetSysClockFreq
                0x0000000008007958      0x460 ./Drivers/STM32F4xx_HAL_Driver/Src/stm32f4xx_hal_rcc_ex.o
                0x0000000008007958                HAL_RCC_GetSysClockFreq
 .text.HAL_RCC_OscConfig
                0x0000000008007db8      0x53c ./Drivers/STM32F4xx_HAL_Driver/Src/stm32f4xx_hal_rcc_ex.o
                0x0000000008007db8                HAL_RCC_OscConfig
 .text.HAL_RTC_Init
                0x00000000080082f4       0xec ./Drivers/STM32F4xx_HAL_Driver/Src/stm32f4xx_hal_rtc.o
                0x00000000080082f4                HAL_RTC_Init
 .text.HAL_RTC_SetTime
                0x00000000080083e0      0x134 ./Drivers/STM32F4xx_HAL_Driver/Src/stm32f4xx_hal_rtc.o
                0x00000000080083e0                HAL_RTC_SetTime
 .text.HAL_RTC_GetTime
                0x0000000008008514       0xbc ./Drivers/STM32F4xx_HAL_Driver/Src/stm32f4xx_hal_rtc.o
                0x0000000008008514                HAL_RTC_GetTime
 .text.HAL_RTC_SetDate
                0x00000000080085d0      0x108 ./Drivers/STM32F4xx_HAL_Driver/Src/stm32f4xx_hal_rtc.o
                0x00000000080085d0                HAL_RTC_SetDate
 .text.HAL_RTC_GetDate
                0x00000000080086d8       0x9e ./Drivers/STM32F4xx_HAL_Driver/Src/stm32f4xx_hal_rtc.o
                0x00000000080086d8                HAL_RTC_GetDate
 .text.HAL_RTC_SetAlarm
                0x0000000008008776      0x254 ./Drivers/STM32F4xx_HAL_Driver/Src/stm32f4xx_hal_rtc.o
                0x0000000008008776                HAL_RTC_SetAlarm
 .text.HAL_RTC_WaitForSynchro
                0x00000000080089ca       0x50 ./Drivers/STM32F4xx_HAL_Driver/Src/stm32f4xx_hal_rtc.o
                0x00000000080089ca                HAL_RTC_WaitForSynchro
 .text.RTC_EnterInitMode
                0x0000000008008a1a       0x6e ./Drivers/STM32F4xx_HAL_Driver/Src/stm32f4xx_hal_rtc.o
                0x0000000008008a1a                RTC_EnterInitMode
 .text.RTC_ExitInitMode
                0x0000000008008a88       0x4a ./Drivers/STM32F4xx_HAL_Driver/Src/stm32f4xx_hal_rtc.o
                0x0000000008008a88                RTC_ExitInitMode
 .text.RTC_ByteToBcd2
                0x0000000008008ad2       0x3a ./Drivers/STM32F4xx_HAL_Driver/Src/stm32f4xx_hal_rtc.o
                0x0000000008008ad2                RTC_ByteToBcd2
 .text.RTC_Bcd2ToByte
                0x0000000008008b0c       0x38 ./Drivers/STM32F4xx_HAL_Driver/Src/stm32f4xx_hal_rtc.o
                0x0000000008008b0c                RTC_Bcd2ToByte
 .text.HAL_TIM_Base_Init
                0x0000000008008b44       0x9e ./Drivers/STM32F4xx_HAL_Driver/Src/stm32f4xx_hal_tim.o
                0x0000000008008b44                HAL_TIM_Base_Init
 *fill*         0x0000000008008be2        0x2 
 .text.HAL_TIM_Base_Start_IT
                0x0000000008008be4       0xe0 ./Drivers/STM32F4xx_HAL_Driver/Src/stm32f4xx_hal_tim.o
                0x0000000008008be4                HAL_TIM_Base_Start_IT
 .text.HAL_TIM_PWM_Init
                0x0000000008008cc4       0x9e ./Drivers/STM32F4xx_HAL_Driver/Src/stm32f4xx_hal_tim.o
                0x0000000008008cc4                HAL_TIM_PWM_Init
 *fill*         0x0000000008008d62        0x2 
 .text.HAL_TIM_PWM_Start
                0x0000000008008d64      0x190 ./Drivers/STM32F4xx_HAL_Driver/Src/stm32f4xx_hal_tim.o
                0x0000000008008d64                HAL_TIM_PWM_Start
 .text.HAL_TIM_IRQHandler
                0x0000000008008ef4      0x210 ./Drivers/STM32F4xx_HAL_Driver/Src/stm32f4xx_hal_tim.o
                0x0000000008008ef4                HAL_TIM_IRQHandler
 .text.HAL_TIM_PWM_ConfigChannel
                0x0000000008009104      0x184 ./Drivers/STM32F4xx_HAL_Driver/Src/stm32f4xx_hal_tim.o
                0x0000000008009104                HAL_TIM_PWM_ConfigChannel
 .text.HAL_TIM_ConfigClockSource
                0x0000000008009288      0x18e ./Drivers/STM32F4xx_HAL_Driver/Src/stm32f4xx_hal_tim.o
                0x0000000008009288                HAL_TIM_ConfigClockSource
 .text.HAL_TIM_OC_DelayElapsedCallback
                0x0000000008009416       0x14 ./Drivers/STM32F4xx_HAL_Driver/Src/stm32f4xx_hal_tim.o
                0x0000000008009416                HAL_TIM_OC_DelayElapsedCallback
 .text.HAL_TIM_IC_CaptureCallback
                0x000000000800942a       0x14 ./Drivers/STM32F4xx_HAL_Driver/Src/stm32f4xx_hal_tim.o
                0x000000000800942a                HAL_TIM_IC_CaptureCallback
 .text.HAL_TIM_PWM_PulseFinishedCallback
                0x000000000800943e       0x14 ./Drivers/STM32F4xx_HAL_Driver/Src/stm32f4xx_hal_tim.o
                0x000000000800943e                HAL_TIM_PWM_PulseFinishedCallback
 .text.HAL_TIM_TriggerCallback
                0x0000000008009452       0x14 ./Drivers/STM32F4xx_HAL_Driver/Src/stm32f4xx_hal_tim.o
                0x0000000008009452                HAL_TIM_TriggerCallback
 *fill*         0x0000000008009466        0x2 
 .text.TIM_Base_SetConfig
                0x0000000008009468      0x140 ./Drivers/STM32F4xx_HAL_Driver/Src/stm32f4xx_hal_tim.o
                0x0000000008009468                TIM_Base_SetConfig
 .text.TIM_OC1_SetConfig
                0x00000000080095a8       0xe0 ./Drivers/STM32F4xx_HAL_Driver/Src/stm32f4xx_hal_tim.o
 .text.TIM_OC2_SetConfig
                0x0000000008009688       0xec ./Drivers/STM32F4xx_HAL_Driver/Src/stm32f4xx_hal_tim.o
                0x0000000008009688                TIM_OC2_SetConfig
 .text.TIM_OC3_SetConfig
                0x0000000008009774       0xe8 ./Drivers/STM32F4xx_HAL_Driver/Src/stm32f4xx_hal_tim.o
 .text.TIM_OC4_SetConfig
                0x000000000800985c       0xac ./Drivers/STM32F4xx_HAL_Driver/Src/stm32f4xx_hal_tim.o
 .text.TIM_TI1_ConfigInputStage
                0x0000000008009908       0x5e ./Drivers/STM32F4xx_HAL_Driver/Src/stm32f4xx_hal_tim.o
 .text.TIM_TI2_ConfigInputStage
                0x0000000008009966       0x60 ./Drivers/STM32F4xx_HAL_Driver/Src/stm32f4xx_hal_tim.o
 .text.TIM_ITRx_SetConfig
                0x00000000080099c6       0x36 ./Drivers/STM32F4xx_HAL_Driver/Src/stm32f4xx_hal_tim.o
 .text.TIM_ETR_SetConfig
                0x00000000080099fc       0x40 ./Drivers/STM32F4xx_HAL_Driver/Src/stm32f4xx_hal_tim.o
                0x00000000080099fc                TIM_ETR_SetConfig
 .text.TIM_CCxChannelCmd
                0x0000000008009a3c       0x4a ./Drivers/STM32F4xx_HAL_Driver/Src/stm32f4xx_hal_tim.o
                0x0000000008009a3c                TIM_CCxChannelCmd
 *fill*         0x0000000008009a86        0x2 
 .text.HAL_TIMEx_MasterConfigSynchronization
                0x0000000008009a88       0xf8 ./Drivers/STM32F4xx_HAL_Driver/Src/stm32f4xx_hal_tim_ex.o
                0x0000000008009a88                HAL_TIMEx_MasterConfigSynchronization
 .text.HAL_TIMEx_ConfigBreakDeadTime
                0x0000000008009b80       0xa4 ./Drivers/STM32F4xx_HAL_Driver/Src/stm32f4xx_hal_tim_ex.o
                0x0000000008009b80                HAL_TIMEx_ConfigBreakDeadTime
 .text.HAL_TIMEx_CommutCallback
                0x0000000008009c24       0x14 ./Drivers/STM32F4xx_HAL_Driver/Src/stm32f4xx_hal_tim_ex.o
                0x0000000008009c24                HAL_TIMEx_CommutCallback
 .text.HAL_TIMEx_BreakCallback
                0x0000000008009c38       0x14 ./Drivers/STM32F4xx_HAL_Driver/Src/stm32f4xx_hal_tim_ex.o
                0x0000000008009c38                HAL_TIMEx_BreakCallback
 .text.HAL_UART_Init
                0x0000000008009c4c       0x9a ./Drivers/STM32F4xx_HAL_Driver/Src/stm32f4xx_hal_uart.o
                0x0000000008009c4c                HAL_UART_Init
 .text.HAL_UART_Transmit
                0x0000000008009ce6      0x124 ./Drivers/STM32F4xx_HAL_Driver/Src/stm32f4xx_hal_uart.o
                0x0000000008009ce6                HAL_UART_Transmit
 .text.UART_WaitOnFlagUntilTimeout
                0x0000000008009e0a       0xdc ./Drivers/STM32F4xx_HAL_Driver/Src/stm32f4xx_hal_uart.o
 *fill*         0x0000000008009ee6        0x2 
 .text.UART_SetConfig
                0x0000000008009ee8      0x4e8 ./Drivers/STM32F4xx_HAL_Driver/Src/stm32f4xx_hal_uart.o
 .text.__NVIC_SetPriority
                0x000000000800a3d0       0x54 ./Middlewares/Third_Party/FreeRTOS/Source/CMSIS_RTOS_V2/cmsis_os2.o
 .text.SysTick_Handler
                0x000000000800a424       0x20 ./Middlewares/Third_Party/FreeRTOS/Source/CMSIS_RTOS_V2/cmsis_os2.o
                0x000000000800a424                SysTick_Handler
 .text.SVC_Setup
                0x000000000800a444       0x12 ./Middlewares/Third_Party/FreeRTOS/Source/CMSIS_RTOS_V2/cmsis_os2.o
 *fill*         0x000000000800a456        0x2 
 .text.osKernelInitialize
                0x000000000800a458       0x48 ./Middlewares/Third_Party/FreeRTOS/Source/CMSIS_RTOS_V2/cmsis_os2.o
                0x000000000800a458                osKernelInitialize
 .text.osKernelStart
                0x000000000800a4a0       0x4c ./Middlewares/Third_Party/FreeRTOS/Source/CMSIS_RTOS_V2/cmsis_os2.o
                0x000000000800a4a0                osKernelStart
 .text.osKernelGetTickCount
                0x000000000800a4ec       0x2a ./Middlewares/Third_Party/FreeRTOS/Source/CMSIS_RTOS_V2/cmsis_os2.o
                0x000000000800a4ec                osKernelGetTickCount
 .text.osKernelGetTickFreq
                0x000000000800a516       0x12 ./Middlewares/Third_Party/FreeRTOS/Source/CMSIS_RTOS_V2/cmsis_os2.o
                0x000000000800a516                osKernelGetTickFreq
 .text.osThreadNew
                0x000000000800a528      0x124 ./Middlewares/Third_Party/FreeRTOS/Source/CMSIS_RTOS_V2/cmsis_os2.o
                0x000000000800a528                osThreadNew
 .text.osDelay  0x000000000800a64c       0x36 ./Middlewares/Third_Party/FreeRTOS/Source/CMSIS_RTOS_V2/cmsis_os2.o
                0x000000000800a64c                osDelay
 .text.osDelayUntil
                0x000000000800a682       0x5a ./Middlewares/Third_Party/FreeRTOS/Source/CMSIS_RTOS_V2/cmsis_os2.o
                0x000000000800a682                osDelayUntil
 .text.TimerCallback
                0x000000000800a6dc       0x2a ./Middlewares/Third_Party/FreeRTOS/Source/CMSIS_RTOS_V2/cmsis_os2.o
 *fill*         0x000000000800a706        0x2 
 .text.osTimerNew
                0x000000000800a708       0xf8 ./Middlewares/Third_Party/FreeRTOS/Source/CMSIS_RTOS_V2/cmsis_os2.o
                0x000000000800a708                osTimerNew
 .text.osTimerStart
                0x000000000800a800       0x5c ./Middlewares/Third_Party/FreeRTOS/Source/CMSIS_RTOS_V2/cmsis_os2.o
                0x000000000800a800                osTimerStart
 .text.osMutexNew
                0x000000000800a85c      0x10c ./Middlewares/Third_Party/FreeRTOS/Source/CMSIS_RTOS_V2/cmsis_os2.o
                0x000000000800a85c                osMutexNew
 .text.osMutexAcquire
                0x000000000800a968       0x96 ./Middlewares/Third_Party/FreeRTOS/Source/CMSIS_RTOS_V2/cmsis_os2.o
                0x000000000800a968                osMutexAcquire
 .text.osMutexRelease
                0x000000000800a9fe       0x7a ./Middlewares/Third_Party/FreeRTOS/Source/CMSIS_RTOS_V2/cmsis_os2.o
                0x000000000800a9fe                osMutexRelease
 .text.osSemaphoreNew
                0x000000000800aa78      0x112 ./Middlewares/Third_Party/FreeRTOS/Source/CMSIS_RTOS_V2/cmsis_os2.o
                0x000000000800aa78                osSemaphoreNew
 *fill*         0x000000000800ab8a        0x2 
 .text.osSemaphoreAcquire
                0x000000000800ab8c       0xa4 ./Middlewares/Third_Party/FreeRTOS/Source/CMSIS_RTOS_V2/cmsis_os2.o
                0x000000000800ab8c                osSemaphoreAcquire
 .text.osSemaphoreRelease
                0x000000000800ac30       0x88 ./Middlewares/Third_Party/FreeRTOS/Source/CMSIS_RTOS_V2/cmsis_os2.o
                0x000000000800ac30                osSemaphoreRelease
 .text.osMessageQueueNew
                0x000000000800acb8       0xe6 ./Middlewares/Third_Party/FreeRTOS/Source/CMSIS_RTOS_V2/cmsis_os2.o
                0x000000000800acb8                osMessageQueueNew
 *fill*         0x000000000800ad9e        0x2 
 .text.osMessageQueuePut
                0x000000000800ada0       0xc0 ./Middlewares/Third_Party/FreeRTOS/Source/CMSIS_RTOS_V2/cmsis_os2.o
                0x000000000800ada0                osMessageQueuePut
 .text.osMessageQueueGet
                0x000000000800ae60       0xbc ./Middlewares/Third_Party/FreeRTOS/Source/CMSIS_RTOS_V2/cmsis_os2.o
                0x000000000800ae60                osMessageQueueGet
 .text.vApplicationGetIdleTaskMemory
                0x000000000800af1c       0x34 ./Middlewares/Third_Party/FreeRTOS/Source/CMSIS_RTOS_V2/cmsis_os2.o
                0x000000000800af1c                vApplicationGetIdleTaskMemory
 .text.vApplicationGetTimerTaskMemory
                0x000000000800af50       0x34 ./Middlewares/Third_Party/FreeRTOS/Source/CMSIS_RTOS_V2/cmsis_os2.o
                0x000000000800af50                vApplicationGetTimerTaskMemory
 .text.vListInitialise
                0x000000000800af84       0x40 ./Middlewares/Third_Party/FreeRTOS/Source/list.o
                0x000000000800af84                vListInitialise
 .text.vListInitialiseItem
                0x000000000800afc4       0x1a ./Middlewares/Third_Party/FreeRTOS/Source/list.o
                0x000000000800afc4                vListInitialiseItem
 .text.vListInsertEnd
                0x000000000800afde       0x48 ./Middlewares/Third_Party/FreeRTOS/Source/list.o
                0x000000000800afde                vListInsertEnd
 .text.vListInsert
                0x000000000800b026       0x72 ./Middlewares/Third_Party/FreeRTOS/Source/list.o
                0x000000000800b026                vListInsert
 .text.uxListRemove
                0x000000000800b098       0x54 ./Middlewares/Third_Party/FreeRTOS/Source/list.o
                0x000000000800b098                uxListRemove
 .text.xQueueGenericReset
                0x000000000800b0ec       0xd0 ./Middlewares/Third_Party/FreeRTOS/Source/queue.o
                0x000000000800b0ec                xQueueGenericReset
 .text.xQueueGenericCreateStatic
                0x000000000800b1bc       0xf0 ./Middlewares/Third_Party/FreeRTOS/Source/queue.o
                0x000000000800b1bc                xQueueGenericCreateStatic
 .text.xQueueGenericCreate
                0x000000000800b2ac       0x74 ./Middlewares/Third_Party/FreeRTOS/Source/queue.o
                0x000000000800b2ac                xQueueGenericCreate
 .text.prvInitialiseNewQueue
                0x000000000800b320       0x46 ./Middlewares/Third_Party/FreeRTOS/Source/queue.o
 .text.prvInitialiseMutex
                0x000000000800b366       0x34 ./Middlewares/Third_Party/FreeRTOS/Source/queue.o
 .text.xQueueCreateMutex
                0x000000000800b39a       0x30 ./Middlewares/Third_Party/FreeRTOS/Source/queue.o
                0x000000000800b39a                xQueueCreateMutex
 .text.xQueueCreateMutexStatic
                0x000000000800b3ca       0x36 ./Middlewares/Third_Party/FreeRTOS/Source/queue.o
                0x000000000800b3ca                xQueueCreateMutexStatic
 .text.xQueueGiveMutexRecursive
                0x000000000800b400       0x68 ./Middlewares/Third_Party/FreeRTOS/Source/queue.o
                0x000000000800b400                xQueueGiveMutexRecursive
 .text.xQueueTakeMutexRecursive
                0x000000000800b468       0x6c ./Middlewares/Third_Party/FreeRTOS/Source/queue.o
                0x000000000800b468                xQueueTakeMutexRecursive
 .text.xQueueCreateCountingSemaphoreStatic
                0x000000000800b4d4       0x6e ./Middlewares/Third_Party/FreeRTOS/Source/queue.o
                0x000000000800b4d4                xQueueCreateCountingSemaphoreStatic
 .text.xQueueCreateCountingSemaphore
                0x000000000800b542       0x66 ./Middlewares/Third_Party/FreeRTOS/Source/queue.o
                0x000000000800b542                xQueueCreateCountingSemaphore
 .text.xQueueGenericSend
                0x000000000800b5a8      0x1fc ./Middlewares/Third_Party/FreeRTOS/Source/queue.o
                0x000000000800b5a8                xQueueGenericSend
 .text.xQueueGenericSendFromISR
                0x000000000800b7a4      0x136 ./Middlewares/Third_Party/FreeRTOS/Source/queue.o
                0x000000000800b7a4                xQueueGenericSendFromISR
 .text.xQueueGiveFromISR
                0x000000000800b8da      0x11a ./Middlewares/Third_Party/FreeRTOS/Source/queue.o
                0x000000000800b8da                xQueueGiveFromISR
 .text.xQueueReceive
                0x000000000800b9f4      0x1c0 ./Middlewares/Third_Party/FreeRTOS/Source/queue.o
                0x000000000800b9f4                xQueueReceive
 .text.xQueueSemaphoreTake
                0x000000000800bbb4      0x218 ./Middlewares/Third_Party/FreeRTOS/Source/queue.o
                0x000000000800bbb4                xQueueSemaphoreTake
 .text.xQueueReceiveFromISR
                0x000000000800bdcc      0x100 ./Middlewares/Third_Party/FreeRTOS/Source/queue.o
                0x000000000800bdcc                xQueueReceiveFromISR
 .text.vQueueDelete
                0x000000000800becc       0x46 ./Middlewares/Third_Party/FreeRTOS/Source/queue.o
                0x000000000800becc                vQueueDelete
 .text.prvGetDisinheritPriorityAfterTimeout
                0x000000000800bf12       0x30 ./Middlewares/Third_Party/FreeRTOS/Source/queue.o
 .text.prvCopyDataToQueue
                0x000000000800bf42       0xd4 ./Middlewares/Third_Party/FreeRTOS/Source/queue.o
 .text.prvCopyDataFromQueue
                0x000000000800c016       0x4c ./Middlewares/Third_Party/FreeRTOS/Source/queue.o
 .text.prvUnlockQueue
                0x000000000800c062       0xa4 ./Middlewares/Third_Party/FreeRTOS/Source/queue.o
 .text.prvIsQueueEmpty
                0x000000000800c106       0x2c ./Middlewares/Third_Party/FreeRTOS/Source/queue.o
 .text.prvIsQueueFull
                0x000000000800c132       0x30 ./Middlewares/Third_Party/FreeRTOS/Source/queue.o
 *fill*         0x000000000800c162        0x2 
 .text.vQueueAddToRegistry
                0x000000000800c164       0x54 ./Middlewares/Third_Party/FreeRTOS/Source/queue.o
                0x000000000800c164                vQueueAddToRegistry
 .text.vQueueUnregisterQueue
                0x000000000800c1b8       0x54 ./Middlewares/Third_Party/FreeRTOS/Source/queue.o
                0x000000000800c1b8                vQueueUnregisterQueue
 .text.vQueueWaitForMessageRestricted
                0x000000000800c20c       0x68 ./Middlewares/Third_Party/FreeRTOS/Source/queue.o
                0x000000000800c20c                vQueueWaitForMessageRestricted
 .text.xTaskCreateStatic
                0x000000000800c274       0xba ./Middlewares/Third_Party/FreeRTOS/Source/tasks.o
                0x000000000800c274                xTaskCreateStatic
 .text.xTaskCreate
                0x000000000800c32e       0x8a ./Middlewares/Third_Party/FreeRTOS/Source/tasks.o
                0x000000000800c32e                xTaskCreate
 .text.prvInitialiseNewTask
                0x000000000800c3b8      0x14c ./Middlewares/Third_Party/FreeRTOS/Source/tasks.o
 .text.prvAddNewTaskToReadyList
                0x000000000800c504       0xe0 ./Middlewares/Third_Party/FreeRTOS/Source/tasks.o
 .text.vTaskDelayUntil
                0x000000000800c5e4       0xfc ./Middlewares/Third_Party/FreeRTOS/Source/tasks.o
                0x000000000800c5e4                vTaskDelayUntil
 .text.vTaskDelay
                0x000000000800c6e0       0x68 ./Middlewares/Third_Party/FreeRTOS/Source/tasks.o
                0x000000000800c6e0                vTaskDelay
 .text.vTaskStartScheduler
                0x000000000800c748       0xe0 ./Middlewares/Third_Party/FreeRTOS/Source/tasks.o
                0x000000000800c748                vTaskStartScheduler
 .text.vTaskSuspendAll
                0x000000000800c828       0x1c ./Middlewares/Third_Party/FreeRTOS/Source/tasks.o
                0x000000000800c828                vTaskSuspendAll
 .text.xTaskResumeAll
                0x000000000800c844      0x13c ./Middlewares/Third_Party/FreeRTOS/Source/tasks.o
                0x000000000800c844                xTaskResumeAll
 .text.xTaskGetTickCount
                0x000000000800c980       0x20 ./Middlewares/Third_Party/FreeRTOS/Source/tasks.o
                0x000000000800c980                xTaskGetTickCount
 .text.xTaskGetTickCountFromISR
                0x000000000800c9a0       0x24 ./Middlewares/Third_Party/FreeRTOS/Source/tasks.o
                0x000000000800c9a0                xTaskGetTickCountFromISR
 .text.xTaskIncrementTick
                0x000000000800c9c4      0x174 ./Middlewares/Third_Party/FreeRTOS/Source/tasks.o
                0x000000000800c9c4                xTaskIncrementTick
 .text.vTaskSwitchContext
                0x000000000800cb38       0xc8 ./Middlewares/Third_Party/FreeRTOS/Source/tasks.o
                0x000000000800cb38                vTaskSwitchContext
 .text.vTaskPlaceOnEventList
                0x000000000800cc00       0x48 ./Middlewares/Third_Party/FreeRTOS/Source/tasks.o
                0x000000000800cc00                vTaskPlaceOnEventList
 .text.vTaskPlaceOnEventListRestricted
                0x000000000800cc48       0x58 ./Middlewares/Third_Party/FreeRTOS/Source/tasks.o
                0x000000000800cc48                vTaskPlaceOnEventListRestricted
 .text.xTaskRemoveFromEventList
                0x000000000800cca0       0xc8 ./Middlewares/Third_Party/FreeRTOS/Source/tasks.o
                0x000000000800cca0                xTaskRemoveFromEventList
 .text.vTaskInternalSetTimeOutState
                0x000000000800cd68       0x2c ./Middlewares/Third_Party/FreeRTOS/Source/tasks.o
                0x000000000800cd68                vTaskInternalSetTimeOutState
 .text.xTaskCheckForTimeOut
                0x000000000800cd94       0xc4 ./Middlewares/Third_Party/FreeRTOS/Source/tasks.o
                0x000000000800cd94                xTaskCheckForTimeOut
 .text.vTaskMissedYield
                0x000000000800ce58       0x18 ./Middlewares/Third_Party/FreeRTOS/Source/tasks.o
                0x000000000800ce58                vTaskMissedYield
 .text.prvIdleTask
                0x000000000800ce70       0x30 ./Middlewares/Third_Party/FreeRTOS/Source/tasks.o
 .text.prvInitialiseTaskLists
                0x000000000800cea0       0x80 ./Middlewares/Third_Party/FreeRTOS/Source/tasks.o
 .text.prvCheckTasksWaitingTermination
                0x000000000800cf20       0x5c ./Middlewares/Third_Party/FreeRTOS/Source/tasks.o
 .text.prvDeleteTCB
                0x000000000800cf7c       0x68 ./Middlewares/Third_Party/FreeRTOS/Source/tasks.o
 .text.prvResetNextTaskUnblockTime
                0x000000000800cfe4       0x40 ./Middlewares/Third_Party/FreeRTOS/Source/tasks.o
 .text.xTaskGetCurrentTaskHandle
                0x000000000800d024       0x20 ./Middlewares/Third_Party/FreeRTOS/Source/tasks.o
                0x000000000800d024                xTaskGetCurrentTaskHandle
 .text.xTaskGetSchedulerState
                0x000000000800d044       0x3c ./Middlewares/Third_Party/FreeRTOS/Source/tasks.o
                0x000000000800d044                xTaskGetSchedulerState
 .text.xTaskPriorityInherit
                0x000000000800d080       0xd0 ./Middlewares/Third_Party/FreeRTOS/Source/tasks.o
                0x000000000800d080                xTaskPriorityInherit
 .text.xTaskPriorityDisinherit
                0x000000000800d150       0xdc ./Middlewares/Third_Party/FreeRTOS/Source/tasks.o
                0x000000000800d150                xTaskPriorityDisinherit
 .text.vTaskPriorityDisinheritAfterTimeout
                0x000000000800d22c      0x104 ./Middlewares/Third_Party/FreeRTOS/Source/tasks.o
                0x000000000800d22c                vTaskPriorityDisinheritAfterTimeout
 .text.pvTaskIncrementMutexHeldCount
                0x000000000800d330       0x28 ./Middlewares/Third_Party/FreeRTOS/Source/tasks.o
                0x000000000800d330                pvTaskIncrementMutexHeldCount
 .text.prvAddCurrentTaskToDelayedList
                0x000000000800d358       0xa8 ./Middlewares/Third_Party/FreeRTOS/Source/tasks.o
 .text.xTimerCreateTimerTask
                0x000000000800d400       0x90 ./Middlewares/Third_Party/FreeRTOS/Source/timers.o
                0x000000000800d400                xTimerCreateTimerTask
 .text.xTimerCreate
                0x000000000800d490       0x42 ./Middlewares/Third_Party/FreeRTOS/Source/timers.o
                0x000000000800d490                xTimerCreate
 .text.xTimerCreateStatic
                0x000000000800d4d2       0x7c ./Middlewares/Third_Party/FreeRTOS/Source/timers.o
                0x000000000800d4d2                xTimerCreateStatic
 .text.prvInitialiseNewTimer
                0x000000000800d54e       0x76 ./Middlewares/Third_Party/FreeRTOS/Source/timers.o
 .text.xTimerGenericCommand
                0x000000000800d5c4       0x9c ./Middlewares/Third_Party/FreeRTOS/Source/timers.o
                0x000000000800d5c4                xTimerGenericCommand
 .text.prvProcessExpiredTimer
                0x000000000800d660       0x98 ./Middlewares/Third_Party/FreeRTOS/Source/timers.o
 .text.prvTimerTask
                0x000000000800d6f8       0x24 ./Middlewares/Third_Party/FreeRTOS/Source/timers.o
 .text.prvProcessTimerOrBlockTask
                0x000000000800d71c       0x9c ./Middlewares/Third_Party/FreeRTOS/Source/timers.o
 .text.prvGetNextExpireTime
                0x000000000800d7b8       0x48 ./Middlewares/Third_Party/FreeRTOS/Source/timers.o
 .text.prvSampleTimeNow
                0x000000000800d800       0x40 ./Middlewares/Third_Party/FreeRTOS/Source/timers.o
 .text.prvInsertTimerInActiveList
                0x000000000800d840       0x84 ./Middlewares/Third_Party/FreeRTOS/Source/timers.o
 .text.prvProcessReceivedCommands
                0x000000000800d8c4      0x1c4 ./Middlewares/Third_Party/FreeRTOS/Source/timers.o
 .text.prvSwitchTimerLists
                0x000000000800da88       0xc8 ./Middlewares/Third_Party/FreeRTOS/Source/timers.o
 .text.prvCheckForValidListAndQueue
                0x000000000800db50       0x80 ./Middlewares/Third_Party/FreeRTOS/Source/timers.o
 .text.pvTimerGetTimerID
                0x000000000800dbd0       0x40 ./Middlewares/Third_Party/FreeRTOS/Source/timers.o
                0x000000000800dbd0                pvTimerGetTimerID
 .text.pxPortInitialiseStack
                0x000000000800dc10       0x68 ./Middlewares/Third_Party/FreeRTOS/Source/portable/GCC/ARM_CM4F/port.o
                0x000000000800dc10                pxPortInitialiseStack
 .text.prvTaskExitError
                0x000000000800dc78       0x58 ./Middlewares/Third_Party/FreeRTOS/Source/portable/GCC/ARM_CM4F/port.o
 .text.SVC_Handler
                0x000000000800dcd0       0x28 ./Middlewares/Third_Party/FreeRTOS/Source/portable/GCC/ARM_CM4F/port.o
                0x000000000800dcd0                SVC_Handler
 .text.prvPortStartFirstTask
                0x000000000800dcf8       0x28 ./Middlewares/Third_Party/FreeRTOS/Source/portable/GCC/ARM_CM4F/port.o
 .text.xPortStartScheduler
                0x000000000800dd20      0x144 ./Middlewares/Third_Party/FreeRTOS/Source/portable/GCC/ARM_CM4F/port.o
                0x000000000800dd20                xPortStartScheduler
 .text.vPortEnterCritical
                0x000000000800de64       0x60 ./Middlewares/Third_Party/FreeRTOS/Source/portable/GCC/ARM_CM4F/port.o
                0x000000000800de64                vPortEnterCritical
 .text.vPortExitCritical
                0x000000000800dec4       0x54 ./Middlewares/Third_Party/FreeRTOS/Source/portable/GCC/ARM_CM4F/port.o
                0x000000000800dec4                vPortExitCritical
 *fill*         0x000000000800df18        0x8 
 .text.PendSV_Handler
                0x000000000800df20       0x68 ./Middlewares/Third_Party/FreeRTOS/Source/portable/GCC/ARM_CM4F/port.o
                0x000000000800df20                PendSV_Handler
 .text.xPortSysTickHandler
                0x000000000800df88       0x44 ./Middlewares/Third_Party/FreeRTOS/Source/portable/GCC/ARM_CM4F/port.o
                0x000000000800df88                xPortSysTickHandler
 .text.vPortSetupTimerInterrupt
                0x000000000800dfcc       0x48 ./Middlewares/Third_Party/FreeRTOS/Source/portable/GCC/ARM_CM4F/port.o
                0x000000000800dfcc                vPortSetupTimerInterrupt
 .text.vPortEnableVFP
                0x000000000800e014       0x14 ./Middlewares/Third_Party/FreeRTOS/Source/portable/GCC/ARM_CM4F/port.o
 .text.vPortValidateInterruptPriority
                0x000000000800e028       0x80 ./Middlewares/Third_Party/FreeRTOS/Source/portable/GCC/ARM_CM4F/port.o
                0x000000000800e028                vPortValidateInterruptPriority
 .text.pvPortMalloc
                0x000000000800e0a8      0x198 ./Middlewares/Third_Party/FreeRTOS/Source/portable/MemMang/heap_4.o
                0x000000000800e0a8                pvPortMalloc
 .text.vPortFree
                0x000000000800e240       0xc4 ./Middlewares/Third_Party/FreeRTOS/Source/portable/MemMang/heap_4.o
                0x000000000800e240                vPortFree
 .text.prvHeapInit
                0x000000000800e304       0xc4 ./Middlewares/Third_Party/FreeRTOS/Source/portable/MemMang/heap_4.o
 .text.prvInsertBlockIntoFreeList
                0x000000000800e3c8       0xb4 ./Middlewares/Third_Party/FreeRTOS/Source/portable/MemMang/heap_4.o
 .text.__cvt    0x000000000800e47c       0xc4 C:/ST/STM32CubeIDE_1.12.0/STM32CubeIDE/plugins/com.st.stm32cube.ide.mcu.externaltools.gnu-tools-for-stm32.11.3.rel1.win32_1.1.0.202305231506/tools/bin/../lib/gcc/arm-none-eabi/11.3.1/../../../../arm-none-eabi/lib/thumb/v7e-m+fp/hard\libc_nano.a(libc_a-nano-vfprintf_float.o)
                0x000000000800e47c                __cvt
 .text.__exponent
                0x000000000800e540       0x7c C:/ST/STM32CubeIDE_1.12.0/STM32CubeIDE/plugins/com.st.stm32cube.ide.mcu.externaltools.gnu-tools-for-stm32.11.3.rel1.win32_1.1.0.202305231506/tools/bin/../lib/gcc/arm-none-eabi/11.3.1/../../../../arm-none-eabi/lib/thumb/v7e-m+fp/hard\libc_nano.a(libc_a-nano-vfprintf_float.o)
                0x000000000800e540                __exponent
 .text._printf_float
                0x000000000800e5bc      0x46c C:/ST/STM32CubeIDE_1.12.0/STM32CubeIDE/plugins/com.st.stm32cube.ide.mcu.externaltools.gnu-tools-for-stm32.11.3.rel1.win32_1.1.0.202305231506/tools/bin/../lib/gcc/arm-none-eabi/11.3.1/../../../../arm-none-eabi/lib/thumb/v7e-m+fp/hard\libc_nano.a(libc_a-nano-vfprintf_float.o)
                0x000000000800e5bc                _printf_float
 .text._printf_common
                0x000000000800ea28       0xda C:/ST/STM32CubeIDE_1.12.0/STM32CubeIDE/plugins/com.st.stm32cube.ide.mcu.externaltools.gnu-tools-for-stm32.11.3.rel1.win32_1.1.0.202305231506/tools/bin/../lib/gcc/arm-none-eabi/11.3.1/../../../../arm-none-eabi/lib/thumb/v7e-m+fp/hard\libc_nano.a(libc_a-nano-vfprintf_i.o)
                0x000000000800ea28                _printf_common
 *fill*         0x000000000800eb02        0x2 
 .text._printf_i
                0x000000000800eb04      0x244 C:/ST/STM32CubeIDE_1.12.0/STM32CubeIDE/plugins/com.st.stm32cube.ide.mcu.externaltools.gnu-tools-for-stm32.11.3.rel1.win32_1.1.0.202305231506/tools/bin/../lib/gcc/arm-none-eabi/11.3.1/../../../../arm-none-eabi/lib/thumb/v7e-m+fp/hard\libc_nano.a(libc_a-nano-vfprintf_i.o)
                0x000000000800eb04                _printf_i
 .text.std      0x000000000800ed48       0x48 C:/ST/STM32CubeIDE_1.12.0/STM32CubeIDE/plugins/com.st.stm32cube.ide.mcu.externaltools.gnu-tools-for-stm32.11.3.rel1.win32_1.1.0.202305231506/tools/bin/../lib/gcc/arm-none-eabi/11.3.1/../../../../arm-none-eabi/lib/thumb/v7e-m+fp/hard\libc_nano.a(libc_a-findfp.o)
 .text.stdio_exit_handler
                0x000000000800ed90       0x18 C:/ST/STM32CubeIDE_1.12.0/STM32CubeIDE/plugins/com.st.stm32cube.ide.mcu.externaltools.gnu-tools-for-stm32.11.3.rel1.win32_1.1.0.202305231506/tools/bin/../lib/gcc/arm-none-eabi/11.3.1/../../../../arm-none-eabi/lib/thumb/v7e-m+fp/hard\libc_nano.a(libc_a-findfp.o)
 .text.cleanup_stdio
                0x000000000800eda8       0x40 C:/ST/STM32CubeIDE_1.12.0/STM32CubeIDE/plugins/com.st.stm32cube.ide.mcu.externaltools.gnu-tools-for-stm32.11.3.rel1.win32_1.1.0.202305231506/tools/bin/../lib/gcc/arm-none-eabi/11.3.1/../../../../arm-none-eabi/lib/thumb/v7e-m+fp/hard\libc_nano.a(libc_a-findfp.o)
 .text.global_stdio_init.part.0
                0x000000000800ede8       0x3c C:/ST/STM32CubeIDE_1.12.0/STM32CubeIDE/plugins/com.st.stm32cube.ide.mcu.externaltools.gnu-tools-for-stm32.11.3.rel1.win32_1.1.0.202305231506/tools/bin/../lib/gcc/arm-none-eabi/11.3.1/../../../../arm-none-eabi/lib/thumb/v7e-m+fp/hard\libc_nano.a(libc_a-findfp.o)
 .text.__sfp_lock_acquire
                0x000000000800ee24        0xc C:/ST/STM32CubeIDE_1.12.0/STM32CubeIDE/plugins/com.st.stm32cube.ide.mcu.externaltools.gnu-tools-for-stm32.11.3.rel1.win32_1.1.0.202305231506/tools/bin/../lib/gcc/arm-none-eabi/11.3.1/../../../../arm-none-eabi/lib/thumb/v7e-m+fp/hard\libc_nano.a(libc_a-findfp.o)
                0x000000000800ee24                __sfp_lock_acquire
 .text.__sfp_lock_release
                0x000000000800ee30        0xc C:/ST/STM32CubeIDE_1.12.0/STM32CubeIDE/plugins/com.st.stm32cube.ide.mcu.externaltools.gnu-tools-for-stm32.11.3.rel1.win32_1.1.0.202305231506/tools/bin/../lib/gcc/arm-none-eabi/11.3.1/../../../../arm-none-eabi/lib/thumb/v7e-m+fp/hard\libc_nano.a(libc_a-findfp.o)
                0x000000000800ee30                __sfp_lock_release
 .text.__sinit  0x000000000800ee3c       0x30 C:/ST/STM32CubeIDE_1.12.0/STM32CubeIDE/plugins/com.st.stm32cube.ide.mcu.externaltools.gnu-tools-for-stm32.11.3.rel1.win32_1.1.0.202305231506/tools/bin/../lib/gcc/arm-none-eabi/11.3.1/../../../../arm-none-eabi/lib/thumb/v7e-m+fp/hard\libc_nano.a(libc_a-findfp.o)
                0x000000000800ee3c                __sinit
 .text._fwalk_sglue
                0x000000000800ee6c       0x3c C:/ST/STM32CubeIDE_1.12.0/STM32CubeIDE/plugins/com.st.stm32cube.ide.mcu.externaltools.gnu-tools-for-stm32.11.3.rel1.win32_1.1.0.202305231506/tools/bin/../lib/gcc/arm-none-eabi/11.3.1/../../../../arm-none-eabi/lib/thumb/v7e-m+fp/hard\libc_nano.a(libc_a-fwalk.o)
                0x000000000800ee6c                _fwalk_sglue
 .text.__sread  0x000000000800eea8       0x22 C:/ST/STM32CubeIDE_1.12.0/STM32CubeIDE/plugins/com.st.stm32cube.ide.mcu.externaltools.gnu-tools-for-stm32.11.3.rel1.win32_1.1.0.202305231506/tools/bin/../lib/gcc/arm-none-eabi/11.3.1/../../../../arm-none-eabi/lib/thumb/v7e-m+fp/hard\libc_nano.a(libc_a-stdio.o)
                0x000000000800eea8                __sread
 .text.__swrite
                0x000000000800eeca       0x38 C:/ST/STM32CubeIDE_1.12.0/STM32CubeIDE/plugins/com.st.stm32cube.ide.mcu.externaltools.gnu-tools-for-stm32.11.3.rel1.win32_1.1.0.202305231506/tools/bin/../lib/gcc/arm-none-eabi/11.3.1/../../../../arm-none-eabi/lib/thumb/v7e-m+fp/hard\libc_nano.a(libc_a-stdio.o)
                0x000000000800eeca                __swrite
 .text.__sseek  0x000000000800ef02       0x24 C:/ST/STM32CubeIDE_1.12.0/STM32CubeIDE/plugins/com.st.stm32cube.ide.mcu.externaltools.gnu-tools-for-stm32.11.3.rel1.win32_1.1.0.202305231506/tools/bin/../lib/gcc/arm-none-eabi/11.3.1/../../../../arm-none-eabi/lib/thumb/v7e-m+fp/hard\libc_nano.a(libc_a-stdio.o)
                0x000000000800ef02                __sseek
 .text.__sclose
                0x000000000800ef26        0x8 C:/ST/STM32CubeIDE_1.12.0/STM32CubeIDE/plugins/com.st.stm32cube.ide.mcu.externaltools.gnu-tools-for-stm32.11.3.rel1.win32_1.1.0.202305231506/tools/bin/../lib/gcc/arm-none-eabi/11.3.1/../../../../arm-none-eabi/lib/thumb/v7e-m+fp/hard\libc_nano.a(libc_a-stdio.o)
                0x000000000800ef26                __sclose
 .text.memset   0x000000000800ef2e       0x10 C:/ST/STM32CubeIDE_1.12.0/STM32CubeIDE/plugins/com.st.stm32cube.ide.mcu.externaltools.gnu-tools-for-stm32.11.3.rel1.win32_1.1.0.202305231506/tools/bin/../lib/gcc/arm-none-eabi/11.3.1/../../../../arm-none-eabi/lib/thumb/v7e-m+fp/hard\libc_nano.a(libc_a-memset.o)
                0x000000000800ef2e                memset
 *fill*         0x000000000800ef3e        0x2 
 .text._localeconv_r
                0x000000000800ef40        0x8 C:/ST/STM32CubeIDE_1.12.0/STM32CubeIDE/plugins/com.st.stm32cube.ide.mcu.externaltools.gnu-tools-for-stm32.11.3.rel1.win32_1.1.0.202305231506/tools/bin/../lib/gcc/arm-none-eabi/11.3.1/../../../../arm-none-eabi/lib/thumb/v7e-m+fp/hard\libc_nano.a(libc_a-localeconv.o)
                0x000000000800ef40                _localeconv_r
 .text._close_r
                0x000000000800ef48       0x20 C:/ST/STM32CubeIDE_1.12.0/STM32CubeIDE/plugins/com.st.stm32cube.ide.mcu.externaltools.gnu-tools-for-stm32.11.3.rel1.win32_1.1.0.202305231506/tools/bin/../lib/gcc/arm-none-eabi/11.3.1/../../../../arm-none-eabi/lib/thumb/v7e-m+fp/hard\libc_nano.a(libc_a-closer.o)
                0x000000000800ef48                _close_r
 .text._reclaim_reent
                0x000000000800ef68       0xac C:/ST/STM32CubeIDE_1.12.0/STM32CubeIDE/plugins/com.st.stm32cube.ide.mcu.externaltools.gnu-tools-for-stm32.11.3.rel1.win32_1.1.0.202305231506/tools/bin/../lib/gcc/arm-none-eabi/11.3.1/../../../../arm-none-eabi/lib/thumb/v7e-m+fp/hard\libc_nano.a(libc_a-reent.o)
                0x000000000800ef68                _reclaim_reent
 .text._lseek_r
                0x000000000800f014       0x24 C:/ST/STM32CubeIDE_1.12.0/STM32CubeIDE/plugins/com.st.stm32cube.ide.mcu.externaltools.gnu-tools-for-stm32.11.3.rel1.win32_1.1.0.202305231506/tools/bin/../lib/gcc/arm-none-eabi/11.3.1/../../../../arm-none-eabi/lib/thumb/v7e-m+fp/hard\libc_nano.a(libc_a-lseekr.o)
                0x000000000800f014                _lseek_r
 .text._read_r  0x000000000800f038       0x24 C:/ST/STM32CubeIDE_1.12.0/STM32CubeIDE/plugins/com.st.stm32cube.ide.mcu.externaltools.gnu-tools-for-stm32.11.3.rel1.win32_1.1.0.202305231506/tools/bin/../lib/gcc/arm-none-eabi/11.3.1/../../../../arm-none-eabi/lib/thumb/v7e-m+fp/hard\libc_nano.a(libc_a-readr.o)
                0x000000000800f038                _read_r
 .text._write_r
                0x000000000800f05c       0x24 C:/ST/STM32CubeIDE_1.12.0/STM32CubeIDE/plugins/com.st.stm32cube.ide.mcu.externaltools.gnu-tools-for-stm32.11.3.rel1.win32_1.1.0.202305231506/tools/bin/../lib/gcc/arm-none-eabi/11.3.1/../../../../arm-none-eabi/lib/thumb/v7e-m+fp/hard\libc_nano.a(libc_a-writer.o)
                0x000000000800f05c                _write_r
 .text.__errno  0x000000000800f080        0xc C:/ST/STM32CubeIDE_1.12.0/STM32CubeIDE/plugins/com.st.stm32cube.ide.mcu.externaltools.gnu-tools-for-stm32.11.3.rel1.win32_1.1.0.202305231506/tools/bin/../lib/gcc/arm-none-eabi/11.3.1/../../../../arm-none-eabi/lib/thumb/v7e-m+fp/hard\libc_nano.a(libc_a-errno.o)
                0x000000000800f080                __errno
 .text.__libc_init_array
                0x000000000800f08c       0x48 C:/ST/STM32CubeIDE_1.12.0/STM32CubeIDE/plugins/com.st.stm32cube.ide.mcu.externaltools.gnu-tools-for-stm32.11.3.rel1.win32_1.1.0.202305231506/tools/bin/../lib/gcc/arm-none-eabi/11.3.1/../../../../arm-none-eabi/lib/thumb/v7e-m+fp/hard\libc_nano.a(libc_a-init.o)
                0x000000000800f08c                __libc_init_array
 .text.__retarget_lock_acquire_recursive
                0x000000000800f0d4        0x2 C:/ST/STM32CubeIDE_1.12.0/STM32CubeIDE/plugins/com.st.stm32cube.ide.mcu.externaltools.gnu-tools-for-stm32.11.3.rel1.win32_1.1.0.202305231506/tools/bin/../lib/gcc/arm-none-eabi/11.3.1/../../../../arm-none-eabi/lib/thumb/v7e-m+fp/hard\libc_nano.a(libc_a-lock.o)
                0x000000000800f0d4                __retarget_lock_acquire_recursive
 .text.__retarget_lock_release_recursive
                0x000000000800f0d6        0x2 C:/ST/STM32CubeIDE_1.12.0/STM32CubeIDE/plugins/com.st.stm32cube.ide.mcu.externaltools.gnu-tools-for-stm32.11.3.rel1.win32_1.1.0.202305231506/tools/bin/../lib/gcc/arm-none-eabi/11.3.1/../../../../arm-none-eabi/lib/thumb/v7e-m+fp/hard\libc_nano.a(libc_a-lock.o)
                0x000000000800f0d6                __retarget_lock_release_recursive
 .text.memcpy   0x000000000800f0d8       0x1c C:/ST/STM32CubeIDE_1.12.0/STM32CubeIDE/plugins/com.st.stm32cube.ide.mcu.externaltools.gnu-tools-for-stm32.11.3.rel1.win32_1.1.0.202305231506/tools/bin/../lib/gcc/arm-none-eabi/11.3.1/../../../../arm-none-eabi/lib/thumb/v7e-m+fp/hard\libc_nano.a(libc_a-memcpy-stub.o)
                0x000000000800f0d8                memcpy
 .text.quorem   0x000000000800f0f4      0x110 C:/ST/STM32CubeIDE_1.12.0/STM32CubeIDE/plugins/com.st.stm32cube.ide.mcu.externaltools.gnu-tools-for-stm32.11.3.rel1.win32_1.1.0.202305231506/tools/bin/../lib/gcc/arm-none-eabi/11.3.1/../../../../arm-none-eabi/lib/thumb/v7e-m+fp/hard\libc_nano.a(libc_a-dtoa.o)
 *fill*         0x000000000800f204        0x4 
 .text._dtoa_r  0x000000000800f208      0xbe4 C:/ST/STM32CubeIDE_1.12.0/STM32CubeIDE/plugins/com.st.stm32cube.ide.mcu.externaltools.gnu-tools-for-stm32.11.3.rel1.win32_1.1.0.202305231506/tools/bin/../lib/gcc/arm-none-eabi/11.3.1/../../../../arm-none-eabi/lib/thumb/v7e-m+fp/hard\libc_nano.a(libc_a-dtoa.o)
                0x000000000800f208                _dtoa_r
 .text._free_r  0x000000000800fdec       0x98 C:/ST/STM32CubeIDE_1.12.0/STM32CubeIDE/plugins/com.st.stm32cube.ide.mcu.externaltools.gnu-tools-for-stm32.11.3.rel1.win32_1.1.0.202305231506/tools/bin/../lib/gcc/arm-none-eabi/11.3.1/../../../../arm-none-eabi/lib/thumb/v7e-m+fp/hard\libc_nano.a(libc_a-freer.o)
                0x000000000800fdec                _free_r
 .text.malloc   0x000000000800fe84       0x10 C:/ST/STM32CubeIDE_1.12.0/STM32CubeIDE/plugins/com.st.stm32cube.ide.mcu.externaltools.gnu-tools-for-stm32.11.3.rel1.win32_1.1.0.202305231506/tools/bin/../lib/gcc/arm-none-eabi/11.3.1/../../../../arm-none-eabi/lib/thumb/v7e-m+fp/hard\libc_nano.a(libc_a-malloc.o)
                0x000000000800fe84                malloc
 .text.sbrk_aligned
                0x000000000800fe94       0x40 C:/ST/STM32CubeIDE_1.12.0/STM32CubeIDE/plugins/com.st.stm32cube.ide.mcu.externaltools.gnu-tools-for-stm32.11.3.rel1.win32_1.1.0.202305231506/tools/bin/../lib/gcc/arm-none-eabi/11.3.1/../../../../arm-none-eabi/lib/thumb/v7e-m+fp/hard\libc_nano.a(libc_a-mallocr.o)
 .text._malloc_r
                0x000000000800fed4      0x100 C:/ST/STM32CubeIDE_1.12.0/STM32CubeIDE/plugins/com.st.stm32cube.ide.mcu.externaltools.gnu-tools-for-stm32.11.3.rel1.win32_1.1.0.202305231506/tools/bin/../lib/gcc/arm-none-eabi/11.3.1/../../../../arm-none-eabi/lib/thumb/v7e-m+fp/hard\libc_nano.a(libc_a-mallocr.o)
                0x000000000800fed4                _malloc_r
 .text.__malloc_lock
                0x000000000800ffd4        0xc C:/ST/STM32CubeIDE_1.12.0/STM32CubeIDE/plugins/com.st.stm32cube.ide.mcu.externaltools.gnu-tools-for-stm32.11.3.rel1.win32_1.1.0.202305231506/tools/bin/../lib/gcc/arm-none-eabi/11.3.1/../../../../arm-none-eabi/lib/thumb/v7e-m+fp/hard\libc_nano.a(libc_a-mlock.o)
                0x000000000800ffd4                __malloc_lock
 .text.__malloc_unlock
                0x000000000800ffe0        0xc C:/ST/STM32CubeIDE_1.12.0/STM32CubeIDE/plugins/com.st.stm32cube.ide.mcu.externaltools.gnu-tools-for-stm32.11.3.rel1.win32_1.1.0.202305231506/tools/bin/../lib/gcc/arm-none-eabi/11.3.1/../../../../arm-none-eabi/lib/thumb/v7e-m+fp/hard\libc_nano.a(libc_a-mlock.o)
                0x000000000800ffe0                __malloc_unlock
 .text._Balloc  0x000000000800ffec       0x80 C:/ST/STM32CubeIDE_1.12.0/STM32CubeIDE/plugins/com.st.stm32cube.ide.mcu.externaltools.gnu-tools-for-stm32.11.3.rel1.win32_1.1.0.202305231506/tools/bin/../lib/gcc/arm-none-eabi/11.3.1/../../../../arm-none-eabi/lib/thumb/v7e-m+fp/hard\libc_nano.a(libc_a-mprec.o)
                0x000000000800ffec                _Balloc
 .text._Bfree   0x000000000801006c       0x44 C:/ST/STM32CubeIDE_1.12.0/STM32CubeIDE/plugins/com.st.stm32cube.ide.mcu.externaltools.gnu-tools-for-stm32.11.3.rel1.win32_1.1.0.202305231506/tools/bin/../lib/gcc/arm-none-eabi/11.3.1/../../../../arm-none-eabi/lib/thumb/v7e-m+fp/hard\libc_nano.a(libc_a-mprec.o)
                0x000000000801006c                _Bfree
 .text.__multadd
                0x00000000080100b0       0x8c C:/ST/STM32CubeIDE_1.12.0/STM32CubeIDE/plugins/com.st.stm32cube.ide.mcu.externaltools.gnu-tools-for-stm32.11.3.rel1.win32_1.1.0.202305231506/tools/bin/../lib/gcc/arm-none-eabi/11.3.1/../../../../arm-none-eabi/lib/thumb/v7e-m+fp/hard\libc_nano.a(libc_a-mprec.o)
                0x00000000080100b0                __multadd
 .text.__hi0bits
                0x000000000801013c       0x40 C:/ST/STM32CubeIDE_1.12.0/STM32CubeIDE/plugins/com.st.stm32cube.ide.mcu.externaltools.gnu-tools-for-stm32.11.3.rel1.win32_1.1.0.202305231506/tools/bin/../lib/gcc/arm-none-eabi/11.3.1/../../../../arm-none-eabi/lib/thumb/v7e-m+fp/hard\libc_nano.a(libc_a-mprec.o)
                0x000000000801013c                __hi0bits
 .text.__lo0bits
                0x000000000801017c       0x5a C:/ST/STM32CubeIDE_1.12.0/STM32CubeIDE/plugins/com.st.stm32cube.ide.mcu.externaltools.gnu-tools-for-stm32.11.3.rel1.win32_1.1.0.202305231506/tools/bin/../lib/gcc/arm-none-eabi/11.3.1/../../../../arm-none-eabi/lib/thumb/v7e-m+fp/hard\libc_nano.a(libc_a-mprec.o)
                0x000000000801017c                __lo0bits
 *fill*         0x00000000080101d6        0x2 
 .text.__i2b    0x00000000080101d8       0x2c C:/ST/STM32CubeIDE_1.12.0/STM32CubeIDE/plugins/com.st.stm32cube.ide.mcu.externaltools.gnu-tools-for-stm32.11.3.rel1.win32_1.1.0.202305231506/tools/bin/../lib/gcc/arm-none-eabi/11.3.1/../../../../arm-none-eabi/lib/thumb/v7e-m+fp/hard\libc_nano.a(libc_a-mprec.o)
                0x00000000080101d8                __i2b
 .text.__multiply
                0x0000000008010204      0x154 C:/ST/STM32CubeIDE_1.12.0/STM32CubeIDE/plugins/com.st.stm32cube.ide.mcu.externaltools.gnu-tools-for-stm32.11.3.rel1.win32_1.1.0.202305231506/tools/bin/../lib/gcc/arm-none-eabi/11.3.1/../../../../arm-none-eabi/lib/thumb/v7e-m+fp/hard\libc_nano.a(libc_a-mprec.o)
                0x0000000008010204                __multiply
 .text.__pow5mult
                0x0000000008010358       0xb4 C:/ST/STM32CubeIDE_1.12.0/STM32CubeIDE/plugins/com.st.stm32cube.ide.mcu.externaltools.gnu-tools-for-stm32.11.3.rel1.win32_1.1.0.202305231506/tools/bin/../lib/gcc/arm-none-eabi/11.3.1/../../../../arm-none-eabi/lib/thumb/v7e-m+fp/hard\libc_nano.a(libc_a-mprec.o)
                0x0000000008010358                __pow5mult
 .text.__lshift
                0x000000000801040c       0xd8 C:/ST/STM32CubeIDE_1.12.0/STM32CubeIDE/plugins/com.st.stm32cube.ide.mcu.externaltools.gnu-tools-for-stm32.11.3.rel1.win32_1.1.0.202305231506/tools/bin/../lib/gcc/arm-none-eabi/11.3.1/../../../../arm-none-eabi/lib/thumb/v7e-m+fp/hard\libc_nano.a(libc_a-mprec.o)
                0x000000000801040c                __lshift
 .text.__mcmp   0x00000000080104e4       0x38 C:/ST/STM32CubeIDE_1.12.0/STM32CubeIDE/plugins/com.st.stm32cube.ide.mcu.externaltools.gnu-tools-for-stm32.11.3.rel1.win32_1.1.0.202305231506/tools/bin/../lib/gcc/arm-none-eabi/11.3.1/../../../../arm-none-eabi/lib/thumb/v7e-m+fp/hard\libc_nano.a(libc_a-mprec.o)
                0x00000000080104e4                __mcmp
 .text.__mdiff  0x000000000801051c      0x114 C:/ST/STM32CubeIDE_1.12.0/STM32CubeIDE/plugins/com.st.stm32cube.ide.mcu.externaltools.gnu-tools-for-stm32.11.3.rel1.win32_1.1.0.202305231506/tools/bin/../lib/gcc/arm-none-eabi/11.3.1/../../../../arm-none-eabi/lib/thumb/v7e-m+fp/hard\libc_nano.a(libc_a-mprec.o)
                0x000000000801051c                __mdiff
 .text.__d2b    0x0000000008010630       0xb4 C:/ST/STM32CubeIDE_1.12.0/STM32CubeIDE/plugins/com.st.stm32cube.ide.mcu.externaltools.gnu-tools-for-stm32.11.3.rel1.win32_1.1.0.202305231506/tools/bin/../lib/gcc/arm-none-eabi/11.3.1/../../../../arm-none-eabi/lib/thumb/v7e-m+fp/hard\libc_nano.a(libc_a-mprec.o)
                0x0000000008010630                __d2b
 .text.__sflush_r
                0x00000000080106e4      0x10c C:/ST/STM32CubeIDE_1.12.0/STM32CubeIDE/plugins/com.st.stm32cube.ide.mcu.externaltools.gnu-tools-for-stm32.11.3.rel1.win32_1.1.0.202305231506/tools/bin/../lib/gcc/arm-none-eabi/11.3.1/../../../../arm-none-eabi/lib/thumb/v7e-m+fp/hard\libc_nano.a(libc_a-fflush.o)
                0x00000000080106e4                __sflush_r
 .text._fflush_r
                0x00000000080107f0       0x50 C:/ST/STM32CubeIDE_1.12.0/STM32CubeIDE/plugins/com.st.stm32cube.ide.mcu.externaltools.gnu-tools-for-stm32.11.3.rel1.win32_1.1.0.202305231506/tools/bin/../lib/gcc/arm-none-eabi/11.3.1/../../../../arm-none-eabi/lib/thumb/v7e-m+fp/hard\libc_nano.a(libc_a-fflush.o)
                0x00000000080107f0                _fflush_r
 .text._sbrk_r  0x0000000008010840       0x20 C:/ST/STM32CubeIDE_1.12.0/STM32CubeIDE/plugins/com.st.stm32cube.ide.mcu.externaltools.gnu-tools-for-stm32.11.3.rel1.win32_1.1.0.202305231506/tools/bin/../lib/gcc/arm-none-eabi/11.3.1/../../../../arm-none-eabi/lib/thumb/v7e-m+fp/hard\libc_nano.a(libc_a-sbrkr.o)
                0x0000000008010840                _sbrk_r
 .text.__assert_func
                0x0000000008010860       0x3c C:/ST/STM32CubeIDE_1.12.0/STM32CubeIDE/plugins/com.st.stm32cube.ide.mcu.externaltools.gnu-tools-for-stm32.11.3.rel1.win32_1.1.0.202305231506/tools/bin/../lib/gcc/arm-none-eabi/11.3.1/../../../../arm-none-eabi/lib/thumb/v7e-m+fp/hard\libc_nano.a(libc_a-assert.o)
                0x0000000008010860                __assert_func
 .text._calloc_r
                0x000000000801089c       0x2c C:/ST/STM32CubeIDE_1.12.0/STM32CubeIDE/plugins/com.st.stm32cube.ide.mcu.externaltools.gnu-tools-for-stm32.11.3.rel1.win32_1.1.0.202305231506/tools/bin/../lib/gcc/arm-none-eabi/11.3.1/../../../../arm-none-eabi/lib/thumb/v7e-m+fp/hard\libc_nano.a(libc_a-callocr.o)
                0x000000000801089c                _calloc_r
 .text.__ascii_mbtowc
                0x00000000080108c8       0x24 C:/ST/STM32CubeIDE_1.12.0/STM32CubeIDE/plugins/com.st.stm32cube.ide.mcu.externaltools.gnu-tools-for-stm32.11.3.rel1.win32_1.1.0.202305231506/tools/bin/../lib/gcc/arm-none-eabi/11.3.1/../../../../arm-none-eabi/lib/thumb/v7e-m+fp/hard\libc_nano.a(libc_a-mbtowc_r.o)
                0x00000000080108c8                __ascii_mbtowc
 .text.__ascii_wctomb
                0x00000000080108ec       0x1a C:/ST/STM32CubeIDE_1.12.0/STM32CubeIDE/plugins/com.st.stm32cube.ide.mcu.externaltools.gnu-tools-for-stm32.11.3.rel1.win32_1.1.0.202305231506/tools/bin/../lib/gcc/arm-none-eabi/11.3.1/../../../../arm-none-eabi/lib/thumb/v7e-m+fp/hard\libc_nano.a(libc_a-wctomb_r.o)
                0x00000000080108ec                __ascii_wctomb
 *fill*         0x0000000008010906        0x2 
 .text.fprintf  0x0000000008010908       0x24 C:/ST/STM32CubeIDE_1.12.0/STM32CubeIDE/plugins/com.st.stm32cube.ide.mcu.externaltools.gnu-tools-for-stm32.11.3.rel1.win32_1.1.0.202305231506/tools/bin/../lib/gcc/arm-none-eabi/11.3.1/../../../../arm-none-eabi/lib/thumb/v7e-m+fp/hard\libc_nano.a(libc_a-fprintf.o)
                0x0000000008010908                fiprintf
                0x0000000008010908                fprintf
 .text.abort    0x000000000801092c        0xe C:/ST/STM32CubeIDE_1.12.0/STM32CubeIDE/plugins/com.st.stm32cube.ide.mcu.externaltools.gnu-tools-for-stm32.11.3.rel1.win32_1.1.0.202305231506/tools/bin/../lib/gcc/arm-none-eabi/11.3.1/../../../../arm-none-eabi/lib/thumb/v7e-m+fp/hard\libc_nano.a(libc_a-abort.o)
                0x000000000801092c                abort
 .text.__sfputc_r
                0x000000000801093a       0x2e C:/ST/STM32CubeIDE_1.12.0/STM32CubeIDE/plugins/com.st.stm32cube.ide.mcu.externaltools.gnu-tools-for-stm32.11.3.rel1.win32_1.1.0.202305231506/tools/bin/../lib/gcc/arm-none-eabi/11.3.1/../../../../arm-none-eabi/lib/thumb/v7e-m+fp/hard\libc_nano.a(libc_a-nano-vfprintf.o)
 .text.__sfputs_r
                0x0000000008010968       0x24 C:/ST/STM32CubeIDE_1.12.0/STM32CubeIDE/plugins/com.st.stm32cube.ide.mcu.externaltools.gnu-tools-for-stm32.11.3.rel1.win32_1.1.0.202305231506/tools/bin/../lib/gcc/arm-none-eabi/11.3.1/../../../../arm-none-eabi/lib/thumb/v7e-m+fp/hard\libc_nano.a(libc_a-nano-vfprintf.o)
                0x0000000008010968                __sfputs_r
 .text._vfprintf_r
                0x000000000801098c      0x234 C:/ST/STM32CubeIDE_1.12.0/STM32CubeIDE/plugins/com.st.stm32cube.ide.mcu.externaltools.gnu-tools-for-stm32.11.3.rel1.win32_1.1.0.202305231506/tools/bin/../lib/gcc/arm-none-eabi/11.3.1/../../../../arm-none-eabi/lib/thumb/v7e-m+fp/hard\libc_nano.a(libc_a-nano-vfprintf.o)
                0x000000000801098c                _vfprintf_r
                0x000000000801098c                _vfiprintf_r
 .text.__swbuf_r
                0x0000000008010bc0       0x7a C:/ST/STM32CubeIDE_1.12.0/STM32CubeIDE/plugins/com.st.stm32cube.ide.mcu.externaltools.gnu-tools-for-stm32.11.3.rel1.win32_1.1.0.202305231506/tools/bin/../lib/gcc/arm-none-eabi/11.3.1/../../../../arm-none-eabi/lib/thumb/v7e-m+fp/hard\libc_nano.a(libc_a-wbuf.o)
                0x0000000008010bc0                __swbuf_r
 *fill*         0x0000000008010c3a        0x2 
 .text.__swsetup_r