../Core/Src/freertos.c:204:6:MX_FREERTOS_Init	8	static
../Core/Src/freertos.c:300:6:StartDefaultTask	24	static
../Core/Src/freertos.c:323:6:StartTaskRTC	48	static
../Core/Src/freertos.c:376:6:StartTaskBme280	40	static
../Core/Src/freertos.c:416:6:StartTaskBH1750	24	static
../Core/Src/freertos.c:464:6:StartTaskSSD1306	200	static
../Core/Src/freertos.c:521:6:CallbackTimerBmeData	16	static
../Core/Src/freertos.c:530:6:CallbackTimerBh1750Data	16	static
../Core/Src/freertos.c:538:6:CallbackTimerRTC	16	static
../Core/Src/freertos.c:547:6:_putchar	16	static
