../Core/Src/freertos.c:197:6:MX_FREERTOS_Init	8	static
../Core/Src/freertos.c:290:6:StartDefaultTask	24	static
../Core/Src/freertos.c:313:6:StartTaskRTC	48	static
../Core/Src/freertos.c:362:6:StartTaskBme280	40	static
../Core/Src/freertos.c:402:6:StartTaskBH1750	24	static
../Core/Src/freertos.c:450:6:StartTaskSSD1306	200	static
../Core/Src/freertos.c:507:6:CallbackTimerBmeData	16	static
../Core/Src/freertos.c:516:6:CallbackTimerBh1750Data	16	static
../Core/Src/freertos.c:524:6:CallbackTimerRTC	16	static
../Core/Src/freertos.c:533:6:_putchar	16	static
