../Core/Src/GFX_BW.c:28:6:GFX_SetFont	16	static
../Core/Src/GFX_BW.c:33:6:GFX_SetFontSize	16	static
../Core/Src/GFX_BW.c:39:9:GFX_GetFontHeight	4	static
../Core/Src/GFX_BW.c:44:9:GFX_GetFontWidth	4	static
../Core/Src/GFX_BW.c:49:9:GFX_GetFontSize	4	static
../Core/Src/GFX_BW.c:54:6:GFX_DrawChar	48	static
../Core/Src/GFX_BW.c:82:6:GFX_DrawString	40	static
../Core/Src/GFX_BW.c:108:6:GFX_WriteLine	56	static
../Core/Src/GFX_BW.c:149:6:GFX_DrawFastVLine	32	static
../Core/Src/GFX_BW.c:154:6:GFX_DrawFastHLine	32	static
../Core/Src/GFX_BW.c:159:6:GFX_DrawLine	40	static
../Core/Src/GFX_BW.c:174:6:GFX_DrawRectangle	24	static
../Core/Src/GFX_BW.c:185:6:GFX_DrawFillRectangle	32	static
../Core/Src/GFX_BW.c:194:6:GFX_DrawCircle	40	static
../Core/Src/GFX_BW.c:230:6:GFX_DrawCircleHelper	40	static
../Core/Src/GFX_BW.c:267:6:GFX_DrawFillCircleHelper	40	static
../Core/Src/GFX_BW.c:298:6:GFX_DrawFillCircle	32	static
../Core/Src/GFX_BW.c:306:6:GFX_DrawRoundRectangle	32	static
../Core/Src/GFX_BW.c:320:6:GFX_DrawFillRoundRectangle	40	static
../Core/Src/GFX_BW.c:332:6:GFX_DrawTriangle	32	static
../Core/Src/GFX_BW.c:340:6:GFX_DrawFillTriangle	88	static
../Core/Src/GFX_BW.c:434:6:GFX_Image	32	static
