Archive member included to satisfy reference by file (symbol)

C:/ST/STM32CubeIDE_1.12.0/STM32CubeIDE/plugins/com.st.stm32cube.ide.mcu.externaltools.gnu-tools-for-stm32.11.3.rel1.win32_1.1.0.202305231506/tools/bin/../lib/gcc/arm-none-eabi/11.3.1/../../../../arm-none-eabi/lib/thumb/v7e-m+fp/hard\libc_nano.a(libc_a-exit.o)
                              C:/ST/STM32CubeIDE_1.12.0/STM32CubeIDE/plugins/com.st.stm32cube.ide.mcu.externaltools.gnu-tools-for-stm32.11.3.rel1.win32_1.1.0.202305231506/tools/bin/../lib/gcc/arm-none-eabi/11.3.1/../../../../arm-none-eabi/lib/thumb/v7e-m+fp/hard/crt0.o (exit)
C:/ST/STM32CubeIDE_1.12.0/STM32CubeIDE/plugins/com.st.stm32cube.ide.mcu.externaltools.gnu-tools-for-stm32.11.3.rel1.win32_1.1.0.202305231506/tools/bin/../lib/gcc/arm-none-eabi/11.3.1/../../../../arm-none-eabi/lib/thumb/v7e-m+fp/hard\libc_nano.a(libc_a-nano-vfprintf_float.o)
                              (_printf_float)
C:/ST/STM32CubeIDE_1.12.0/STM32CubeIDE/plugins/com.st.stm32cube.ide.mcu.externaltools.gnu-tools-for-stm32.11.3.rel1.win32_1.1.0.202305231506/tools/bin/../lib/gcc/arm-none-eabi/11.3.1/../../../../arm-none-eabi/lib/thumb/v7e-m+fp/hard\libc_nano.a(libc_a-nano-vfprintf_i.o)
                              C:/ST/STM32CubeIDE_1.12.0/STM32CubeIDE/plugins/com.st.stm32cube.ide.mcu.externaltools.gnu-tools-for-stm32.11.3.rel1.win32_1.1.0.202305231506/tools/bin/../lib/gcc/arm-none-eabi/11.3.1/../../../../arm-none-eabi/lib/thumb/v7e-m+fp/hard\libc_nano.a(libc_a-nano-vfprintf_float.o) (_printf_common)
C:/ST/STM32CubeIDE_1.12.0/STM32CubeIDE/plugins/com.st.stm32cube.ide.mcu.externaltools.gnu-tools-for-stm32.11.3.rel1.win32_1.1.0.202305231506/tools/bin/../lib/gcc/arm-none-eabi/11.3.1/../../../../arm-none-eabi/lib/thumb/v7e-m+fp/hard\libc_nano.a(libc_a-findfp.o)
                              ./Middlewares/Third_Party/FreeRTOS/Source/tasks.o (__sf)
C:/ST/STM32CubeIDE_1.12.0/STM32CubeIDE/plugins/com.st.stm32cube.ide.mcu.externaltools.gnu-tools-for-stm32.11.3.rel1.win32_1.1.0.202305231506/tools/bin/../lib/gcc/arm-none-eabi/11.3.1/../../../../arm-none-eabi/lib/thumb/v7e-m+fp/hard\libc_nano.a(libc_a-fwalk.o)
                              C:/ST/STM32CubeIDE_1.12.0/STM32CubeIDE/plugins/com.st.stm32cube.ide.mcu.externaltools.gnu-tools-for-stm32.11.3.rel1.win32_1.1.0.202305231506/tools/bin/../lib/gcc/arm-none-eabi/11.3.1/../../../../arm-none-eabi/lib/thumb/v7e-m+fp/hard\libc_nano.a(libc_a-findfp.o) (_fwalk_sglue)
C:/ST/STM32CubeIDE_1.12.0/STM32CubeIDE/plugins/com.st.stm32cube.ide.mcu.externaltools.gnu-tools-for-stm32.11.3.rel1.win32_1.1.0.202305231506/tools/bin/../lib/gcc/arm-none-eabi/11.3.1/../../../../arm-none-eabi/lib/thumb/v7e-m+fp/hard\libc_nano.a(libc_a-stdio.o)
                              C:/ST/STM32CubeIDE_1.12.0/STM32CubeIDE/plugins/com.st.stm32cube.ide.mcu.externaltools.gnu-tools-for-stm32.11.3.rel1.win32_1.1.0.202305231506/tools/bin/../lib/gcc/arm-none-eabi/11.3.1/../../../../arm-none-eabi/lib/thumb/v7e-m+fp/hard\libc_nano.a(libc_a-findfp.o) (__sread)
C:/ST/STM32CubeIDE_1.12.0/STM32CubeIDE/plugins/com.st.stm32cube.ide.mcu.externaltools.gnu-tools-for-stm32.11.3.rel1.win32_1.1.0.202305231506/tools/bin/../lib/gcc/arm-none-eabi/11.3.1/../../../../arm-none-eabi/lib/thumb/v7e-m+fp/hard\libc_nano.a(libc_a-memset.o)
                              C:/ST/STM32CubeIDE_1.12.0/STM32CubeIDE/plugins/com.st.stm32cube.ide.mcu.externaltools.gnu-tools-for-stm32.11.3.rel1.win32_1.1.0.202305231506/tools/bin/../lib/gcc/arm-none-eabi/11.3.1/../../../../arm-none-eabi/lib/thumb/v7e-m+fp/hard/crt0.o (memset)
C:/ST/STM32CubeIDE_1.12.0/STM32CubeIDE/plugins/com.st.stm32cube.ide.mcu.externaltools.gnu-tools-for-stm32.11.3.rel1.win32_1.1.0.202305231506/tools/bin/../lib/gcc/arm-none-eabi/11.3.1/../../../../arm-none-eabi/lib/thumb/v7e-m+fp/hard\libc_nano.a(libc_a-localeconv.o)
                              C:/ST/STM32CubeIDE_1.12.0/STM32CubeIDE/plugins/com.st.stm32cube.ide.mcu.externaltools.gnu-tools-for-stm32.11.3.rel1.win32_1.1.0.202305231506/tools/bin/../lib/gcc/arm-none-eabi/11.3.1/../../../../arm-none-eabi/lib/thumb/v7e-m+fp/hard\libc_nano.a(libc_a-nano-vfprintf_float.o) (_localeconv_r)
C:/ST/STM32CubeIDE_1.12.0/STM32CubeIDE/plugins/com.st.stm32cube.ide.mcu.externaltools.gnu-tools-for-stm32.11.3.rel1.win32_1.1.0.202305231506/tools/bin/../lib/gcc/arm-none-eabi/11.3.1/../../../../arm-none-eabi/lib/thumb/v7e-m+fp/hard\libc_nano.a(libc_a-closer.o)
                              C:/ST/STM32CubeIDE_1.12.0/STM32CubeIDE/plugins/com.st.stm32cube.ide.mcu.externaltools.gnu-tools-for-stm32.11.3.rel1.win32_1.1.0.202305231506/tools/bin/../lib/gcc/arm-none-eabi/11.3.1/../../../../arm-none-eabi/lib/thumb/v7e-m+fp/hard\libc_nano.a(libc_a-stdio.o) (_close_r)
C:/ST/STM32CubeIDE_1.12.0/STM32CubeIDE/plugins/com.st.stm32cube.ide.mcu.externaltools.gnu-tools-for-stm32.11.3.rel1.win32_1.1.0.202305231506/tools/bin/../lib/gcc/arm-none-eabi/11.3.1/../../../../arm-none-eabi/lib/thumb/v7e-m+fp/hard\libc_nano.a(libc_a-reent.o)
[...]
Memory Configuration

Name             Origin             Length             Attributes
RAM              0x0000000020000000 0x0000000000020000 xrw
FLASH            0x0000000008000000 0x0000000000080000 xr
*default*        0x0000000000000000 0xffffffffffffffff

Linker script and memory map

LOAD C:/ST/STM32CubeIDE_1.12.0/STM32CubeIDE/plugins/com.st.stm32cube.ide.mcu.externaltools.gnu-tools-for-stm32.11.3.rel1.win32_1.1.0.202305231506/tools/bin/../lib/gcc/arm-none-eabi/11.3.1/thumb/v7e-m+fp/hard/crti.o
LOAD C:/ST/STM32CubeIDE_1.12.0/STM32CubeIDE/plugins/com.st.stm32cube.ide.mcu.externaltools.gnu-tools-for-stm32.11.3.rel1.win32_1.1.0.202305231506/tools/bin/../lib/gcc/arm-none-eabi/11.3.1/thumb/v7e-m+fp/hard/crtbegin.o
LOAD C:/ST/STM32CubeIDE_1.12.0/STM32CubeIDE/plugins/com.st.stm32cube.ide.mcu.externaltools.gnu-tools-for-stm32.11.3.rel1.win32_1.1.0.202305231506/tools/bin/../lib/gcc/arm-none-eabi/11.3.1/../../../../arm-none-eabi/lib/thumb/v7e-m+fp/hard/crt0.o
LOAD ./Core/Src/GFX_BW.o
LOAD ./Core/Src/SSD1306_OLED.o
LOAD ./Core/Src/bh1750.o
LOAD ./Core/Src/bme280.o
LOAD ./Core/Src/delays.o
LOAD ./Core/Src/dma.o
LOAD ./Core/Src/drv8835.o
LOAD ./Core/Src/freertos.o
LOAD ./Core/Src/gpio.o
LOAD ./Core/Src/i2c.o
LOAD ./Core/Src/main.o
LOAD ./Core/Src/printf.o
LOAD ./Core/Src/rtc.o
LOAD ./Core/Src/stm32f4xx_hal_msp.o
LOAD ./Core/Src/stm32f4xx_hal_timebase_tim.o
LOAD ./Core/Src/stm32f4xx_it.o
LOAD ./Core/Src/syscalls.o
LOAD ./Core/Src/sysmem.o
LOAD ./Core/Src/system_stm32f4xx.o
LOAD ./Core/Src/tim.o
LOAD ./Core/Src/usart.o
LOAD ./Core/Startup/startup_stm32f411retx.o
LOAD ./Drivers/STM32F4xx_HAL_Driver/Src/stm32f4xx_hal.o
LOAD ./Drivers/STM32F4xx_HAL_Driver/Src/stm32f4xx_hal_cortex.o
LOAD ./Drivers/STM32F4xx_HAL_Driver/Src/stm32f4xx_hal_dma.o
LOAD ./Drivers/STM32F4xx_HAL_Driver/Src/stm32f4xx_hal_dma_ex.o
LOAD ./Drivers/STM32F4xx_HAL_Driver/Src/stm32f4xx_hal_exti.o
LOAD ./Drivers/STM32F4xx_HAL_Driver/Src/stm32f4xx_hal_flash.o
LOAD ./Drivers/STM32F4xx_HAL_Driver/Src/stm32f4xx_hal_flash_ex.o
LOAD ./Drivers/STM32F4xx_HAL_Driver/Src/stm32f4xx_hal_flash_ramfunc.o
LOAD ./Drivers/STM32F4xx_HAL_Driver/Src/stm32f4xx_hal_gpio.o
LOAD ./Drivers/STM32F4xx_HAL_Driver/Src/stm32f4xx_hal_i2c.o
LOAD ./Drivers/STM32F4xx_HAL_Driver/Src/stm32f4xx_hal_i2c_ex.o
LOAD ./Drivers/STM32F4xx_HAL_Driver/Src/stm32f4xx_hal_pwr.o
LOAD ./Drivers/STM32F4xx_HAL_Driver/Src/stm32f4xx_hal_pwr_ex.o
LOAD ./Drivers/STM32F4xx_HAL_Driver/Src/stm32f4xx_hal_rcc.o
LOAD ./Drivers/STM32F4xx_HAL_Driver/Src/stm32f4xx_hal_rcc_ex.o
LOAD ./Drivers/STM32F4xx_HAL_Driver/Src/stm32f4xx_hal_rtc.o
LOAD ./Drivers/STM32F4xx_HAL_Driver/Src/stm32f4xx_hal_rtc_ex.o
LOAD ./Drivers/STM32F4xx_HAL_Driver/Src/stm32f4xx_hal_tim.o
LOAD ./Drivers/STM32F4xx_HAL_Driver/Src/stm32f4xx_hal_tim_ex.o
LOAD ./Drivers/STM32F4xx_HAL_Driver/Src/stm32f4xx_hal_uart.o
LOAD ./Middlewares/Third_Party/FreeRTOS/Source/CMSIS_RTOS_V2/cmsis_os2.o
LOAD ./Middlewares/Third_Party/FreeRTOS/Source/croutine.o
LOAD ./Middlewares/Third_Party/FreeRTOS/Source/event_groups.o
LOAD ./Middlewares/Third_Party/FreeRTOS/Source/list.o
LOAD ./Middlewares/Third_Party/FreeRTOS/Source/queue.o
LOAD ./Middlewares/Third_Party/FreeRTOS/Source/stream_buffer.o
LOAD ./Middlewares/Third_Party/FreeRTOS/Source/tasks.o
LOAD ./Middlewares/Third_Party/FreeRTOS/Source/timers.o
LOAD ./Middlewares/Third_Party/FreeRTOS/Source/portable/GCC/ARM_CM4F/port.o
LOAD ./Middlewares/Third_Party/FreeRTOS/Source/portable/MemMang/heap_4.o
START GROUP
LOAD C:/ST/STM32CubeIDE_1.12.0/STM32CubeIDE/plugins/com.st.stm32cube.ide.mcu.externaltools.gnu-tools-for-stm32.11.3.rel1.win32_1.1.0.202305231506/tools/bin/../lib/gcc/arm-none-eabi/11.3.1/../../../../arm-none-eabi/lib/thumb/v7e-m+fp/hard\libc_nano.a
LOAD C:/ST/STM32CubeIDE_1.12.0/STM32CubeIDE/plugins/com.st.stm32cube.ide.mcu.externaltools.gnu-tools-for-stm32.11.3.rel1.win32_1.1.0.202305231506/tools/bin/../lib/gcc/arm-none-eabi/11.3.1/../../../../arm-none-eabi/lib/thumb/v7e-m+fp/hard\libm.a
END GROUP
START GROUP
LOAD C:/ST/STM32CubeIDE_1.12.0/STM32CubeIDE/plugins/com.st.stm32cube.ide.mcu.externaltools.gnu-tools-for-stm32.11.3.rel1.win32_1.1.0.202305231506/tools/bin/../lib/gcc/arm-none-eabi/11.3.1/thumb/v7e-m+fp/hard\libgcc.a
LOAD C:/ST/STM32CubeIDE_1.12.0/STM32CubeIDE/plugins/com.st.stm32cube.ide.mcu.externaltools.gnu-tools-for-stm32.11.3.rel1.win32_1.1.0.202305231506/tools/bin/../lib/gcc/arm-none-eabi/11.3.1/../../../../arm-none-eabi/lib/thumb/v7e-m+fp/hard\libc_nano.a
END GROUP
START GROUP
LOAD C:/ST/STM32CubeIDE_1.12.0/STM32CubeIDE/plugins/com.st.stm32cube.ide.mcu.externaltools.gnu-tools-for-stm32.11.3.rel1.win32_1.1.0.202305231506/tools/bin/../lib/gcc/arm-none-eabi/11.3.1/thumb/v7e-m+fp/hard\libgcc.a
LOAD C:/ST/STM32CubeIDE_1.12.0/STM32CubeIDE/plugins/com.st.stm32cube.ide.mcu.externaltools.gnu-tools-for-stm32.11.3.rel1.win32_1.1.0.202305231506/tools/bin/../lib/gcc/arm-none-eabi/11.3.1/../../../../arm-none-eabi/lib/thumb/v7e-m+fp/hard\libc_nano.a
LOAD C:/ST/STM32CubeIDE_1.12.0/STM32CubeIDE/plugins/com.st.stm32cube.ide.mcu.externaltools.gnu-tools-for-stm32.11.3.rel1.win32_1.1.0.202305231506/tools/bin/../lib/gcc/arm-none-eabi/11.3.1/../../../../arm-none-eabi/lib/thumb/v7e-m+fp/hard\libnosys.a
END GROUP
START GROUP
LOAD C:/ST/STM32CubeIDE_1.12.0/STM32CubeIDE/plugins/com.st.stm32cube.ide.mcu.externaltools.gnu-tools-for-stm32.11.3.rel1.win32_1.1.0.202305231506/tools/bin/../lib/gcc/arm-none-eabi/11.3.1/thumb/v7e-m+fp/hard\libgcc.a
LOAD C:/ST/STM32CubeIDE_1.12.0/STM32CubeIDE/plugins/com.st.stm32cube.ide.mcu.externaltools.gnu-tools-for-stm32.11.3.rel1.win32_1.1.0.202305231506/tools/bin/../lib/gcc/arm-none-eabi/11.3.1/../../../../arm-none-eabi/lib/thumb/v7e-m+fp/hard\libc_nano.a
LOAD C:/ST/STM32CubeIDE_1.12.0/STM32CubeIDE/plugins/com.st.stm32cube.ide.mcu.externaltools.gnu-tools-for-stm32.11.3.rel1.win32_1.1.0.202305231506/tools/bin/../lib/gcc/arm-none-eabi/11.3.1/../../../../arm-none-eabi/lib/thumb/v7e-m+fp/hard\libnosys.a
END GROUP
LOAD C:/ST/STM32CubeIDE_1.12.0/STM32CubeIDE/plugins/com.st.stm32cube.ide.mcu.externaltools.gnu-tools-for-stm32.11.3.rel1.win32_1.1.0.202305231506/tools/bin/../lib/gcc/arm-none-eabi/11.3.1/thumb/v7e-m+fp/hard/crtend.o
LOAD C:/ST/STM32CubeIDE_1.12.0/STM32CubeIDE/plugins/com.st.stm32cube.ide.mcu.externaltools.gnu-tools-for-stm32.11.3.rel1.win32_1.1.0.202305231506/tools/bin/../lib/gcc/arm-none-eabi/11.3.1/thumb/v7e-m+fp/hard/crtn.o
                0x0000000020020000                _estack = (ORIGIN (RAM) + LENGTH (RAM))
                0x0000000000000200                _Min_Heap_Size = 0x200
                0x0000000000000400                _Min_Stack_Size = 0x400

.isr_vector     0x0000000008000000      0x198
                0x0000000008000000                . = ALIGN (0x4)
 *(.isr_vector)
 .isr_vector    0x0000000008000000      0x198 ./Core/Startup/startup_stm32f411retx.o
                0x0000000008000000                g_pfnVectors
                0x0000000008000198                . = ALIGN (0x4)

.text           0x00000000080001a0    0x11094
                0x00000000080001a0                . = ALIGN (0x4)
 *(.text)
 .text          0x00000000080001a0       0x40 C:/ST/STM32CubeIDE_1.12.0/STM32CubeIDE/plugins/com.st.stm32cube.ide.mcu.externaltools.gnu-tools-for-stm32.11.3.rel1.win32_1.1.0.202305231506/tools/bin/../lib/gcc/arm-none-eabi/11.3.1/thumb/v7e-m+fp/hard/crtbegin.o
 .text          0x00000000080001e0       0xa0 C:/ST/STM32CubeIDE_1.12.0/STM32CubeIDE/plugins/com.st.stm32cube.ide.mcu.externaltools.gnu-tools-for-stm32.11.3.rel1.win32_1.1.0.202305231506/tools/bin/../lib/gcc/arm-none-eabi/11.3.1/../../../../arm-none-eabi/lib/thumb/v7e-m+fp/hard\libc_nano.a(libc_a-memchr.o)
                0x00000000080001e0                memchr
 .text          0x0000000008000280       0x10 C:/ST/STM32CubeIDE_1.12.0/STM32CubeIDE/plugins/com.st.stm32cube.ide.mcu.externaltools.gnu-tools-for-stm32.11.3.rel1.win32_1.1.0.202305231506/tools/bin/../lib/gcc/arm-none-eabi/11.3.1/../../../../arm-none-eabi/lib/thumb/v7e-m+fp/hard\libc_nano.a(libc_a-strlen.o)
                0x0000000008000280                strlen
 .text          0x0000000008000290      0x378 C:/ST/STM32CubeIDE_1.12.0/STM32CubeIDE/plugins/com.st.stm32cube.ide.mcu.externaltools.gnu-tools-for-stm32.11.3.rel1.win32_1.1.0.202305231506/tools/bin/../lib/gcc/arm-none-eabi/11.3.1/thumb/v7e-m+fp/hard\libgcc.a(_arm_addsubdf3.o)
                0x0000000008000290                __aeabi_drsub
                0x0000000008000298                __aeabi_dsub
                0x0000000008000298                __subdf3
                0x000000000800029c                __aeabi_dadd
                0x000000000800029c                __adddf3
                0x0000000008000514                __floatunsidf
                0x0000000008000514                __aeabi_ui2d
                0x0000000008000534                __floatsidf
                0x0000000008000534                __aeabi_i2d
                0x0000000008000558                __aeabi_f2d
                0x0000000008000558                __extendsfdf2
                0x000000000800059c                __floatundidf
                0x000000000800059c                __aeabi_ul2d
                0x00000000080005ac                __floatdidf
                0x00000000080005ac                __aeabi_l2d
 .text          0x0000000008000608      0x424 C:/ST/STM32CubeIDE_1.12.0/STM32CubeIDE/plugins/com.st.stm32cube.ide.mcu.externaltools.gnu-tools-for-stm32.11.3.rel1.win32_1.1.0.202305231506/tools/bin/../lib/gcc/arm-none-eabi/11.3.1/thumb/v7e-m+fp/hard\libgcc.a(_arm_muldivdf3.o)
                0x0000000008000608                __aeabi_dmul
                0x0000000008000608                __muldf3
                0x000000000800085c                __divdf3
                0x000000000800085c                __aeabi_ddiv
 .text          0x0000000008000a2c      0x110 C:/ST/STM32CubeIDE_1.12.0/STM32CubeIDE/plugins/com.st.stm32cube.ide.mcu.externaltools.gnu-tools-for-stm32.11.3.rel1.win32_1.1.0.202305231506/tools/bin/../lib/gcc/arm-none-eabi/11.3.1/thumb/v7e-m+fp/hard\libgcc.a(_arm_cmpdf2.o)
                0x0000000008000a2c                __gtdf2
                0x0000000008000a2c                __gedf2
                0x0000000008000a34                __ltdf2
                0x0000000008000a34                __ledf2
                0x0000000008000a3c                __nedf2
                0x0000000008000a3c                __eqdf2
                0x0000000008000a3c                __cmpdf2
                0x0000000008000ab8                __aeabi_cdrcmple
                0x0000000008000ac8                __aeabi_cdcmpeq
                0x0000000008000ac8                __aeabi_cdcmple
                0x0000000008000ad8                __aeabi_dcmpeq
                0x0000000008000aec                __aeabi_dcmplt
                0x0000000008000b00                __aeabi_dcmple
                0x0000000008000b14                __aeabi_dcmpge
                0x0000000008000b28                __aeabi_dcmpgt
 .text          0x0000000008000b3c       0x2c C:/ST/STM32CubeIDE_1.12.0/STM32CubeIDE/plugins/com.st.stm32cube.ide.mcu.externaltools.gnu-tools-for-stm32.11.3.rel1.win32_1.1.0.202305231506/tools/bin/../lib/gcc/arm-none-eabi/11.3.1/thumb/v7e-m+fp/hard\libgcc.a(_arm_unorddf2.o)
                0x0000000008000b3c                __unorddf2
                0x0000000008000b3c                __aeabi_dcmpun
 .text          0x0000000008000b68       0x50 C:/ST/STM32CubeIDE_1.12.0/STM32CubeIDE/plugins/com.st.stm32cube.ide.mcu.externaltools.gnu-tools-for-stm32.11.3.rel1.win32_1.1.0.202305231506/tools/bin/../lib/gcc/arm-none-eabi/11.3.1/thumb/v7e-m+fp/hard\libgcc.a(_arm_fixdfsi.o)
                0x0000000008000b68                __aeabi_d2iz
                0x0000000008000b68                __fixdfsi
 .text          0x0000000008000bb8       0x40 C:/ST/STM32CubeIDE_1.12.0/STM32CubeIDE/plugins/com.st.stm32cube.ide.mcu.externaltools.gnu-tools-for-stm32.11.3.rel1.win32_1.1.0.202305231506/tools/bin/../lib/gcc/arm-none-eabi/11.3.1/thumb/v7e-m+fp/hard\libgcc.a(_arm_fixunsdfsi.o)
                0x0000000008000bb8                __aeabi_d2uiz
                0x0000000008000bb8                __fixunsdfsi
 .text          0x0000000008000bf8       0xa0 C:/ST/STM32CubeIDE_1.12.0/STM32CubeIDE/plugins/com.st.stm32cube.ide.mcu.externaltools.gnu-tools-for-stm32.11.3.rel1.win32_1.1.0.202305231506/tools/bin/../lib/gcc/arm-none-eabi/11.3.1/thumb/v7e-m+fp/hard\libgcc.a(_aeabi_ldivmod.o)
                0x0000000008000bf8                __aeabi_ldivmod
 .text          0x0000000008000c98       0x30 C:/ST/STM32CubeIDE_1.12.0/STM32CubeIDE/plugins/com.st.stm32cube.ide.mcu.externaltools.gnu-tools-for-stm32.11.3.rel1.win32_1.1.0.202305231506/tools/bin/../lib/gcc/arm-none-eabi/11.3.1/thumb/v7e-m+fp/hard\libgcc.a(_aeabi_uldivmod.o)
                0x0000000008000c98                __aeabi_uldivmod
 .text          0x0000000008000cc8      0x2c8 C:/ST/STM32CubeIDE_1.12.0/STM32CubeIDE/plugins/com.st.stm32cube.ide.mcu.externaltools.gnu-tools-for-stm32.11.3.rel1.win32_1.1.0.202305231506/tools/bin/../lib/gcc/arm-none-eabi/11.3.1/thumb/v7e-m+fp/hard\libgcc.a(_udivmoddi4.o)
                0x0000000008000cc8                __udivmoddi4
 .text          0x0000000008000f90        0x4 C:/ST/STM32CubeIDE_1.12.0/STM32CubeIDE/plugins/com.st.stm32cube.ide.mcu.externaltools.gnu-tools-for-stm32.11.3.rel1.win32_1.1.0.202305231506/tools/bin/../lib/gcc/arm-none-eabi/11.3.1/thumb/v7e-m+fp/hard\libgcc.a(_dvmd_tls.o)
                0x0000000008000f90                __aeabi_idiv0
                0x0000000008000f90                __aeabi_ldiv0
 *(.text*)
 .text.GFX_SetFont
                0x0000000008000f94       0x20 ./Core/Src/GFX_BW.o
                0x0000000008000f94                GFX_SetFont
 .text.GFX_DrawChar
                0x0000000008000fb4      0x174 ./Core/Src/GFX_BW.o
                0x0000000008000fb4                GFX_DrawChar
 .text.GFX_DrawString
                0x0000000008001128       0xb8 ./Core/Src/GFX_BW.o
                0x0000000008001128                GFX_DrawString
 .text.GFX_WriteLine
                0x00000000080011e0      0x11e ./Core/Src/GFX_BW.o
                0x00000000080011e0                GFX_WriteLine
 .text.GFX_DrawFastVLine
                0x00000000080012fe       0x2e ./Core/Src/GFX_BW.o
                0x00000000080012fe                GFX_DrawFastVLine
 .text.GFX_DrawFillRectangle
                0x000000000800132c       0x46 ./Core/Src/GFX_BW.o
                0x000000000800132c                GFX_DrawFillRectangle
 *fill*         0x0000000008001372        0x2 
 .text.SSD1306_Command
                0x0000000008001374       0x30 ./Core/Src/SSD1306_OLED.o
                0x0000000008001374                SSD1306_Command
 .text.SSD1306_Data
                0x00000000080013a4       0x34 ./Core/Src/SSD1306_OLED.o
                0x00000000080013a4                SSD1306_Data
 .text.SSD1306_DrawPixel
                0x00000000080013d8      0x120 ./Core/Src/SSD1306_OLED.o
                0x00000000080013d8                SSD1306_DrawPixel
 .text.SSD1306_Clear
                0x00000000080014f8       0x3c ./Core/Src/SSD1306_OLED.o
                0x00000000080014f8                SSD1306_Clear
 .text.SSD1306_Display
                0x0000000008001534       0x80 ./Core/Src/SSD1306_OLED.o
                0x0000000008001534                SSD1306_Display
 .text.SSD1306_Init
                0x00000000080015b4       0xb0 ./Core/Src/SSD1306_OLED.o
                0x00000000080015b4                SSD1306_Init
 .text.BH1750_Init
                0x0000000008001664       0x38 ./Core/Src/bh1750.o
                0x0000000008001664                BH1750_Init
 .text.BH1750_Reset
                0x000000000800169c       0x34 ./Core/Src/bh1750.o
                0x000000000800169c                BH1750_Reset
 .text.BH1750_SetMode
                0x00000000080016d0       0x64 ./Core/Src/bh1750.o
                0x00000000080016d0                BH1750_SetMode
 .text.BH1750_SetMtreg
                0x0000000008001734       0x9c ./Core/Src/bh1750.o
                0x0000000008001734                BH1750_SetMtreg
 .text.BH1750_ReadLight
                0x00000000080017d0       0xb4 ./Core/Src/bh1750.o
                0x00000000080017d0                BH1750_ReadLight
 .text.BME280_Read8
                0x0000000008001884       0x3c ./Core/Src/bme280.o
                0x0000000008001884                BME280_Read8
 .text.BME280_Read16
                0x00000000080018c0       0x44 ./Core/Src/bme280.o
                0x00000000080018c0                BME280_Read16
 .text.BME280_Read16LE
                0x0000000008001904       0x32 ./Core/Src/bme280.o
                0x0000000008001904                BME280_Read16LE
 *fill*         0x0000000008001936        0x2 
 .text.BME280_Write8
                0x0000000008001938       0x38 ./Core/Src/bme280.o
                0x0000000008001938                BME280_Write8
 .text.BME280_Read24
                0x0000000008001970       0x44 ./Core/Src/bme280.o
                0x0000000008001970                BME280_Read24
 .text.BME280_IsReadingCalibration
                0x00000000080019b4       0x28 ./Core/Src/bme280.o
                0x00000000080019b4                BME280_IsReadingCalibration
 .text.BME280_SetConfig
                0x00000000080019dc       0x3e ./Core/Src/bme280.o
                0x00000000080019dc                BME280_SetConfig
 *fill*         0x0000000008001a1a        0x2 
 .text.BME280_Init
                0x0000000008001a1c      0x2b4 ./Core/Src/bme280.o
                0x0000000008001a1c                BME280_Init
 .text.BME280_ReadTemperature
                0x0000000008001cd0      0x120 ./Core/Src/bme280.o
                0x0000000008001cd0                BME280_ReadTemperature
 .text.BME280_ReadTemperatureAndPressureAndHuminidity
                0x0000000008001df0      0x6f8 ./Core/Src/bme280.o
                0x0000000008001df0                BME280_ReadTemperatureAndPressureAndHuminidity
 .text.MX_DMA_Init
                0x00000000080024e8       0x98 ./Core/Src/dma.o
                0x00000000080024e8                MX_DMA_Init
 .text.drv8835_mode_control
                0x0000000008002580       0x38 ./Core/Src/drv8835.o
                0x0000000008002580                drv8835_mode_control
 .text.drv8835_set_motorA_direction
                0x00000000080025b8       0x38 ./Core/Src/drv8835.o
                0x00000000080025b8                drv8835_set_motorA_direction
 .text.drv8835_set_motorA_speed
                0x00000000080025f0       0x38 ./Core/Src/drv8835.o
                0x00000000080025f0                drv8835_set_motorA_speed
 .text.drv8835_init
                0x0000000008002628       0x28 ./Core/Src/drv8835.o
                0x0000000008002628                drv8835_init
 .text.MX_FREERTOS_Init
                0x0000000008002650      0x2b0 ./Core/Src/freertos.o
                0x0000000008002650                MX_FREERTOS_Init
 .text.StartTaskRTC
                0x0000000008002900      0x268 ./Core/Src/freertos.o
                0x0000000008002900                StartTaskRTC
 .text.StartTaskBme280
                0x0000000008002b68       0xe8 ./Core/Src/freertos.o
                0x0000000008002b68                StartTaskBme280
 .text.StartTaskBH1750
                0x0000000008002c50       0xc8 ./Core/Src/freertos.o
                0x0000000008002c50                StartTaskBH1750
 .text.StartTaskSSD1306
                0x0000000008002d18      0x2bc ./Core/Src/freertos.o
                0x0000000008002d18                StartTaskSSD1306
 .text.StartTaskPumpON
                0x0000000008002fd4       0x26 ./Core/Src/freertos.o
                0x0000000008002fd4                StartTaskPumpON
 .text.StartTaskPumpOFF
                0x0000000008002ffa       0x1c ./Core/Src/freertos.o
                0x0000000008002ffa                StartTaskPumpOFF
 *fill*         0x0000000008003016        0x2 
 .text.StartTaskCounterPump
                0x0000000008003018       0xb0 ./Core/Src/freertos.o
                0x0000000008003018                StartTaskCounterPump
 .text.StartTaskAlarmCounter
                0x00000000080030c8       0xb4 ./Core/Src/freertos.o
                0x00000000080030c8                StartTaskAlarmCounter
 .text.CallbackTimerBmeData
                0x000000000800317c       0x20 ./Core/Src/freertos.o
                0x000000000800317c                CallbackTimerBmeData
 .text.CallbackTimerBh1750Data
                0x000000000800319c       0x20 ./Core/Src/freertos.o
                0x000000000800319c                CallbackTimerBh1750Data
 .text.CallbackTimerRTC
                0x00000000080031bc       0x20 ./Core/Src/freertos.o
                0x00000000080031bc                CallbackTimerRTC
 .text._putchar
                0x00000000080031dc       0x40 ./Core/Src/freertos.o
                0x00000000080031dc                _putchar
 .text.MX_GPIO_Init
                0x000000000800321c      0x11c ./Core/Src/gpio.o
                0x000000000800321c                MX_GPIO_Init
 .text.MX_I2C1_Init
                0x0000000008003338       0x5c ./Core/Src/i2c.o
                0x0000000008003338                MX_I2C1_Init
 .text.HAL_I2C_MspInit
                0x0000000008003394       0x90 ./Core/Src/i2c.o
                0x0000000008003394                HAL_I2C_MspInit
 .text.main     0x0000000008003424       0x32 ./Core/Src/main.o
                0x0000000008003424                main
 *fill*         0x0000000008003456        0x2 
 .text.SystemClock_Config
                0x0000000008003458       0xd8 ./Core/Src/main.o
                0x0000000008003458                SystemClock_Config
 .text.HAL_TIM_PeriodElapsedCallback
                0x0000000008003530       0x24 ./Core/Src/main.o
                0x0000000008003530                HAL_TIM_PeriodElapsedCallback
 .text.Error_Handler
                0x0000000008003554        0xa ./Core/Src/main.o
                0x0000000008003554                Error_Handler
 .text._out_buffer
                0x000000000800355e       0x2e ./Core/Src/printf.o
 .text._out_null
                0x000000000800358c       0x1c ./Core/Src/printf.o
 .text._out_char
                0x00000000080035a8       0x26 ./Core/Src/printf.o
 .text._strnlen_s
                0x00000000080035ce       0x3a ./Core/Src/printf.o
 .text._is_digit
                0x0000000008003608       0x2e ./Core/Src/printf.o
 .text._atoi    0x0000000008003636       0x48 ./Core/Src/printf.o
 .text._out_rev
                0x000000000800367e       0xa0 ./Core/Src/printf.o
 .text._ntoa_format
                0x000000000800371e      0x1b8 ./Core/Src/printf.o
 .text._ntoa_long
                0x00000000080038d6       0xcc ./Core/Src/printf.o
 .text._ntoa_long_long
                0x00000000080039a2       0xda ./Core/Src/printf.o
 *fill*         0x0000000008003a7c        0x4 
 .text._ftoa    0x0000000008003a80      0x4ac ./Core/Src/printf.o
 *fill*         0x0000000008003f2c        0x4 
 .text._etoa    0x0000000008003f30      0x510 ./Core/Src/printf.o
 .text._vsnprintf
                0x0000000008004440      0x9ec ./Core/Src/printf.o
 .text.printf_  0x0000000008004e2c       0x38 ./Core/Src/printf.o
                0x0000000008004e2c                printf_
 .text.sprintf_
                0x0000000008004e64       0x38 ./Core/Src/printf.o
                0x0000000008004e64                sprintf_
 .text.MX_RTC_Init
                0x0000000008004e9c       0xb4 ./Core/Src/rtc.o
                0x0000000008004e9c                MX_RTC_Init
 .text.HAL_RTC_MspInit
                0x0000000008004f50       0x58 ./Core/Src/rtc.o
                0x0000000008004f50                HAL_RTC_MspInit
 .text.HAL_MspInit
                0x0000000008004fa8       0x58 ./Core/Src/stm32f4xx_hal_msp.o
                0x0000000008004fa8                HAL_MspInit
 .text.HAL_InitTick
                0x0000000008005000       0xe4 ./Core/Src/stm32f4xx_hal_timebase_tim.o
                0x0000000008005000                HAL_InitTick
 .text.NMI_Handler
                0x00000000080050e4        0x6 ./Core/Src/stm32f4xx_it.o
                0x00000000080050e4                NMI_Handler
 .text.HardFault_Handler
                0x00000000080050ea        0x6 ./Core/Src/stm32f4xx_it.o
                0x00000000080050ea                HardFault_Handler
 .text.MemManage_Handler
                0x00000000080050f0        0x6 ./Core/Src/stm32f4xx_it.o
                0x00000000080050f0                MemManage_Handler
 .text.BusFault_Handler
                0x00000000080050f6        0x6 ./Core/Src/stm32f4xx_it.o
                0x00000000080050f6                BusFault_Handler
 .text.UsageFault_Handler
                0x00000000080050fc        0x6 ./Core/Src/stm32f4xx_it.o
                0x00000000080050fc                UsageFault_Handler
 .text.DebugMon_Handler
                0x0000000008005102        0xe ./Core/Src/stm32f4xx_it.o
                0x0000000008005102                DebugMon_Handler
 .text.TIM1_UP_TIM10_IRQHandler
                0x0000000008005110       0x14 ./Core/Src/stm32f4xx_it.o
                0x0000000008005110                TIM1_UP_TIM10_IRQHandler
 .text._getpid  0x0000000008005124       0x10 ./Core/Src/syscalls.o
                0x0000000008005124                _getpid
 .text._kill    0x0000000008005134       0x20 ./Core/Src/syscalls.o
                0x0000000008005134                _kill
 .text._exit    0x0000000008005154       0x14 ./Core/Src/syscalls.o
                0x0000000008005154                _exit
 .text._read    0x0000000008005168       0x3a ./Core/Src/syscalls.o
                0x0000000008005168                _read
 .text._write   0x00000000080051a2       0x38 ./Core/Src/syscalls.o
                0x00000000080051a2                _write
 .text._close   0x00000000080051da       0x18 ./Core/Src/syscalls.o
                0x00000000080051da                _close
 .text._fstat   0x00000000080051f2       0x20 ./Core/Src/syscalls.o
                0x00000000080051f2                _fstat
 .text._isatty  0x0000000008005212       0x16 ./Core/Src/syscalls.o
                0x0000000008005212                _isatty
 .text._lseek   0x0000000008005228       0x1a ./Core/Src/syscalls.o
                0x0000000008005228                _lseek
 *fill*         0x0000000008005242        0x2 
 .text._sbrk    0x0000000008005244       0x6c ./Core/Src/sysmem.o
                0x0000000008005244                _sbrk
 .text.SystemInit
                0x00000000080052b0       0x24 ./Core/Src/system_stm32f4xx.o
                0x00000000080052b0                SystemInit
 .text.MX_TIM3_Init
                0x00000000080052d4       0xec ./Core/Src/tim.o
                0x00000000080052d4                MX_TIM3_Init
 .text.HAL_TIM_Base_MspInit
                0x00000000080053c0       0x44 ./Core/Src/tim.o
                0x00000000080053c0                HAL_TIM_Base_MspInit
 .text.HAL_TIM_MspPostInit
                0x0000000008005404       0x74 ./Core/Src/tim.o
                0x0000000008005404                HAL_TIM_MspPostInit
 .text.MX_USART2_UART_Init
                0x0000000008005478       0x54 ./Core/Src/usart.o
                0x0000000008005478                MX_USART2_UART_Init
 .text.HAL_UART_MspInit
                0x00000000080054cc       0x90 ./Core/Src/usart.o
                0x00000000080054cc                HAL_UART_MspInit
 .text.Reset_Handler
                0x000000000800555c       0x50 ./Core/Startup/startup_stm32f411retx.o
                0x000000000800555c                Reset_Handler
 .text.Default_Handler
                0x00000000080055ac        0x2 ./Core/Startup/startup_stm32f411retx.o
                0x00000000080055ac                RTC_Alarm_IRQHandler
                0x00000000080055ac                EXTI2_IRQHandler
                0x00000000080055ac                SPI4_IRQHandler
                0x00000000080055ac                TIM1_CC_IRQHandler
                0x00000000080055ac                DMA2_Stream5_IRQHandler
                0x00000000080055ac                DMA1_Stream5_IRQHandler
                0x00000000080055ac                PVD_IRQHandler
                0x00000000080055ac                SDIO_IRQHandler
                0x00000000080055ac                TAMP_STAMP_IRQHandler
                0x00000000080055ac                EXTI3_IRQHandler
                0x00000000080055ac                I2C3_ER_IRQHandler
                0x00000000080055ac                EXTI0_IRQHandler
                0x00000000080055ac                I2C2_EV_IRQHandler
                0x00000000080055ac                DMA1_Stream2_IRQHandler
                0x00000000080055ac                FPU_IRQHandler
                0x00000000080055ac                DMA2_Stream2_IRQHandler
                0x00000000080055ac                SPI1_IRQHandler
                0x00000000080055ac                TIM1_BRK_TIM9_IRQHandler
                0x00000000080055ac                DMA2_Stream3_IRQHandler
                0x00000000080055ac                USART6_IRQHandler
                0x00000000080055ac                DMA2_Stream0_IRQHandler
                0x00000000080055ac                TIM4_IRQHandler
                0x00000000080055ac                I2C1_EV_IRQHandler
                0x00000000080055ac                DMA1_Stream6_IRQHandler
                0x00000000080055ac                DMA1_Stream1_IRQHandler
                0x00000000080055ac                TIM3_IRQHandler
                0x00000000080055ac                RCC_IRQHandler
                0x00000000080055ac                Default_Handler
                0x00000000080055ac                EXTI15_10_IRQHandler
                0x00000000080055ac                ADC_IRQHandler
                0x00000000080055ac                DMA1_Stream7_IRQHandler
                0x00000000080055ac                SPI5_IRQHandler
                0x00000000080055ac                TIM5_IRQHandler
                0x00000000080055ac                DMA2_Stream7_IRQHandler
                0x00000000080055ac                I2C3_EV_IRQHandler
                0x00000000080055ac                EXTI9_5_IRQHandler
                0x00000000080055ac                RTC_WKUP_IRQHandler
                0x00000000080055ac                SPI2_IRQHandler
                0x00000000080055ac                DMA1_Stream0_IRQHandler
                0x00000000080055ac                EXTI4_IRQHandler
                0x00000000080055ac                WWDG_IRQHandler
                0x00000000080055ac                TIM2_IRQHandler
                0x00000000080055ac                OTG_FS_WKUP_IRQHandler
                0x00000000080055ac                TIM1_TRG_COM_TIM11_IRQHandler
                0x00000000080055ac                EXTI1_IRQHandler
                0x00000000080055ac                USART2_IRQHandler
                0x00000000080055ac                I2C2_ER_IRQHandler
                0x00000000080055ac                DMA2_Stream1_IRQHandler
                0x00000000080055ac                FLASH_IRQHandler
                0x00000000080055ac                DMA2_Stream4_IRQHandler
                0x00000000080055ac                USART1_IRQHandler
                0x00000000080055ac                OTG_FS_IRQHandler
                0x00000000080055ac                SPI3_IRQHandler
                0x00000000080055ac                DMA1_Stream4_IRQHandler
                0x00000000080055ac                I2C1_ER_IRQHandler
                0x00000000080055ac                DMA2_Stream6_IRQHandler
                0x00000000080055ac                DMA1_Stream3_IRQHandler
 *fill*         0x00000000080055ae        0x2 
 .text.HAL_Init
                0x00000000080055b0       0x44 ./Drivers/STM32F4xx_HAL_Driver/Src/stm32f4xx_hal.o
                0x00000000080055b0                HAL_Init
 .text.HAL_IncTick
                0x00000000080055f4       0x28 ./Drivers/STM32F4xx_HAL_Driver/Src/stm32f4xx_hal.o
                0x00000000080055f4                HAL_IncTick
 .text.HAL_GetTick
                0x000000000800561c       0x18 ./Drivers/STM32F4xx_HAL_Driver/Src/stm32f4xx_hal.o
                0x000000000800561c                HAL_GetTick
 .text.HAL_Delay
                0x0000000008005634       0x48 ./Drivers/STM32F4xx_HAL_Driver/Src/stm32f4xx_hal.o
                0x0000000008005634                HAL_Delay
 .text.__NVIC_SetPriorityGrouping
                0x000000000800567c       0x48 ./Drivers/STM32F4xx_HAL_Driver/Src/stm32f4xx_hal_cortex.o
 .text.__NVIC_GetPriorityGrouping
                0x00000000080056c4       0x1c ./Drivers/STM32F4xx_HAL_Driver/Src/stm32f4xx_hal_cortex.o
 .text.__NVIC_EnableIRQ
                0x00000000080056e0       0x3c ./Drivers/STM32F4xx_HAL_Driver/Src/stm32f4xx_hal_cortex.o
 .text.__NVIC_SetPriority
                0x000000000800571c       0x54 ./Drivers/STM32F4xx_HAL_Driver/Src/stm32f4xx_hal_cortex.o
 .text.NVIC_EncodePriority
                0x0000000008005770       0x66 ./Drivers/STM32F4xx_HAL_Driver/Src/stm32f4xx_hal_cortex.o
 .text.HAL_NVIC_SetPriorityGrouping
                0x00000000080057d6       0x16 ./Drivers/STM32F4xx_HAL_Driver/Src/stm32f4xx_hal_cortex.o
                0x00000000080057d6                HAL_NVIC_SetPriorityGrouping
 .text.HAL_NVIC_SetPriority
                0x00000000080057ec       0x38 ./Drivers/STM32F4xx_HAL_Driver/Src/stm32f4xx_hal_cortex.o
                0x00000000080057ec                HAL_NVIC_SetPriority
 .text.HAL_NVIC_EnableIRQ
                0x0000000008005824       0x1c ./Drivers/STM32F4xx_HAL_Driver/Src/stm32f4xx_hal_cortex.o
                0x0000000008005824                HAL_NVIC_EnableIRQ
 .text.HAL_DMA_Init
                0x0000000008005840      0x15c ./Drivers/STM32F4xx_HAL_Driver/Src/stm32f4xx_hal_dma.o
                0x0000000008005840                HAL_DMA_Init
 .text.DMA_CalcBaseAndBitshift
                0x000000000800599c       0x6c ./Drivers/STM32F4xx_HAL_Driver/Src/stm32f4xx_hal_dma.o
 .text.DMA_CheckFifoParam
                0x0000000008005a08       0xf8 ./Drivers/STM32F4xx_HAL_Driver/Src/stm32f4xx_hal_dma.o
 .text.HAL_GPIO_Init
                0x0000000008005b00      0x308 ./Drivers/STM32F4xx_HAL_Driver/Src/stm32f4xx_hal_gpio.o
                0x0000000008005b00                HAL_GPIO_Init
 .text.HAL_GPIO_ReadPin
                0x0000000008005e08       0x30 ./Drivers/STM32F4xx_HAL_Driver/Src/stm32f4xx_hal_gpio.o
                0x0000000008005e08                HAL_GPIO_ReadPin
 .text.HAL_GPIO_WritePin
                0x0000000008005e38       0x32 ./Drivers/STM32F4xx_HAL_Driver/Src/stm32f4xx_hal_gpio.o
                0x0000000008005e38                HAL_GPIO_WritePin
 *fill*         0x0000000008005e6a        0x2 
 .text.HAL_I2C_Init
                0x0000000008005e6c      0x288 ./Drivers/STM32F4xx_HAL_Driver/Src/stm32f4xx_hal_i2c.o
                0x0000000008005e6c                HAL_I2C_Init
 .text.HAL_I2C_Master_Transmit
                0x00000000080060f4      0x1fc ./Drivers/STM32F4xx_HAL_Driver/Src/stm32f4xx_hal_i2c.o
                0x00000000080060f4                HAL_I2C_Master_Transmit
 .text.HAL_I2C_Master_Receive
                0x00000000080062f0      0x44c ./Drivers/STM32F4xx_HAL_Driver/Src/stm32f4xx_hal_i2c.o
                0x00000000080062f0                HAL_I2C_Master_Receive
 .text.HAL_I2C_Mem_Write
                0x000000000800673c      0x1f4 ./Drivers/STM32F4xx_HAL_Driver/Src/stm32f4xx_hal_i2c.o
                0x000000000800673c                HAL_I2C_Mem_Write
 .text.HAL_I2C_Mem_Read
                0x0000000008006930      0x44c ./Drivers/STM32F4xx_HAL_Driver/Src/stm32f4xx_hal_i2c.o
                0x0000000008006930                HAL_I2C_Mem_Read
 .text.I2C_MasterRequestWrite
                0x0000000008006d7c      0x104 ./Drivers/STM32F4xx_HAL_Driver/Src/stm32f4xx_hal_i2c.o
 .text.I2C_MasterRequestRead
                0x0000000008006e80      0x19c ./Drivers/STM32F4xx_HAL_Driver/Src/stm32f4xx_hal_i2c.o
 .text.I2C_RequestMemoryWrite
                0x000000000800701c      0x12c ./Drivers/STM32F4xx_HAL_Driver/Src/stm32f4xx_hal_i2c.o
 .text.I2C_RequestMemoryRead
                0x0000000008007148      0x1d0 ./Drivers/STM32F4xx_HAL_Driver/Src/stm32f4xx_hal_i2c.o
 .text.I2C_WaitOnFlagUntilTimeout
                0x0000000008007318       0xae ./Drivers/STM32F4xx_HAL_Driver/Src/stm32f4xx_hal_i2c.o
 .text.I2C_WaitOnMasterAddressFlagUntilTimeout
                0x00000000080073c6       0xfe ./Drivers/STM32F4xx_HAL_Driver/Src/stm32f4xx_hal_i2c.o
 .text.I2C_WaitOnTXEFlagUntilTimeout
                0x00000000080074c4       0x82 ./Drivers/STM32F4xx_HAL_Driver/Src/stm32f4xx_hal_i2c.o
 .text.I2C_WaitOnBTFFlagUntilTimeout
                0x0000000008007546       0x82 ./Drivers/STM32F4xx_HAL_Driver/Src/stm32f4xx_hal_i2c.o
 .text.I2C_WaitOnRXNEFlagUntilTimeout
                0x00000000080075c8       0xac ./Drivers/STM32F4xx_HAL_Driver/Src/stm32f4xx_hal_i2c.o
 .text.I2C_IsAcknowledgeFailed
                0x0000000008007674       0x5e ./Drivers/STM32F4xx_HAL_Driver/Src/stm32f4xx_hal_i2c.o
 *fill*         0x00000000080076d2        0x2 
 .text.HAL_RCC_OscConfig
                0x00000000080076d4      0x4f0 ./Drivers/STM32F4xx_HAL_Driver/Src/stm32f4xx_hal_rcc.o
                0x00000000080076d4                HAL_RCC_OscConfig
 .text.HAL_RCC_ClockConfig
                0x0000000008007bc4      0x1cc ./Drivers/STM32F4xx_HAL_Driver/Src/stm32f4xx_hal_rcc.o
                0x0000000008007bc4                HAL_RCC_ClockConfig
 .text.HAL_RCC_GetSysClockFreq
                0x0000000008007d90      0x20c ./Drivers/STM32F4xx_HAL_Driver/Src/stm32f4xx_hal_rcc.o
                0x0000000008007d90                HAL_RCC_GetSysClockFreq
 .text.HAL_RCC_GetHCLKFreq
                0x0000000008007f9c       0x18 ./Drivers/STM32F4xx_HAL_Driver/Src/stm32f4xx_hal_rcc.o
                0x0000000008007f9c                HAL_RCC_GetHCLKFreq
 .text.HAL_RCC_GetPCLK1Freq
                0x0000000008007fb4       0x28 ./Drivers/STM32F4xx_HAL_Driver/Src/stm32f4xx_hal_rcc.o
                0x0000000008007fb4                HAL_RCC_GetPCLK1Freq
 .text.HAL_RCC_GetPCLK2Freq
                0x0000000008007fdc       0x28 ./Drivers/STM32F4xx_HAL_Driver/Src/stm32f4xx_hal_rcc.o
                0x0000000008007fdc                HAL_RCC_GetPCLK2Freq
 .text.HAL_RCC_GetClockConfig
                0x0000000008008004       0x64 ./Drivers/STM32F4xx_HAL_Driver/Src/stm32f4xx_hal_rcc.o
                0x0000000008008004                HAL_RCC_GetClockConfig
 .text.HAL_RCCEx_PeriphCLKConfig
                0x0000000008008068      0x1e0 ./Drivers/STM32F4xx_HAL_Driver/Src/stm32f4xx_hal_rcc_ex.o
                0x0000000008008068                HAL_RCCEx_PeriphCLKConfig
 .text.HAL_RTC_Init
                0x0000000008008248       0xec ./Drivers/STM32F4xx_HAL_Driver/Src/stm32f4xx_hal_rtc.o
                0x0000000008008248                HAL_RTC_Init
 .text.HAL_RTC_SetTime
                0x0000000008008334      0x134 ./Drivers/STM32F4xx_HAL_Driver/Src/stm32f4xx_hal_rtc.o
                0x0000000008008334                HAL_RTC_SetTime
 .text.HAL_RTC_GetTime
                0x0000000008008468       0xbc ./Drivers/STM32F4xx_HAL_Driver/Src/stm32f4xx_hal_rtc.o
                0x0000000008008468                HAL_RTC_GetTime
 .text.HAL_RTC_SetDate
                0x0000000008008524      0x108 ./Drivers/STM32F4xx_HAL_Driver/Src/stm32f4xx_hal_rtc.o
                0x0000000008008524                HAL_RTC_SetDate
 .text.HAL_RTC_GetDate
                0x000000000800862c       0x9e ./Drivers/STM32F4xx_HAL_Driver/Src/stm32f4xx_hal_rtc.o
                0x000000000800862c                HAL_RTC_GetDate
 .text.HAL_RTC_SetAlarm
                0x00000000080086ca      0x254 ./Drivers/STM32F4xx_HAL_Driver/Src/stm32f4xx_hal_rtc.o
                0x00000000080086ca                HAL_RTC_SetAlarm
 .text.HAL_RTC_WaitForSynchro
                0x000000000800891e       0x50 ./Drivers/STM32F4xx_HAL_Driver/Src/stm32f4xx_hal_rtc.o
                0x000000000800891e                HAL_RTC_WaitForSynchro
 .text.RTC_EnterInitMode
                0x000000000800896e       0x6e ./Drivers/STM32F4xx_HAL_Driver/Src/stm32f4xx_hal_rtc.o
                0x000000000800896e                RTC_EnterInitMode
 .text.RTC_ExitInitMode
                0x00000000080089dc       0x4a ./Drivers/STM32F4xx_HAL_Driver/Src/stm32f4xx_hal_rtc.o
                0x00000000080089dc                RTC_ExitInitMode
 .text.RTC_ByteToBcd2
                0x0000000008008a26       0x3a ./Drivers/STM32F4xx_HAL_Driver/Src/stm32f4xx_hal_rtc.o
                0x0000000008008a26                RTC_ByteToBcd2
 .text.RTC_Bcd2ToByte
                0x0000000008008a60       0x38 ./Drivers/STM32F4xx_HAL_Driver/Src/stm32f4xx_hal_rtc.o
                0x0000000008008a60                RTC_Bcd2ToByte
 .text.HAL_TIM_Base_Init
                0x0000000008008a98       0x9e ./Drivers/STM32F4xx_HAL_Driver/Src/stm32f4xx_hal_tim.o
                0x0000000008008a98                HAL_TIM_Base_Init
 *fill*         0x0000000008008b36        0x2 
 .text.HAL_TIM_Base_Start_IT
                0x0000000008008b38       0xc4 ./Drivers/STM32F4xx_HAL_Driver/Src/stm32f4xx_hal_tim.o
                0x0000000008008b38                HAL_TIM_Base_Start_IT
 .text.HAL_TIM_PWM_Init
                0x0000000008008bfc       0x9e ./Drivers/STM32F4xx_HAL_Driver/Src/stm32f4xx_hal_tim.o
                0x0000000008008bfc                HAL_TIM_PWM_Init
 .text.HAL_TIM_PWM_MspInit
                0x0000000008008c9a       0x14 ./Drivers/STM32F4xx_HAL_Driver/Src/stm32f4xx_hal_tim.o
                0x0000000008008c9a                HAL_TIM_PWM_MspInit
 *fill*         0x0000000008008cae        0x2 
 .text.HAL_TIM_PWM_Start
                0x0000000008008cb0      0x160 ./Drivers/STM32F4xx_HAL_Driver/Src/stm32f4xx_hal_tim.o
                0x0000000008008cb0                HAL_TIM_PWM_Start
 .text.HAL_TIM_IRQHandler
                0x0000000008008e10      0x210 ./Drivers/STM32F4xx_HAL_Driver/Src/stm32f4xx_hal_tim.o
                0x0000000008008e10                HAL_TIM_IRQHandler
 .text.HAL_TIM_PWM_ConfigChannel
                0x0000000008009020      0x184 ./Drivers/STM32F4xx_HAL_Driver/Src/stm32f4xx_hal_tim.o
                0x0000000008009020                HAL_TIM_PWM_ConfigChannel
 .text.HAL_TIM_ConfigClockSource
                0x00000000080091a4      0x18e ./Drivers/STM32F4xx_HAL_Driver/Src/stm32f4xx_hal_tim.o
                0x00000000080091a4                HAL_TIM_ConfigClockSource
 .text.HAL_TIM_OC_DelayElapsedCallback
                0x0000000008009332       0x14 ./Drivers/STM32F4xx_HAL_Driver/Src/stm32f4xx_hal_tim.o
                0x0000000008009332                HAL_TIM_OC_DelayElapsedCallback
 .text.HAL_TIM_IC_CaptureCallback
                0x0000000008009346       0x14 ./Drivers/STM32F4xx_HAL_Driver/Src/stm32f4xx_hal_tim.o
                0x0000000008009346                HAL_TIM_IC_CaptureCallback
 .text.HAL_TIM_PWM_PulseFinishedCallback
                0x000000000800935a       0x14 ./Drivers/STM32F4xx_HAL_Driver/Src/stm32f4xx_hal_tim.o
                0x000000000800935a                HAL_TIM_PWM_PulseFinishedCallback
 .text.HAL_TIM_TriggerCallback
                0x000000000800936e       0x14 ./Drivers/STM32F4xx_HAL_Driver/Src/stm32f4xx_hal_tim.o
                0x000000000800936e                HAL_TIM_TriggerCallback
 *fill*         0x0000000008009382        0x2 
 .text.TIM_Base_SetConfig
                0x0000000008009384      0x100 ./Drivers/STM32F4xx_HAL_Driver/Src/stm32f4xx_hal_tim.o
                0x0000000008009384                TIM_Base_SetConfig
 .text.TIM_OC1_SetConfig
                0x0000000008009484       0xcc ./Drivers/STM32F4xx_HAL_Driver/Src/stm32f4xx_hal_tim.o
 .text.TIM_OC2_SetConfig
                0x0000000008009550       0xd8 ./Drivers/STM32F4xx_HAL_Driver/Src/stm32f4xx_hal_tim.o
                0x0000000008009550                TIM_OC2_SetConfig
 .text.TIM_OC3_SetConfig
                0x0000000008009628       0xd4 ./Drivers/STM32F4xx_HAL_Driver/Src/stm32f4xx_hal_tim.o
 .text.TIM_OC4_SetConfig
                0x00000000080096fc       0xa0 ./Drivers/STM32F4xx_HAL_Driver/Src/stm32f4xx_hal_tim.o
 .text.TIM_TI1_ConfigInputStage
                0x000000000800979c       0x5e ./Drivers/STM32F4xx_HAL_Driver/Src/stm32f4xx_hal_tim.o
 .text.TIM_TI2_ConfigInputStage
                0x00000000080097fa       0x60 ./Drivers/STM32F4xx_HAL_Driver/Src/stm32f4xx_hal_tim.o
 .text.TIM_ITRx_SetConfig
                0x000000000800985a       0x36 ./Drivers/STM32F4xx_HAL_Driver/Src/stm32f4xx_hal_tim.o
 .text.TIM_ETR_SetConfig
                0x0000000008009890       0x40 ./Drivers/STM32F4xx_HAL_Driver/Src/stm32f4xx_hal_tim.o
                0x0000000008009890                TIM_ETR_SetConfig
 .text.TIM_CCxChannelCmd
                0x00000000080098d0       0x4a ./Drivers/STM32F4xx_HAL_Driver/Src/stm32f4xx_hal_tim.o
                0x00000000080098d0                TIM_CCxChannelCmd
 *fill*         0x000000000800991a        0x2 
 .text.HAL_TIMEx_MasterConfigSynchronization
                0x000000000800991c       0xdc ./Drivers/STM32F4xx_HAL_Driver/Src/stm32f4xx_hal_tim_ex.o
                0x000000000800991c                HAL_TIMEx_MasterConfigSynchronization
 .text.HAL_TIMEx_CommutCallback
                0x00000000080099f8       0x14 ./Drivers/STM32F4xx_HAL_Driver/Src/stm32f4xx_hal_tim_ex.o
                0x00000000080099f8                HAL_TIMEx_CommutCallback
 .text.HAL_TIMEx_BreakCallback
                0x0000000008009a0c       0x14 ./Drivers/STM32F4xx_HAL_Driver/Src/stm32f4xx_hal_tim_ex.o
                0x0000000008009a0c                HAL_TIMEx_BreakCallback
 .text.HAL_UART_Init
                0x0000000008009a20       0x9a ./Drivers/STM32F4xx_HAL_Driver/Src/stm32f4xx_hal_uart.o
                0x0000000008009a20                HAL_UART_Init
 .text.HAL_UART_Transmit
                0x0000000008009aba      0x124 ./Drivers/STM32F4xx_HAL_Driver/Src/stm32f4xx_hal_uart.o
                0x0000000008009aba                HAL_UART_Transmit
 .text.UART_WaitOnFlagUntilTimeout
                0x0000000008009bde       0xdc ./Drivers/STM32F4xx_HAL_Driver/Src/stm32f4xx_hal_uart.o
 *fill*         0x0000000008009cba        0x2 
 .text.UART_SetConfig
                0x0000000008009cbc      0x4e8 ./Drivers/STM32F4xx_HAL_Driver/Src/stm32f4xx_hal_uart.o
 .text.__NVIC_SetPriority
                0x000000000800a1a4       0x54 ./Middlewares/Third_Party/FreeRTOS/Source/CMSIS_RTOS_V2/cmsis_os2.o
 .text.SysTick_Handler
                0x000000000800a1f8       0x20 ./Middlewares/Third_Party/FreeRTOS/Source/CMSIS_RTOS_V2/cmsis_os2.o
                0x000000000800a1f8                SysTick_Handler
 .text.SVC_Setup
                0x000000000800a218       0x12 ./Middlewares/Third_Party/FreeRTOS/Source/CMSIS_RTOS_V2/cmsis_os2.o
 *fill*         0x000000000800a22a        0x2 
 .text.osKernelInitialize
                0x000000000800a22c       0x48 ./Middlewares/Third_Party/FreeRTOS/Source/CMSIS_RTOS_V2/cmsis_os2.o
                0x000000000800a22c                osKernelInitialize
 .text.osKernelStart
                0x000000000800a274       0x4c ./Middlewares/Third_Party/FreeRTOS/Source/CMSIS_RTOS_V2/cmsis_os2.o
                0x000000000800a274                osKernelStart
 .text.osKernelGetTickCount
                0x000000000800a2c0       0x2a ./Middlewares/Third_Party/FreeRTOS/Source/CMSIS_RTOS_V2/cmsis_os2.o
                0x000000000800a2c0                osKernelGetTickCount
 .text.osKernelGetTickFreq
                0x000000000800a2ea       0x12 ./Middlewares/Third_Party/FreeRTOS/Source/CMSIS_RTOS_V2/cmsis_os2.o
                0x000000000800a2ea                osKernelGetTickFreq
 .text.osThreadNew
                0x000000000800a2fc      0x124 ./Middlewares/Third_Party/FreeRTOS/Source/CMSIS_RTOS_V2/cmsis_os2.o
                0x000000000800a2fc                osThreadNew
 .text.osThreadYield
                0x000000000800a420       0x40 ./Middlewares/Third_Party/FreeRTOS/Source/CMSIS_RTOS_V2/cmsis_os2.o
                0x000000000800a420                osThreadYield
 .text.osThreadFlagsSet
                0x000000000800a460       0x9c ./Middlewares/Third_Party/FreeRTOS/Source/CMSIS_RTOS_V2/cmsis_os2.o
                0x000000000800a460                osThreadFlagsSet
 .text.osThreadFlagsClear
                0x000000000800a4fc       0x7c ./Middlewares/Third_Party/FreeRTOS/Source/CMSIS_RTOS_V2/cmsis_os2.o
                0x000000000800a4fc                osThreadFlagsClear
 .text.osThreadFlagsWait
                0x000000000800a578      0x102 ./Middlewares/Third_Party/FreeRTOS/Source/CMSIS_RTOS_V2/cmsis_os2.o
                0x000000000800a578                osThreadFlagsWait
 .text.osDelayUntil
                0x000000000800a67a       0x5a ./Middlewares/Third_Party/FreeRTOS/Source/CMSIS_RTOS_V2/cmsis_os2.o
                0x000000000800a67a                osDelayUntil
 .text.TimerCallback
                0x000000000800a6d4       0x2a ./Middlewares/Third_Party/FreeRTOS/Source/CMSIS_RTOS_V2/cmsis_os2.o
 *fill*         0x000000000800a6fe        0x2 
 .text.osTimerNew
                0x000000000800a700       0xf8 ./Middlewares/Third_Party/FreeRTOS/Source/CMSIS_RTOS_V2/cmsis_os2.o
                0x000000000800a700                osTimerNew
 .text.osTimerStart
                0x000000000800a7f8       0x5c ./Middlewares/Third_Party/FreeRTOS/Source/CMSIS_RTOS_V2/cmsis_os2.o
                0x000000000800a7f8                osTimerStart
 .text.osMutexNew
                0x000000000800a854      0x10c ./Middlewares/Third_Party/FreeRTOS/Source/CMSIS_RTOS_V2/cmsis_os2.o
                0x000000000800a854                osMutexNew
 .text.osMutexAcquire
                0x000000000800a960       0x96 ./Middlewares/Third_Party/FreeRTOS/Source/CMSIS_RTOS_V2/cmsis_os2.o
                0x000000000800a960                osMutexAcquire
 .text.osMutexRelease
                0x000000000800a9f6       0x7a ./Middlewares/Third_Party/FreeRTOS/Source/CMSIS_RTOS_V2/cmsis_os2.o
                0x000000000800a9f6                osMutexRelease
 .text.osSemaphoreNew
                0x000000000800aa70      0x112 ./Middlewares/Third_Party/FreeRTOS/Source/CMSIS_RTOS_V2/cmsis_os2.o
                0x000000000800aa70                osSemaphoreNew
 *fill*         0x000000000800ab82        0x2 
 .text.osSemaphoreAcquire
                0x000000000800ab84       0xa4 ./Middlewares/Third_Party/FreeRTOS/Source/CMSIS_RTOS_V2/cmsis_os2.o
                0x000000000800ab84                osSemaphoreAcquire
 .text.osSemaphoreRelease
                0x000000000800ac28       0x88 ./Middlewares/Third_Party/FreeRTOS/Source/CMSIS_RTOS_V2/cmsis_os2.o
                0x000000000800ac28                osSemaphoreRelease
 .text.osMessageQueueNew
                0x000000000800acb0       0xe6 ./Middlewares/Third_Party/FreeRTOS/Source/CMSIS_RTOS_V2/cmsis_os2.o
                0x000000000800acb0                osMessageQueueNew
 *fill*         0x000000000800ad96        0x2 
 .text.osMessageQueuePut
                0x000000000800ad98       0xc0 ./Middlewares/Third_Party/FreeRTOS/Source/CMSIS_RTOS_V2/cmsis_os2.o
                0x000000000800ad98                osMessageQueuePut
 .text.osMessageQueueGet
                0x000000000800ae58       0xbc ./Middlewares/Third_Party/FreeRTOS/Source/CMSIS_RTOS_V2/cmsis_os2.o
                0x000000000800ae58                osMessageQueueGet
 .text.vApplicationGetIdleTaskMemory
                0x000000000800af14       0x34 ./Middlewares/Third_Party/FreeRTOS/Source/CMSIS_RTOS_V2/cmsis_os2.o
                0x000000000800af14                vApplicationGetIdleTaskMemory
 .text.vApplicationGetTimerTaskMemory
                0x000000000800af48       0x34 ./Middlewares/Third_Party/FreeRTOS/Source/CMSIS_RTOS_V2/cmsis_os2.o
                0x000000000800af48                vApplicationGetTimerTaskMemory
 .text.vListInitialise
                0x000000000800af7c       0x40 ./Middlewares/Third_Party/FreeRTOS/Source/list.o
                0x000000000800af7c                vListInitialise
 .text.vListInitialiseItem
                0x000000000800afbc       0x1a ./Middlewares/Third_Party/FreeRTOS/Source/list.o
                0x000000000800afbc                vListInitialiseItem
 .text.vListInsertEnd
                0x000000000800afd6       0x48 ./Middlewares/Third_Party/FreeRTOS/Source/list.o
                0x000000000800afd6                vListInsertEnd
 .text.vListInsert
                0x000000000800b01e       0x72 ./Middlewares/Third_Party/FreeRTOS/Source/list.o
                0x000000000800b01e                vListInsert
 .text.uxListRemove
                0x000000000800b090       0x54 ./Middlewares/Third_Party/FreeRTOS/Source/list.o
                0x000000000800b090                uxListRemove
 .text.xQueueGenericReset
                0x000000000800b0e4       0xd0 ./Middlewares/Third_Party/FreeRTOS/Source/queue.o
                0x000000000800b0e4                xQueueGenericReset
 .text.xQueueGenericCreateStatic
                0x000000000800b1b4       0xf0 ./Middlewares/Third_Party/FreeRTOS/Source/queue.o
                0x000000000800b1b4                xQueueGenericCreateStatic
 .text.xQueueGenericCreate
                0x000000000800b2a4       0x74 ./Middlewares/Third_Party/FreeRTOS/Source/queue.o
                0x000000000800b2a4                xQueueGenericCreate
 .text.prvInitialiseNewQueue
                0x000000000800b318       0x46 ./Middlewares/Third_Party/FreeRTOS/Source/queue.o
 .text.prvInitialiseMutex
                0x000000000800b35e       0x34 ./Middlewares/Third_Party/FreeRTOS/Source/queue.o
 .text.xQueueCreateMutex
                0x000000000800b392       0x30 ./Middlewares/Third_Party/FreeRTOS/Source/queue.o
                0x000000000800b392                xQueueCreateMutex
 .text.xQueueCreateMutexStatic
                0x000000000800b3c2       0x36 ./Middlewares/Third_Party/FreeRTOS/Source/queue.o
                0x000000000800b3c2                xQueueCreateMutexStatic
 .text.xQueueGiveMutexRecursive
                0x000000000800b3f8       0x68 ./Middlewares/Third_Party/FreeRTOS/Source/queue.o
                0x000000000800b3f8                xQueueGiveMutexRecursive
 .text.xQueueTakeMutexRecursive
                0x000000000800b460       0x6c ./Middlewares/Third_Party/FreeRTOS/Source/queue.o
                0x000000000800b460                xQueueTakeMutexRecursive
 .text.xQueueCreateCountingSemaphoreStatic
                0x000000000800b4cc       0x6e ./Middlewares/Third_Party/FreeRTOS/Source/queue.o
                0x000000000800b4cc                xQueueCreateCountingSemaphoreStatic
 .text.xQueueCreateCountingSemaphore
                0x000000000800b53a       0x66 ./Middlewares/Third_Party/FreeRTOS/Source/queue.o
                0x000000000800b53a                xQueueCreateCountingSemaphore
 .text.xQueueGenericSend
                0x000000000800b5a0      0x1fc ./Middlewares/Third_Party/FreeRTOS/Source/queue.o
                0x000000000800b5a0                xQueueGenericSend
 .text.xQueueGenericSendFromISR
                0x000000000800b79c      0x136 ./Middlewares/Third_Party/FreeRTOS/Source/queue.o
                0x000000000800b79c                xQueueGenericSendFromISR
 .text.xQueueGiveFromISR
                0x000000000800b8d2      0x11a ./Middlewares/Third_Party/FreeRTOS/Source/queue.o
                0x000000000800b8d2                xQueueGiveFromISR
 .text.xQueueReceive
                0x000000000800b9ec      0x1c0 ./Middlewares/Third_Party/FreeRTOS/Source/queue.o
                0x000000000800b9ec                xQueueReceive
 .text.xQueueSemaphoreTake
                0x000000000800bbac      0x218 ./Middlewares/Third_Party/FreeRTOS/Source/queue.o
                0x000000000800bbac                xQueueSemaphoreTake
 .text.xQueueReceiveFromISR
                0x000000000800bdc4      0x100 ./Middlewares/Third_Party/FreeRTOS/Source/queue.o
                0x000000000800bdc4                xQueueReceiveFromISR
 .text.vQueueDelete
                0x000000000800bec4       0x46 ./Middlewares/Third_Party/FreeRTOS/Source/queue.o
                0x000000000800bec4                vQueueDelete
 .text.prvGetDisinheritPriorityAfterTimeout
                0x000000000800bf0a       0x30 ./Middlewares/Third_Party/FreeRTOS/Source/queue.o
 .text.prvCopyDataToQueue
                0x000000000800bf3a       0xd4 ./Middlewares/Third_Party/FreeRTOS/Source/queue.o
 .text.prvCopyDataFromQueue
                0x000000000800c00e       0x4c ./Middlewares/Third_Party/FreeRTOS/Source/queue.o
 .text.prvUnlockQueue
                0x000000000800c05a       0xa4 ./Middlewares/Third_Party/FreeRTOS/Source/queue.o
 .text.prvIsQueueEmpty
                0x000000000800c0fe       0x2c ./Middlewares/Third_Party/FreeRTOS/Source/queue.o
 .text.prvIsQueueFull
                0x000000000800c12a       0x30 ./Middlewares/Third_Party/FreeRTOS/Source/queue.o
 *fill*         0x000000000800c15a        0x2 
 .text.vQueueAddToRegistry
                0x000000000800c15c       0x54 ./Middlewares/Third_Party/FreeRTOS/Source/queue.o
                0x000000000800c15c                vQueueAddToRegistry
 .text.vQueueUnregisterQueue
                0x000000000800c1b0       0x54 ./Middlewares/Third_Party/FreeRTOS/Source/queue.o
                0x000000000800c1b0                vQueueUnregisterQueue
 .text.vQueueWaitForMessageRestricted
                0x000000000800c204       0x68 ./Middlewares/Third_Party/FreeRTOS/Source/queue.o
                0x000000000800c204                vQueueWaitForMessageRestricted
 .text.xTaskCreateStatic
                0x000000000800c26c       0xba ./Middlewares/Third_Party/FreeRTOS/Source/tasks.o
                0x000000000800c26c                xTaskCreateStatic
 .text.xTaskCreate
                0x000000000800c326       0x8a ./Middlewares/Third_Party/FreeRTOS/Source/tasks.o
                0x000000000800c326                xTaskCreate
 .text.prvInitialiseNewTask
                0x000000000800c3b0      0x14c ./Middlewares/Third_Party/FreeRTOS/Source/tasks.o
 .text.prvAddNewTaskToReadyList
                0x000000000800c4fc       0xe0 ./Middlewares/Third_Party/FreeRTOS/Source/tasks.o
 .text.vTaskDelayUntil
                0x000000000800c5dc       0xfc ./Middlewares/Third_Party/FreeRTOS/Source/tasks.o
                0x000000000800c5dc                vTaskDelayUntil
 .text.vTaskStartScheduler
                0x000000000800c6d8       0xe0 ./Middlewares/Third_Party/FreeRTOS/Source/tasks.o
                0x000000000800c6d8                vTaskStartScheduler
 .text.vTaskSuspendAll
                0x000000000800c7b8       0x1c ./Middlewares/Third_Party/FreeRTOS/Source/tasks.o
                0x000000000800c7b8                vTaskSuspendAll
 .text.xTaskResumeAll
                0x000000000800c7d4      0x13c ./Middlewares/Third_Party/FreeRTOS/Source/tasks.o
                0x000000000800c7d4                xTaskResumeAll
 .text.xTaskGetTickCount
                0x000000000800c910       0x20 ./Middlewares/Third_Party/FreeRTOS/Source/tasks.o
                0x000000000800c910                xTaskGetTickCount
 .text.xTaskGetTickCountFromISR
                0x000000000800c930       0x24 ./Middlewares/Third_Party/FreeRTOS/Source/tasks.o
                0x000000000800c930                xTaskGetTickCountFromISR
 .text.xTaskIncrementTick
                0x000000000800c954      0x174 ./Middlewares/Third_Party/FreeRTOS/Source/tasks.o
                0x000000000800c954                xTaskIncrementTick
 .text.vTaskSwitchContext
                0x000000000800cac8       0xc8 ./Middlewares/Third_Party/FreeRTOS/Source/tasks.o
                0x000000000800cac8                vTaskSwitchContext
 .text.vTaskPlaceOnEventList
                0x000000000800cb90       0x48 ./Middlewares/Third_Party/FreeRTOS/Source/tasks.o
                0x000000000800cb90                vTaskPlaceOnEventList
 .text.vTaskPlaceOnEventListRestricted
                0x000000000800cbd8       0x58 ./Middlewares/Third_Party/FreeRTOS/Source/tasks.o
                0x000000000800cbd8                vTaskPlaceOnEventListRestricted
 .text.xTaskRemoveFromEventList
                0x000000000800cc30       0xc8 ./Middlewares/Third_Party/FreeRTOS/Source/tasks.o
                0x000000000800cc30                xTaskRemoveFromEventList
 .text.vTaskInternalSetTimeOutState
                0x000000000800ccf8       0x2c ./Middlewares/Third_Party/FreeRTOS/Source/tasks.o
                0x000000000800ccf8                vTaskInternalSetTimeOutState
 .text.xTaskCheckForTimeOut
                0x000000000800cd24       0xc4 ./Middlewares/Third_Party/FreeRTOS/Source/tasks.o
                0x000000000800cd24                xTaskCheckForTimeOut
 .text.vTaskMissedYield
                0x000000000800cde8       0x18 ./Middlewares/Third_Party/FreeRTOS/Source/tasks.o
                0x000000000800cde8                vTaskMissedYield
 .text.prvIdleTask
                0x000000000800ce00       0x30 ./Middlewares/Third_Party/FreeRTOS/Source/tasks.o
 .text.prvInitialiseTaskLists
                0x000000000800ce30       0x80 ./Middlewares/Third_Party/FreeRTOS/Source/tasks.o
 .text.prvCheckTasksWaitingTermination
                0x000000000800ceb0       0x5c ./Middlewares/Third_Party/FreeRTOS/Source/tasks.o
 .text.prvDeleteTCB
                0x000000000800cf0c       0x68 ./Middlewares/Third_Party/FreeRTOS/Source/tasks.o
 .text.prvResetNextTaskUnblockTime
                0x000000000800cf74       0x40 ./Middlewares/Third_Party/FreeRTOS/Source/tasks.o
 .text.xTaskGetCurrentTaskHandle
                0x000000000800cfb4       0x20 ./Middlewares/Third_Party/FreeRTOS/Source/tasks.o
                0x000000000800cfb4                xTaskGetCurrentTaskHandle
 .text.xTaskGetSchedulerState
                0x000000000800cfd4       0x3c ./Middlewares/Third_Party/FreeRTOS/Source/tasks.o
                0x000000000800cfd4                xTaskGetSchedulerState
 .text.xTaskPriorityInherit
                0x000000000800d010       0xd0 ./Middlewares/Third_Party/FreeRTOS/Source/tasks.o
                0x000000000800d010                xTaskPriorityInherit
 .text.xTaskPriorityDisinherit
                0x000000000800d0e0       0xdc ./Middlewares/Third_Party/FreeRTOS/Source/tasks.o
                0x000000000800d0e0                xTaskPriorityDisinherit
 .text.vTaskPriorityDisinheritAfterTimeout
                0x000000000800d1bc      0x104 ./Middlewares/Third_Party/FreeRTOS/Source/tasks.o
                0x000000000800d1bc                vTaskPriorityDisinheritAfterTimeout
 .text.pvTaskIncrementMutexHeldCount
                0x000000000800d2c0       0x28 ./Middlewares/Third_Party/FreeRTOS/Source/tasks.o
                0x000000000800d2c0                pvTaskIncrementMutexHeldCount
 .text.xTaskNotifyWait
                0x000000000800d2e8       0xc0 ./Middlewares/Third_Party/FreeRTOS/Source/tasks.o
                0x000000000800d2e8                xTaskNotifyWait
 .text.xTaskGenericNotify
                0x000000000800d3a8      0x17c ./Middlewares/Third_Party/FreeRTOS/Source/tasks.o
                0x000000000800d3a8                xTaskGenericNotify
 .text.xTaskGenericNotifyFromISR
                0x000000000800d524      0x1c8 ./Middlewares/Third_Party/FreeRTOS/Source/tasks.o
                0x000000000800d524                xTaskGenericNotifyFromISR
 .text.prvAddCurrentTaskToDelayedList
                0x000000000800d6ec       0xa8 ./Middlewares/Third_Party/FreeRTOS/Source/tasks.o
 .text.xTimerCreateTimerTask
                0x000000000800d794       0x90 ./Middlewares/Third_Party/FreeRTOS/Source/timers.o
                0x000000000800d794                xTimerCreateTimerTask
 .text.xTimerCreate
                0x000000000800d824       0x42 ./Middlewares/Third_Party/FreeRTOS/Source/timers.o
                0x000000000800d824                xTimerCreate
 .text.xTimerCreateStatic
                0x000000000800d866       0x7c ./Middlewares/Third_Party/FreeRTOS/Source/timers.o
                0x000000000800d866                xTimerCreateStatic
 .text.prvInitialiseNewTimer
                0x000000000800d8e2       0x76 ./Middlewares/Third_Party/FreeRTOS/Source/timers.o
 .text.xTimerGenericCommand
                0x000000000800d958       0x9c ./Middlewares/Third_Party/FreeRTOS/Source/timers.o
                0x000000000800d958                xTimerGenericCommand
 .text.prvProcessExpiredTimer
                0x000000000800d9f4       0x98 ./Middlewares/Third_Party/FreeRTOS/Source/timers.o
 .text.prvTimerTask
                0x000000000800da8c       0x24 ./Middlewares/Third_Party/FreeRTOS/Source/timers.o
 .text.prvProcessTimerOrBlockTask
                0x000000000800dab0       0x9c ./Middlewares/Third_Party/FreeRTOS/Source/timers.o
 .text.prvGetNextExpireTime
                0x000000000800db4c       0x48 ./Middlewares/Third_Party/FreeRTOS/Source/timers.o
 .text.prvSampleTimeNow
                0x000000000800db94       0x40 ./Middlewares/Third_Party/FreeRTOS/Source/timers.o
 .text.prvInsertTimerInActiveList
                0x000000000800dbd4       0x84 ./Middlewares/Third_Party/FreeRTOS/Source/timers.o
 .text.prvProcessReceivedCommands
                0x000000000800dc58      0x1c4 ./Middlewares/Third_Party/FreeRTOS/Source/timers.o
 .text.prvSwitchTimerLists
                0x000000000800de1c       0xc8 ./Middlewares/Third_Party/FreeRTOS/Source/timers.o
 .text.prvCheckForValidListAndQueue
                0x000000000800dee4       0x80 ./Middlewares/Third_Party/FreeRTOS/Source/timers.o
 .text.pvTimerGetTimerID
                0x000000000800df64       0x40 ./Middlewares/Third_Party/FreeRTOS/Source/timers.o
                0x000000000800df64                pvTimerGetTimerID
 .text.pxPortInitialiseStack
                0x000000000800dfa4       0x68 ./Middlewares/Third_Party/FreeRTOS/Source/portable/GCC/ARM_CM4F/port.o
                0x000000000800dfa4                pxPortInitialiseStack
 .text.prvTaskExitError
                0x000000000800e00c       0x58 ./Middlewares/Third_Party/FreeRTOS/Source/portable/GCC/ARM_CM4F/port.o
 *fill*         0x000000000800e064        0xc 
 .text.SVC_Handler
                0x000000000800e070       0x28 ./Middlewares/Third_Party/FreeRTOS/Source/portable/GCC/ARM_CM4F/port.o
                0x000000000800e070                SVC_Handler
 .text.prvPortStartFirstTask
                0x000000000800e098       0x28 ./Middlewares/Third_Party/FreeRTOS/Source/portable/GCC/ARM_CM4F/port.o
 .text.xPortStartScheduler
                0x000000000800e0c0      0x144 ./Middlewares/Third_Party/FreeRTOS/Source/portable/GCC/ARM_CM4F/port.o
                0x000000000800e0c0                xPortStartScheduler
 .text.vPortEnterCritical
                0x000000000800e204       0x60 ./Middlewares/Third_Party/FreeRTOS/Source/portable/GCC/ARM_CM4F/port.o
                0x000000000800e204                vPortEnterCritical
 .text.vPortExitCritical
                0x000000000800e264       0x54 ./Middlewares/Third_Party/FreeRTOS/Source/portable/GCC/ARM_CM4F/port.o
                0x000000000800e264                vPortExitCritical
 *fill*         0x000000000800e2b8        0x8 
 .text.PendSV_Handler
                0x000000000800e2c0       0x68 ./Middlewares/Third_Party/FreeRTOS/Source/portable/GCC/ARM_CM4F/port.o
                0x000000000800e2c0                PendSV_Handler
 .text.xPortSysTickHandler
                0x000000000800e328       0x44 ./Middlewares/Third_Party/FreeRTOS/Source/portable/GCC/ARM_CM4F/port.o
                0x000000000800e328                xPortSysTickHandler
 .text.vPortSetupTimerInterrupt
                0x000000000800e36c       0x48 ./Middlewares/Third_Party/FreeRTOS/Source/portable/GCC/ARM_CM4F/port.o
                0x000000000800e36c                vPortSetupTimerInterrupt
 .text.vPortEnableVFP
                0x000000000800e3b4       0x14 ./Middlewares/Third_Party/FreeRTOS/Source/portable/GCC/ARM_CM4F/port.o
 .text.vPortValidateInterruptPriority
                0x000000000800e3c8       0x80 ./Middlewares/Third_Party/FreeRTOS/Source/portable/GCC/ARM_CM4F/port.o
                0x000000000800e3c8                vPortValidateInterruptPriority
 .text.pvPortMalloc
                0x000000000800e448      0x198 ./Middlewares/Third_Party/FreeRTOS/Source/portable/MemMang/heap_4.o
                0x000000000800e448                pvPortMalloc
 .text.vPortFree
                0x000000000800e5e0       0xc4 ./Middlewares/Third_Party/FreeRTOS/Source/portable/MemMang/heap_4.o
                0x000000000800e5e0                vPortFree
 .text.prvHeapInit
                0x000000000800e6a4       0xc4 ./Middlewares/Third_Party/FreeRTOS/Source/portable/MemMang/heap_4.o
 .text.prvInsertBlockIntoFreeList
                0x000000000800e768       0xb4 ./Middlewares/Third_Party/FreeRTOS/Source/portable/MemMang/heap_4.o
 .text.__cvt    0x000000000800e81c       0xc4 C:/ST/STM32CubeIDE_1.12.0/STM32CubeIDE/plugins/com.st.stm32cube.ide.mcu.externaltools.gnu-tools-for-stm32.11.3.rel1.win32_1.1.0.202305231506/tools/bin/../lib/gcc/arm-none-eabi/11.3.1/../../../../arm-none-eabi/lib/thumb/v7e-m+fp/hard\libc_nano.a(libc_a-nano-vfprintf_float.o)
                0x000000000800e81c                __cvt
 .text.__exponent
                0x000000000800e8e0       0x7c C:/ST/STM32CubeIDE_1.12.0/STM32CubeIDE/plugins/com.st.stm32cube.ide.mcu.externaltools.gnu-tools-for-stm32.11.3.rel1.win32_1.1.0.202305231506/tools/bin/../lib/gcc/arm-none-eabi/11.3.1/../../../../arm-none-eabi/lib/thumb/v7e-m+fp/hard\libc_nano.a(libc_a-nano-vfprintf_float.o)
                0x000000000800e8e0                __exponent
 .text._printf_float
                0x000000000800e95c      0x46c C:/ST/STM32CubeIDE_1.12.0/STM32CubeIDE/plugins/com.st.stm32cube.ide.mcu.externaltools.gnu-tools-for-stm32.11.3.rel1.win32_1.1.0.202305231506/tools/bin/../lib/gcc/arm-none-eabi/11.3.1/../../../../arm-none-eabi/lib/thumb/v7e-m+fp/hard\libc_nano.a(libc_a-nano-vfprintf_float.o)
                0x000000000800e95c                _printf_float
 .text._printf_common
                0x000000000800edc8       0xda C:/ST/STM32CubeIDE_1.12.0/STM32CubeIDE/plugins/com.st.stm32cube.ide.mcu.externaltools.gnu-tools-for-stm32.11.3.rel1.win32_1.1.0.202305231506/tools/bin/../lib/gcc/arm-none-eabi/11.3.1/../../../../arm-none-eabi/lib/thumb/v7e-m+fp/hard\libc_nano.a(libc_a-nano-vfprintf_i.o)
                0x000000000800edc8                _printf_common
 *fill*         0x000000000800eea2        0x2 
 .text._printf_i
                0x000000000800eea4      0x244 C:/ST/STM32CubeIDE_1.12.0/STM32CubeIDE/plugins/com.st.stm32cube.ide.mcu.externaltools.gnu-tools-for-stm32.11.3.rel1.win32_1.1.0.202305231506/tools/bin/../lib/gcc/arm-none-eabi/11.3.1/../../../../arm-none-eabi/lib/thumb/v7e-m+fp/hard\libc_nano.a(libc_a-nano-vfprintf_i.o)
                0x000000000800eea4                _printf_i
 .text.std      0x000000000800f0e8       0x48 C:/ST/STM32CubeIDE_1.12.0/STM32CubeIDE/plugins/com.st.stm32cube.ide.mcu.externaltools.gnu-tools-for-stm32.11.3.rel1.win32_1.1.0.202305231506/tools/bin/../lib/gcc/arm-none-eabi/11.3.1/../../../../arm-none-eabi/lib/thumb/v7e-m+fp/hard\libc_nano.a(libc_a-findfp.o)
 .text.stdio_exit_handler
                0x000000000800f130       0x18 C:/ST/STM32CubeIDE_1.12.0/STM32CubeIDE/plugins/com.st.stm32cube.ide.mcu.externaltools.gnu-tools-for-stm32.11.3.rel1.win32_1.1.0.202305231506/tools/bin/../lib/gcc/arm-none-eabi/11.3.1/../../../../arm-none-eabi/lib/thumb/v7e-m+fp/hard\libc_nano.a(libc_a-findfp.o)
 .text.cleanup_stdio
                0x000000000800f148       0x40 C:/ST/STM32CubeIDE_1.12.0/STM32CubeIDE/plugins/com.st.stm32cube.ide.mcu.externaltools.gnu-tools-for-stm32.11.3.rel1.win32_1.1.0.202305231506/tools/bin/../lib/gcc/arm-none-eabi/11.3.1/../../../../arm-none-eabi/lib/thumb/v7e-m+fp/hard\libc_nano.a(libc_a-findfp.o)
 .text.global_stdio_init.part.0
                0x000000000800f188       0x3c C:/ST/STM32CubeIDE_1.12.0/STM32CubeIDE/plugins/com.st.stm32cube.ide.mcu.externaltools.gnu-tools-for-stm32.11.3.rel1.win32_1.1.0.202305231506/tools/bin/../lib/gcc/arm-none-eabi/11.3.1/../../../../arm-none-eabi/lib/thumb/v7e-m+fp/hard\libc_nano.a(libc_a-findfp.o)
 .text.__sfp_lock_acquire
                0x000000000800f1c4        0xc C:/ST/STM32CubeIDE_1.12.0/STM32CubeIDE/plugins/com.st.stm32cube.ide.mcu.externaltools.gnu-tools-for-stm32.11.3.rel1.win32_1.1.0.202305231506/tools/bin/../lib/gcc/arm-none-eabi/11.3.1/../../../../arm-none-eabi/lib/thumb/v7e-m+fp/hard\libc_nano.a(libc_a-findfp.o)
                0x000000000800f1c4                __sfp_lock_acquire
 .text.__sfp_lock_release
                0x000000000800f1d0        0xc C:/ST/STM32CubeIDE_1.12.0/STM32CubeIDE/plugins/com.st.stm32cube.ide.mcu.externaltools.gnu-tools-for-stm32.11.3.rel1.win32_1.1.0.202305231506/tools/bin/../lib/gcc/arm-none-eabi/11.3.1/../../../../arm-none-eabi/lib/thumb/v7e-m+fp/hard\libc_nano.a(libc_a-findfp.o)
                0x000000000800f1d0                __sfp_lock_release
 .text.__sinit  0x000000000800f1dc       0x30 C:/ST/STM32CubeIDE_1.12.0/STM32CubeIDE/plugins/com.st.stm32cube.ide.mcu.externaltools.gnu-tools-for-stm32.11.3.rel1.win32_1.1.0.202305231506/tools/bin/../lib/gcc/arm-none-eabi/11.3.1/../../../../arm-none-eabi/lib/thumb/v7e-m+fp/hard\libc_nano.a(libc_a-findfp.o)
                0x000000000800f1dc                __sinit
 .text._fwalk_sglue
                0x000000000800f20c       0x3c C:/ST/STM32CubeIDE_1.12.0/STM32CubeIDE/plugins/com.st.stm32cube.ide.mcu.externaltools.gnu-tools-for-stm32.11.3.rel1.win32_1.1.0.202305231506/tools/bin/../lib/gcc/arm-none-eabi/11.3.1/../../../../arm-none-eabi/lib/thumb/v7e-m+fp/hard\libc_nano.a(libc_a-fwalk.o)
                0x000000000800f20c                _fwalk_sglue
 .text.__sread  0x000000000800f248       0x22 C:/ST/STM32CubeIDE_1.12.0/STM32CubeIDE/plugins/com.st.stm32cube.ide.mcu.externaltools.gnu-tools-for-stm32.11.3.rel1.win32_1.1.0.202305231506/tools/bin/../lib/gcc/arm-none-eabi/11.3.1/../../../../arm-none-eabi/lib/thumb/v7e-m+fp/hard\libc_nano.a(libc_a-stdio.o)
                0x000000000800f248                __sread
 .text.__swrite
                0x000000000800f26a       0x38 C:/ST/STM32CubeIDE_1.12.0/STM32CubeIDE/plugins/com.st.stm32cube.ide.mcu.externaltools.gnu-tools-for-stm32.11.3.rel1.win32_1.1.0.202305231506/tools/bin/../lib/gcc/arm-none-eabi/11.3.1/../../../../arm-none-eabi/lib/thumb/v7e-m+fp/hard\libc_nano.a(libc_a-stdio.o)
                0x000000000800f26a                __swrite
 .text.__sseek  0x000000000800f2a2       0x24 C:/ST/STM32CubeIDE_1.12.0/STM32CubeIDE/plugins/com.st.stm32cube.ide.mcu.externaltools.gnu-tools-for-stm32.11.3.rel1.win32_1.1.0.202305231506/tools/bin/../lib/gcc/arm-none-eabi/11.3.1/../../../../arm-none-eabi/lib/thumb/v7e-m+fp/hard\libc_nano.a(libc_a-stdio.o)
                0x000000000800f2a2                __sseek
 .text.__sclose
                0x000000000800f2c6        0x8 C:/ST/STM32CubeIDE_1.12.0/STM32CubeIDE/plugins/com.st.stm32cube.ide.mcu.externaltools.gnu-tools-for-stm32.11.3.rel1.win32_1.1.0.202305231506/tools/bin/../lib/gcc/arm-none-eabi/11.3.1/../../../../arm-none-eabi/lib/thumb/v7e-m+fp/hard\libc_nano.a(libc_a-stdio.o)
                0x000000000800f2c6                __sclose
 .text.memset   0x000000000800f2ce       0x10 C:/ST/STM32CubeIDE_1.12.0/STM32CubeIDE/plugins/com.st.stm32cube.ide.mcu.externaltools.gnu-tools-for-stm32.11.3.rel1.win32_1.1.0.202305231506/tools/bin/../lib/gcc/arm-none-eabi/11.3.1/../../../../arm-none-eabi/lib/thumb/v7e-m+fp/hard\libc_nano.a(libc_a-memset.o)
                0x000000000800f2ce                memset
 *fill*         0x000000000800f2de        0x2 
 .text._localeconv_r
                0x000000000800f2e0        0x8 C:/ST/STM32CubeIDE_1.12.0/STM32CubeIDE/plugins/com.st.stm32cube.ide.mcu.externaltools.gnu-tools-for-stm32.11.3.rel1.win32_1.1.0.202305231506/tools/bin/../lib/gcc/arm-none-eabi/11.3.1/../../../../arm-none-eabi/lib/thumb/v7e-m+fp/hard\libc_nano.a(libc_a-localeconv.o)
                0x000000000800f2e0                _localeconv_r
 .text._close_r
                0x000000000800f2e8       0x20 C:/ST/STM32CubeIDE_1.12.0/STM32CubeIDE/plugins/com.st.stm32cube.ide.mcu.externaltools.gnu-tools-for-stm32.11.3.rel1.win32_1.1.0.202305231506/tools/bin/../lib/gcc/arm-none-eabi/11.3.1/../../../../arm-none-eabi/lib/thumb/v7e-m+fp/hard\libc_nano.a(libc_a-closer.o)
                0x000000000800f2e8                _close_r
 .text._reclaim_reent
                0x000000000800f308       0xac C:/ST/STM32CubeIDE_1.12.0/STM32CubeIDE/plugins/com.st.stm32cube.ide.mcu.externaltools.gnu-tools-for-stm32.11.3.rel1.win32_1.1.0.202305231506/tools/bin/../lib/gcc/arm-none-eabi/11.3.1/../../../../arm-none-eabi/lib/thumb/v7e-m+fp/hard\libc_nano.a(libc_a-reent.o)
                0x000000000800f308                _reclaim_reent
 .text._lseek_r
                0x000000000800f3b4       0x24 C:/ST/STM32CubeIDE_1.12.0/STM32CubeIDE/plugins/com.st.stm32cube.ide.mcu.externaltools.gnu-tools-for-stm32.11.3.rel1.win32_1.1.0.202305231506/tools/bin/../lib/gcc/arm-none-eabi/11.3.1/../../../../arm-none-eabi/lib/thumb/v7e-m+fp/hard\libc_nano.a(libc_a-lseekr.o)
                0x000000000800f3b4                _lseek_r
 .text._read_r  0x000000000800f3d8       0x24 C:/ST/STM32CubeIDE_1.12.0/STM32CubeIDE/plugins/com.st.stm32cube.ide.mcu.externaltools.gnu-tools-for-stm32.11.3.rel1.win32_1.1.0.202305231506/tools/bin/../lib/gcc/arm-none-eabi/11.3.1/../../../../arm-none-eabi/lib/thumb/v7e-m+fp/hard\libc_nano.a(libc_a-readr.o)
                0x000000000800f3d8                _read_r
 .text._write_r
                0x000000000800f3fc       0x24 C:/ST/STM32CubeIDE_1.12.0/STM32CubeIDE/plugins/com.st.stm32cube.ide.mcu.externaltools.gnu-tools-for-stm32.11.3.rel1.win32_1.1.0.202305231506/tools/bin/../lib/gcc/arm-none-eabi/11.3.1/../../../../arm-none-eabi/lib/thumb/v7e-m+fp/hard\libc_nano.a(libc_a-writer.o)
                0x000000000800f3fc                _write_r
 .text.__errno  0x000000000800f420        0xc C:/ST/STM32CubeIDE_1.12.0/STM32CubeIDE/plugins/com.st.stm32cube.ide.mcu.externaltools.gnu-tools-for-stm32.11.3.rel1.win32_1.1.0.202305231506/tools/bin/../lib/gcc/arm-none-eabi/11.3.1/../../../../arm-none-eabi/lib/thumb/v7e-m+fp/hard\libc_nano.a(libc_a-errno.o)
                0x000000000800f420                __errno
 .text.__libc_init_array
                0x000000000800f42c       0x48 C:/ST/STM32CubeIDE_1.12.0/STM32CubeIDE/plugins/com.st.stm32cube.ide.mcu.externaltools.gnu-tools-for-stm32.11.3.rel1.win32_1.1.0.202305231506/tools/bin/../lib/gcc/arm-none-eabi/11.3.1/../../../../arm-none-eabi/lib/thumb/v7e-m+fp/hard\libc_nano.a(libc_a-init.o)
                0x000000000800f42c                __libc_init_array
 .text.__retarget_lock_acquire_recursive
                0x000000000800f474        0x2 C:/ST/STM32CubeIDE_1.12.0/STM32CubeIDE/plugins/com.st.stm32cube.ide.mcu.externaltools.gnu-tools-for-stm32.11.3.rel1.win32_1.1.0.202305231506/tools/bin/../lib/gcc/arm-none-eabi/11.3.1/../../../../arm-none-eabi/lib/thumb/v7e-m+fp/hard\libc_nano.a(libc_a-lock.o)
                0x000000000800f474                __retarget_lock_acquire_recursive
 .text.__retarget_lock_release_recursive
                0x000000000800f476        0x2 C:/ST/STM32CubeIDE_1.12.0/STM32CubeIDE/plugins/com.st.stm32cube.ide.mcu.externaltools.gnu-tools-for-stm32.11.3.rel1.win32_1.1.0.202305231506/tools/bin/../lib/gcc/arm-none-eabi/11.3.1/../../../../arm-none-eabi/lib/thumb/v7e-m+fp/hard\libc_nano.a(libc_a-lock.o)
                0x000000000800f476                __retarget_lock_release_recursive
 .text.memcpy   0x000000000800f478       0x1c C:/ST/STM32CubeIDE_1.12.0/STM32CubeIDE/plugins/com.st.stm32cube.ide.mcu.externaltools.gnu-tools-for-stm32.11.3.rel1.win32_1.1.0.202305231506/tools/bin/../lib/gcc/arm-none-eabi/11.3.1/../../../../arm-none-eabi/lib/thumb/v7e-m+fp/hard\libc_nano.a(libc_a-memcpy-stub.o)
                0x000000000800f478                memcpy
 .text.quorem   0x000000000800f494      0x110 C:/ST/STM32CubeIDE_1.12.0/STM32CubeIDE/plugins/com.st.stm32cube.ide.mcu.externaltools.gnu-tools-for-stm32.11.3.rel1.win32_1.1.0.202305231506/tools/bin/../lib/gcc/arm-none-eabi/11.3.1/../../../../arm-none-eabi/lib/thumb/v7e-m+fp/hard\libc_nano.a(libc_a-dtoa.o)
 *fill*         0x000000000800f5a4        0x4 
 .text._dtoa_r  0x000000000800f5a8      0xbe4 C:/ST/STM32CubeIDE_1.12.0/STM32CubeIDE/plugins/com.st.stm32cube.ide.mcu.externaltools.gnu-tools-for-stm32.11.3.rel1.win32_1.1.0.202305231506/tools/bin/../lib/gcc/arm-none-eabi/11.3.1/../../../../arm-none-eabi/lib/thumb/v7e-m+fp/hard\libc_nano.a(libc_a-dtoa.o)
                0x000000000800f5a8                _dtoa_r
 .text._free_r  0x000000000801018c       0x98 C:/ST/STM32CubeIDE_1.12.0/STM32CubeIDE/plugins/com.st.stm32cube.ide.mcu.externaltools.gnu-tools-for-stm32.11.3.rel1.win32_1.1.0.202305231506/tools/bin/../lib/gcc/arm-none-eabi/11.3.1/../../../../arm-none-eabi/lib/thumb/v7e-m+fp/hard\libc_nano.a(libc_a-freer.o)
                0x000000000801018c                _free_r
 .text.malloc   0x0000000008010224       0x10 C:/ST/STM32CubeIDE_1.12.0/STM32CubeIDE/plugins/com.st.stm32cube.ide.mcu.externaltools.gnu-tools-for-stm32.11.3.rel1.win32_1.1.0.202305231506/tools/bin/../lib/gcc/arm-none-eabi/11.3.1/../../../../arm-none-eabi/lib/thumb/v7e-m+fp/hard\libc_nano.a(libc_a-malloc.o)
                0x0000000008010224                malloc
 .text.sbrk_aligned
                0x0000000008010234       0x40 C:/ST/STM32CubeIDE_1.12.0/STM32CubeIDE/plugins/com.st.stm32cube.ide.mcu.externaltools.gnu-tools-for-stm32.11.3.rel1.win32_1.1.0.202305231506/tools/bin/../lib/gcc/arm-none-eabi/11.3.1/../../../../arm-none-eabi/lib/thumb/v7e-m+fp/hard\libc_nano.a(libc_a-mallocr.o)
 .text._malloc_r
                0x0000000008010274      0x100 C:/ST/STM32CubeIDE_1.12.0/STM32CubeIDE/plugins/com.st.stm32cube.ide.mcu.externaltools.gnu-tools-for-stm32.11.3.rel1.win32_1.1.0.202305231506/tools/bin/../lib/gcc/arm-none-eabi/11.3.1/../../../../arm-none-eabi/lib/thumb/v7e-m+fp/hard\libc_nano.a(libc_a-mallocr.o)
                0x0000000008010274                _malloc_r
 .text.__malloc_lock
                0x0000000008010374        0xc C:/ST/STM32CubeIDE_1.12.0/STM32CubeIDE/plugins/com.st.stm32cube.ide.mcu.externaltools.gnu-tools-for-stm32.11.3.rel1.win32_1.1.0.202305231506/tools/bin/../lib/gcc/arm-none-eabi/11.3.1/../../../../arm-none-eabi/lib/thumb/v7e-m+fp/hard\libc_nano.a(libc_a-mlock.o)
                0x0000000008010374                __malloc_lock
 .text.__malloc_unlock
                0x0000000008010380        0xc C:/ST/STM32CubeIDE_1.12.0/STM32CubeIDE/plugins/com.st.stm32cube.ide.mcu.externaltools.gnu-tools-for-stm32.11.3.rel1.win32_1.1.0.202305231506/tools/bin/../lib/gcc/arm-none-eabi/11.3.1/../../../../arm-none-eabi/lib/thumb/v7e-m+fp/hard\libc_nano.a(libc_a-mlock.o)
                0x0000000008010380                __malloc_unlock
 .text._Balloc  0x000000000801038c       0x80 C:/ST/STM32CubeIDE_1.12.0/STM32CubeIDE/plugins/com.st.stm32cube.ide.mcu.externaltools.gnu-tools-for-stm32.11.3.rel1.win32_1.1.0.202305231506/tools/bin/../lib/gcc/arm-none-eabi/11.3.1/../../../../arm-none-eabi/lib/thumb/v7e-m+fp/hard\libc_nano.a(libc_a-mprec.o)
                0x000000000801038c                _Balloc
 .text._Bfree   0x000000000801040c       0x44 C:/ST/STM32CubeIDE_1.12.0/STM32CubeIDE/plugins/com.st.stm32cube.ide.mcu.externaltools.gnu-tools-for-stm32.11.3.rel1.win32_1.1.0.202305231506/tools/bin/../lib/gcc/arm-none-eabi/11.3.1/../../../../arm-none-eabi/lib/thumb/v7e-m+fp/hard\libc_nano.a(libc_a-mprec.o)
                0x000000000801040c                _Bfree
 .text.__multadd
                0x0000000008010450       0x8c C:/ST/STM32CubeIDE_1.12.0/STM32CubeIDE/plugins/com.st.stm32cube.ide.mcu.externaltools.gnu-tools-for-stm32.11.3.rel1.win32_1.1.0.202305231506/tools/bin/../lib/gcc/arm-none-eabi/11.3.1/../../../../arm-none-eabi/lib/thumb/v7e-m+fp/hard\libc_nano.a(libc_a-mprec.o)
                0x0000000008010450                __multadd
 .text.__hi0bits
                0x00000000080104dc       0x40 C:/ST/STM32CubeIDE_1.12.0/STM32CubeIDE/plugins/com.st.stm32cube.ide.mcu.externaltools.gnu-tools-for-stm32.11.3.rel1.win32_1.1.0.202305231506/tools/bin/../lib/gcc/arm-none-eabi/11.3.1/../../../../arm-none-eabi/lib/thumb/v7e-m+fp/hard\libc_nano.a(libc_a-mprec.o)
                0x00000000080104dc                __hi0bits
 .text.__lo0bits
                0x000000000801051c       0x5a C:/ST/STM32CubeIDE_1.12.0/STM32CubeIDE/plugins/com.st.stm32cube.ide.mcu.externaltools.gnu-tools-for-stm32.11.3.rel1.win32_1.1.0.202305231506/tools/bin/../lib/gcc/arm-none-eabi/11.3.1/../../../../arm-none-eabi/lib/thumb/v7e-m+fp/hard\libc_nano.a(libc_a-mprec.o)
                0x000000000801051c                __lo0bits
 *fill*         0x0000000008010576        0x2 
 .text.__i2b    0x0000000008010578       0x2c C:/ST/STM32CubeIDE_1.12.0/STM32CubeIDE/plugins/com.st.stm32cube.ide.mcu.externaltools.gnu-tools-for-stm32.11.3.rel1.win32_1.1.0.202305231506/tools/bin/../lib/gcc/arm-none-eabi/11.3.1/../../../../arm-none-eabi/lib/thumb/v7e-m+fp/hard\libc_nano.a(libc_a-mprec.o)
                0x0000000008010578                __i2b
 .text.__multiply
                0x00000000080105a4      0x154 C:/ST/STM32CubeIDE_1.12.0/STM32CubeIDE/plugins/com.st.stm32cube.ide.mcu.externaltools.gnu-tools-for-stm32.11.3.rel1.win32_1.1.0.202305231506/tools/bin/../lib/gcc/arm-none-eabi/11.3.1/../../../../arm-none-eabi/lib/thumb/v7e-m+fp/hard\libc_nano.a(libc_a-mprec.o)
                0x00000000080105a4                __multiply
 .text.__pow5mult
                0x00000000080106f8       0xb4 C:/ST/STM32CubeIDE_1.12.0/STM32CubeIDE/plugins/com.st.stm32cube.ide.mcu.externaltools.gnu-tools-for-stm32.11.3.rel1.win32_1.1.0.202305231506/tools/bin/../lib/gcc/arm-none-eabi/11.3.1/../../../../arm-none-eabi/lib/thumb/v7e-m+fp/hard\libc_nano.a(libc_a-mprec.o)
                0x00000000080106f8                __pow5mult
 .text.__lshift
                0x00000000080107ac       0xd8 C:/ST/STM32CubeIDE_1.12.0/STM32CubeIDE/plugins/com.st.stm32cube.ide.mcu.externaltools.gnu-tools-for-stm32.11.3.rel1.win32_1.1.0.202305231506/tools/bin/../lib/gcc/arm-none-eabi/11.3.1/../../../../arm-none-eabi/lib/thumb/v7e-m+fp/hard\libc_nano.a(libc_a-mprec.o)
                0x00000000080107ac                __lshift
 .text.__mcmp   0x0000000008010884       0x38 C:/ST/STM32CubeIDE_1.12.0/STM32CubeIDE/plugins/com.st.stm32cube.ide.mcu.externaltools.gnu-tools-for-stm32.11.3.rel1.win32_1.1.0.202305231506/tools/bin/../lib/gcc/arm-none-eabi/11.3.1/../../../../arm-none-eabi/lib/thumb/v7e-m+fp/hard\libc_nano.a(libc_a-mprec.o)
                0x0000000008010884                __mcmp
 .text.__mdiff  0x00000000080108bc      0x114 C:/ST/STM32CubeIDE_1.12.0/STM32CubeIDE/plugins/com.st.stm32cube.ide.mcu.externaltools.gnu-tools-for-stm32.11.3.rel1.win32_1.1.0.202305231506/tools/bin/../lib/gcc/arm-none-eabi/11.3.1/../../../../arm-none-eabi/lib/thumb/v7e-m+fp/hard\libc_nano.a(libc_a-mprec.o)
                0x00000000080108bc                __mdiff
 .text.__d2b    0x00000000080109d0       0xb4 C:/ST/STM32CubeIDE_1.12.0/STM32CubeIDE/plugins/com.st.stm32cube.ide.mcu.externaltools.gnu-tools-for-stm32.11.3.rel1.win32_1.1.0.202305231506/tools/bin/../lib/gcc/arm-none-eabi/11.3.1/../../../../arm-none-eabi/lib/thumb/v7e-m+fp/hard\libc_nano.a(libc_a-mprec.o)
                0x00000000080109d0                __d2b
 .text.__sflush_r
                0x0000000008010a84      0x10c C:/ST/STM32CubeIDE_1.12.0/STM32CubeIDE/plugins/com.st.stm32cube.ide.mcu.externaltools.gnu-tools-for-stm32.11.3.rel1.win32_1.1.0.202305231506/tools/bin/../lib/gcc/arm-none-eabi/11.3.1/../../../../arm-none-eabi/lib/thumb/v7e-m+fp/hard\libc_nano.a(libc_a-fflush.o)
                0x0000000008010a84                __sflush_r
 .text._fflush_r
                0x0000000008010b90       0x50 C:/ST/STM32CubeIDE_1.12.0/STM32CubeIDE/plugins/com.st.stm32cube.ide.mcu.externaltools.gnu-tools-for-stm32.11.3.rel1.win32_1.1.0.202305231506/tools/bin/../lib/gcc/arm-none-eabi/11.3.1/../../../../arm-none-eabi/lib/thumb/v7e-m+fp/hard\libc_nano.a(libc_a-fflush.o)
                0x0000000008010b90                _fflush_r
 .text._sbrk_r  0x0000000008010be0       0x20 C:/ST/STM32CubeIDE_1.12.0/STM32CubeIDE/plugins/com.st.stm32cube.ide.mcu.externaltools.gnu-tools-for-stm32.11.3.rel1.win32_1.1.0.202305231506/tools/bin/../lib/gcc/arm-none-eabi/11.3.1/../../../../arm-none-eabi/lib/thumb/v7e-m+fp/hard\libc_nano.a(libc_a-sbrkr.o)
                0x0000000008010be0                _sbrk_r
 .text.__assert_func
                0x0000000008010c00       0x3c C:/ST/STM32CubeIDE_1.12.0/STM32CubeIDE/plugins/com.st.stm32cube.ide.mcu.externaltools.gnu-tools-for-stm32.11.3.rel1.win32_1.1.0.202305231506/tools/bin/../lib/gcc/arm-none-eabi/11.3.1/../../../../arm-none-eabi/lib/thumb/v7e-m+fp/hard\libc_nano.a(libc_a-assert.o)
                0x0000000008010c00                __assert_func
 .text._calloc_r
                0x0000000008010c3c       0x2c C:/ST/STM32CubeIDE_1.12.0/STM32CubeIDE/plugins/com.st.stm32cube.ide.mcu.externaltools.gnu-tools-for-stm32.11.3.rel1.win32_1.1.0.202305231506/tools/bin/../lib/gcc/arm-none-eabi/11.3.1/../../../../arm-none-eabi/lib/thumb/v7e-m+fp/hard\libc_nano.a(libc_a-callocr.o)
                0x0000000008010c3c                _calloc_r
 .text.__ascii_mbtowc
                0x0000000008010c68       0x24 C:/ST/STM32CubeIDE_1.12.0/STM32CubeIDE/plugins/com.st.stm32cube.ide.mcu.externaltools.gnu-tools-for-stm32.11.3.rel1.win32_1.1.0.202305231506/tools/bin/../lib/gcc/arm-none-eabi/11.3.1/../../../../arm-none-eabi/lib/thumb/v7e-m+fp/hard\libc_nano.a(libc_a-mbtowc_r.o)
                0x0000000008010c68                __ascii_mbtowc
 .text.__ascii_wctomb
                0x0000000008010c8c       0x1a C:/ST/STM32CubeIDE_1.12.0/STM32CubeIDE/plugins/com.st.stm32cube.ide.mcu.externaltools.gnu-tools-for-stm32.11.3.rel1.win32_1.1.0.202305231506/tools/bin/../lib/gcc/arm-none-eabi/11.3.1/../../../../arm-none-eabi/lib/thumb/v7e-m+fp/hard\libc_nano.a(libc_a-wctomb_r.o)
                0x0000000008010c8c                __ascii_wctomb
 *fill*         0x0000000008010ca6        0x2 
 .text.fprintf  0x0000000008010ca8       0x24 C:/ST/STM32CubeIDE_1.12.0/STM32CubeIDE/plugins/com.st.stm32cube.ide.mcu.externaltools.gnu-tools-for-stm32.11.3.rel1.win32_1.1.0.202305231506/tools/bin/../lib/gcc/arm-none-eabi/11.3.1/../../../../arm-none-eabi/lib/thumb/v7e-m+fp/hard\libc_nano.a(libc_a-fprintf.o)
                0x0000000008010ca8                fiprintf
                0x0000000008010ca8                fprintf
 .text.abort    0x0000000008010ccc        0xe C:/ST/STM32CubeIDE_1.12.0/STM32CubeIDE/plugins/com.st.stm32cube.ide.mcu.externaltools.gnu-tools-for-stm32.11.3.rel1.win32_1.1.0.202305231506/tools/bin/../lib/gcc/arm-none-eabi/11.3.1/../../../../arm-none-eabi/lib/thumb/v7e-m+fp/hard\libc_nano.a(libc_a-abort.o)
                0x0000000008010ccc                abort
 .text.__sfputc_r
                0x0000000008010cda       0x2e C:/ST/STM32CubeIDE_1.12.0/STM32CubeIDE/plugins/com.st.stm32cube.ide.mcu.externaltools.gnu-tools-for-stm32.11.3.rel1.win32_1.1.0.202305231506/tools/bin/../lib/gcc/arm-none-eabi/11.3.1/../../../../arm-none-eabi/lib/thumb/v7e-m+fp/hard\libc_nano.a(libc_a-nano-vfprintf.o)
 .text.__sfputs_r
                0x0000000008010d08       0x24 C:/ST/STM32CubeIDE_1.12.0/STM32CubeIDE/plugins/com.st.stm32cube.ide.mcu.externaltools.gnu-tools-for-stm32.11.3.rel1.win32_1.1.0.202305231506/tools/bin/../lib/gcc/arm-none-eabi/11.3.1/../../../../arm-none-eabi/lib/thumb/v7e-m+fp/hard\libc_nano.a(libc_a-nano-vfprintf.o)
                0x0000000008010d08                __sfputs_r
 .text._vfprintf_r
                0x0000000008010d2c      0x234 C:/ST/STM32CubeIDE_1.12.0/STM32CubeIDE/plugins/com.st.stm32cube.ide.mcu.externaltools.gnu-tools-for-stm32.11.3.rel1.win32_1.1.0.202305231506/tools/bin/../lib/gcc/arm-none-eabi/11.3.1/../../../../arm-none-eabi/lib/thumb/v7e-m+fp/hard\libc_nano.a(libc_a-nano-vfprintf.o)
                0x0000000008010d2c                _vfprintf_r
                0x0000000008010d2c                _vfiprintf_r
 .text.__swbuf_r
                0x0000000008010f60       0x7a C:/ST/STM32CubeIDE_1.12.0/STM32CubeIDE/plugins/com.st.stm32cube.ide.mcu.externaltools.gnu-tools-for-stm32.11.3.rel1.win32_1.1.0.202305231506/tools/bin/../lib/gcc/arm-none-eabi/11.3.1/../../../../arm-none-eabi/lib/thumb/v7e-m+fp/hard\libc_nano.a(libc_a-wbuf.o)
                0x0000000008010f60                __swbuf_r
 *fill*         0x0000000008010fda        0x2 
 .text.__swsetup_r
                0x0000000008010fdc       0xb0 C:/ST/STM32CubeIDE_1.12.0/STM32CubeIDE/plugins/com.st.stm32cube.ide.mcu.externaltools.gnu-tools-for-stm32.11.3.rel1.win32_1.1.0.202305231506/tools/bin/../lib/gcc/arm-none-eabi/11.3.1/../../../../arm-none-eabi/lib/thumb/v7e-m+fp/hard\libc_nano.a(libc_a-wsetup.o)
                0x0000000008010fdc                __swsetup_r
 .text._raise_r
                0x000000000801108c       0x50 C:/ST/STM32CubeIDE_1.12.0/STM32CubeIDE/plugins/com.st.stm32cube.ide.mcu.externaltools.gnu-tools-for-stm32.11.3.rel1.win32_1.1.0.202305231506/tools/bin/../lib/gcc/arm-none-eabi/11.3.1/../../../../arm-none-eabi/lib/thumb/v7e-m+fp/hard\libc_nano.a(libc_a-signal.o)
                0x000000000801108c                _raise_r